Archive member included to satisfy reference by file (symbol)

/home/odemki/st/stm32cubeide_1.8.0_2/plugins/com.st.stm32cube.ide.mcu.externaltools.gnu-tools-for-stm32.10.3-2021.10.linux64_1.0.0.202111181127/tools/bin/../lib/gcc/arm-none-eabi/10.3.1/../../../../arm-none-eabi/lib/thumb/v7-m/nofp/libc_nano.a(lib_a-errno.o)
                              ./Core/Src/syscalls.o (__errno)
/home/odemki/st/stm32cubeide_1.8.0_2/plugins/com.st.stm32cube.ide.mcu.externaltools.gnu-tools-for-stm32.10.3-2021.10.linux64_1.0.0.202111181127/tools/bin/../lib/gcc/arm-none-eabi/10.3.1/../../../../arm-none-eabi/lib/thumb/v7-m/nofp/libc_nano.a(lib_a-exit.o)
                              /home/odemki/st/stm32cubeide_1.8.0_2/plugins/com.st.stm32cube.ide.mcu.externaltools.gnu-tools-for-stm32.10.3-2021.10.linux64_1.0.0.202111181127/tools/bin/../lib/gcc/arm-none-eabi/10.3.1/../../../../arm-none-eabi/lib/thumb/v7-m/nofp/crt0.o (exit)
/home/odemki/st/stm32cubeide_1.8.0_2/plugins/com.st.stm32cube.ide.mcu.externaltools.gnu-tools-for-stm32.10.3-2021.10.linux64_1.0.0.202111181127/tools/bin/../lib/gcc/arm-none-eabi/10.3.1/../../../../arm-none-eabi/lib/thumb/v7-m/nofp/libc_nano.a(lib_a-findfp.o)
                              ./Middlewares/Third_Party/FreeRTOS/Source/tasks.o (__sf_fake_stderr)
/home/odemki/st/stm32cubeide_1.8.0_2/plugins/com.st.stm32cube.ide.mcu.externaltools.gnu-tools-for-stm32.10.3-2021.10.linux64_1.0.0.202111181127/tools/bin/../lib/gcc/arm-none-eabi/10.3.1/../../../../arm-none-eabi/lib/thumb/v7-m/nofp/libc_nano.a(lib_a-fwalk.o)
                              /home/odemki/st/stm32cubeide_1.8.0_2/plugins/com.st.stm32cube.ide.mcu.externaltools.gnu-tools-for-stm32.10.3-2021.10.linux64_1.0.0.202111181127/tools/bin/../lib/gcc/arm-none-eabi/10.3.1/../../../../arm-none-eabi/lib/thumb/v7-m/nofp/libc_nano.a(lib_a-findfp.o) (_fwalk)
/home/odemki/st/stm32cubeide_1.8.0_2/plugins/com.st.stm32cube.ide.mcu.externaltools.gnu-tools-for-stm32.10.3-2021.10.linux64_1.0.0.202111181127/tools/bin/../lib/gcc/arm-none-eabi/10.3.1/../../../../arm-none-eabi/lib/thumb/v7-m/nofp/libc_nano.a(lib_a-impure.o)
                              /home/odemki/st/stm32cubeide_1.8.0_2/plugins/com.st.stm32cube.ide.mcu.externaltools.gnu-tools-for-stm32.10.3-2021.10.linux64_1.0.0.202111181127/tools/bin/../lib/gcc/arm-none-eabi/10.3.1/../../../../arm-none-eabi/lib/thumb/v7-m/nofp/libc_nano.a(lib_a-exit.o) (_global_impure_ptr)
/home/odemki/st/stm32cubeide_1.8.0_2/plugins/com.st.stm32cube.ide.mcu.externaltools.gnu-tools-for-stm32.10.3-2021.10.linux64_1.0.0.202111181127/tools/bin/../lib/gcc/arm-none-eabi/10.3.1/../../../../arm-none-eabi/lib/thumb/v7-m/nofp/libc_nano.a(lib_a-init.o)
                              /home/odemki/st/stm32cubeide_1.8.0_2/plugins/com.st.stm32cube.ide.mcu.externaltools.gnu-tools-for-stm32.10.3-2021.10.linux64_1.0.0.202111181127/tools/bin/../lib/gcc/arm-none-eabi/10.3.1/../../../../arm-none-eabi/lib/thumb/v7-m/nofp/crt0.o (__libc_init_array)
/home/odemki/st/stm32cubeide_1.8.0_2/plugins/com.st.stm32cube.ide.mcu.externaltools.gnu-tools-for-stm32.10.3-2021.10.linux64_1.0.0.202111181127/tools/bin/../lib/gcc/arm-none-eabi/10.3.1/../../../../arm-none-eabi/lib/thumb/v7-m/nofp/libc_nano.a(lib_a-itoa.o)
                              ./Core/Src/main.o (itoa)
/home/odemki/st/stm32cubeide_1.8.0_2/plugins/com.st.stm32cube.ide.mcu.externaltools.gnu-tools-for-stm32.10.3-2021.10.linux64_1.0.0.202111181127/tools/bin/../lib/gcc/arm-none-eabi/10.3.1/../../../../arm-none-eabi/lib/thumb/v7-m/nofp/libc_nano.a(lib_a-lock.o)
                              /home/odemki/st/stm32cubeide_1.8.0_2/plugins/com.st.stm32cube.ide.mcu.externaltools.gnu-tools-for-stm32.10.3-2021.10.linux64_1.0.0.202111181127/tools/bin/../lib/gcc/arm-none-eabi/10.3.1/../../../../arm-none-eabi/lib/thumb/v7-m/nofp/libc_nano.a(lib_a-findfp.o) (__retarget_lock_init_recursive)
/home/odemki/st/stm32cubeide_1.8.0_2/plugins/com.st.stm32cube.ide.mcu.externaltools.gnu-tools-for-stm32.10.3-2021.10.linux64_1.0.0.202111181127/tools/bin/../lib/gcc/arm-none-eabi/10.3.1/../../../../arm-none-eabi/lib/thumb/v7-m/nofp/libc_nano.a(lib_a-memcpy-stub.o)
                              ./Middlewares/Third_Party/FreeRTOS/Source/CMSIS_RTOS_V2/cmsis_os2.o (memcpy)
/home/odemki/st/stm32cubeide_1.8.0_2/plugins/com.st.stm32cube.ide.mcu.externaltools.gnu-tools-for-stm32.10.3-2021.10.linux64_1.0.0.202111181127/tools/bin/../lib/gcc/arm-none-eabi/10.3.1/../../../../arm-none-eabi/lib/thumb/v7-m/nofp/libc_nano.a(lib_a-memset.o)
                              /home/odemki/st/stm32cubeide_1.8.0_2/plugins/com.st.stm32cube.ide.mcu.externaltools.gnu-tools-for-stm32.10.3-2021.10.linux64_1.0.0.202111181127/tools/bin/../lib/gcc/arm-none-eabi/10.3.1/../../../../arm-none-eabi/lib/thumb/v7-m/nofp/crt0.o (memset)
[...]
Memory Configuration

Name             Origin             Length             Attributes
RAM              0x0000000020000000 0x0000000000005000 xrw
FLASH            0x0000000008000000 0x0000000000010000 xr
*default*        0x0000000000000000 0xffffffffffffffff

Linker script and memory map

LOAD /home/odemki/st/stm32cubeide_1.8.0_2/plugins/com.st.stm32cube.ide.mcu.externaltools.gnu-tools-for-stm32.10.3-2021.10.linux64_1.0.0.202111181127/tools/bin/../lib/gcc/arm-none-eabi/10.3.1/thumb/v7-m/nofp/crti.o
LOAD /home/odemki/st/stm32cubeide_1.8.0_2/plugins/com.st.stm32cube.ide.mcu.externaltools.gnu-tools-for-stm32.10.3-2021.10.linux64_1.0.0.202111181127/tools/bin/../lib/gcc/arm-none-eabi/10.3.1/thumb/v7-m/nofp/crtbegin.o
LOAD /home/odemki/st/stm32cubeide_1.8.0_2/plugins/com.st.stm32cube.ide.mcu.externaltools.gnu-tools-for-stm32.10.3-2021.10.linux64_1.0.0.202111181127/tools/bin/../lib/gcc/arm-none-eabi/10.3.1/../../../../arm-none-eabi/lib/thumb/v7-m/nofp/crt0.o
LOAD ./Core/Src/ILI9341/ILI9341_GFX.o
LOAD ./Core/Src/ILI9341/ILI9341_STM32_Driver.o
LOAD ./Core/Src/ILI9341/ILI9341_Touchscreen.o
LOAD ./Core/Src/bme280/bme280.o
LOAD ./Core/Src/ds3231/ds3231.o
LOAD ./Core/Src/freertos.o
LOAD ./Core/Src/main.o
LOAD ./Core/Src/stm32f1xx_hal_msp.o
LOAD ./Core/Src/stm32f1xx_hal_timebase_tim.o
LOAD ./Core/Src/stm32f1xx_it.o
LOAD ./Core/Src/syscalls.o
LOAD ./Core/Src/sysmem.o
LOAD ./Core/Src/system_stm32f1xx.o
LOAD ./Core/Startup/startup_stm32f103c8tx.o
LOAD ./Drivers/STM32F1xx_HAL_Driver/Src/stm32f1xx_hal.o
LOAD ./Drivers/STM32F1xx_HAL_Driver/Src/stm32f1xx_hal_cortex.o
LOAD ./Drivers/STM32F1xx_HAL_Driver/Src/stm32f1xx_hal_dma.o
LOAD ./Drivers/STM32F1xx_HAL_Driver/Src/stm32f1xx_hal_exti.o
LOAD ./Drivers/STM32F1xx_HAL_Driver/Src/stm32f1xx_hal_flash.o
LOAD ./Drivers/STM32F1xx_HAL_Driver/Src/stm32f1xx_hal_flash_ex.o
LOAD ./Drivers/STM32F1xx_HAL_Driver/Src/stm32f1xx_hal_gpio.o
LOAD ./Drivers/STM32F1xx_HAL_Driver/Src/stm32f1xx_hal_gpio_ex.o
LOAD ./Drivers/STM32F1xx_HAL_Driver/Src/stm32f1xx_hal_i2c.o
LOAD ./Drivers/STM32F1xx_HAL_Driver/Src/stm32f1xx_hal_pwr.o
LOAD ./Drivers/STM32F1xx_HAL_Driver/Src/stm32f1xx_hal_rcc.o
LOAD ./Drivers/STM32F1xx_HAL_Driver/Src/stm32f1xx_hal_rcc_ex.o
LOAD ./Drivers/STM32F1xx_HAL_Driver/Src/stm32f1xx_hal_spi.o
LOAD ./Drivers/STM32F1xx_HAL_Driver/Src/stm32f1xx_hal_tim.o
LOAD ./Drivers/STM32F1xx_HAL_Driver/Src/stm32f1xx_hal_tim_ex.o
LOAD ./Drivers/STM32F1xx_HAL_Driver/Src/stm32f1xx_hal_uart.o
LOAD ./Middlewares/Third_Party/FreeRTOS/Source/CMSIS_RTOS_V2/cmsis_os2.o
LOAD ./Middlewares/Third_Party/FreeRTOS/Source/croutine.o
LOAD ./Middlewares/Third_Party/FreeRTOS/Source/event_groups.o
LOAD ./Middlewares/Third_Party/FreeRTOS/Source/list.o
LOAD ./Middlewares/Third_Party/FreeRTOS/Source/queue.o
LOAD ./Middlewares/Third_Party/FreeRTOS/Source/stream_buffer.o
LOAD ./Middlewares/Third_Party/FreeRTOS/Source/tasks.o
LOAD ./Middlewares/Third_Party/FreeRTOS/Source/timers.o
LOAD ./Middlewares/Third_Party/FreeRTOS/Source/portable/GCC/ARM_CM3/port.o
LOAD ./Middlewares/Third_Party/FreeRTOS/Source/portable/MemMang/heap_4.o
START GROUP
LOAD /home/odemki/st/stm32cubeide_1.8.0_2/plugins/com.st.stm32cube.ide.mcu.externaltools.gnu-tools-for-stm32.10.3-2021.10.linux64_1.0.0.202111181127/tools/bin/../lib/gcc/arm-none-eabi/10.3.1/../../../../arm-none-eabi/lib/thumb/v7-m/nofp/libc_nano.a
LOAD /home/odemki/st/stm32cubeide_1.8.0_2/plugins/com.st.stm32cube.ide.mcu.externaltools.gnu-tools-for-stm32.10.3-2021.10.linux64_1.0.0.202111181127/tools/bin/../lib/gcc/arm-none-eabi/10.3.1/../../../../arm-none-eabi/lib/thumb/v7-m/nofp/libm.a
END GROUP
START GROUP
LOAD /home/odemki/st/stm32cubeide_1.8.0_2/plugins/com.st.stm32cube.ide.mcu.externaltools.gnu-tools-for-stm32.10.3-2021.10.linux64_1.0.0.202111181127/tools/bin/../lib/gcc/arm-none-eabi/10.3.1/thumb/v7-m/nofp/libgcc.a
LOAD /home/odemki/st/stm32cubeide_1.8.0_2/plugins/com.st.stm32cube.ide.mcu.externaltools.gnu-tools-for-stm32.10.3-2021.10.linux64_1.0.0.202111181127/tools/bin/../lib/gcc/arm-none-eabi/10.3.1/../../../../arm-none-eabi/lib/thumb/v7-m/nofp/libc_nano.a
END GROUP
START GROUP
LOAD /home/odemki/st/stm32cubeide_1.8.0_2/plugins/com.st.stm32cube.ide.mcu.externaltools.gnu-tools-for-stm32.10.3-2021.10.linux64_1.0.0.202111181127/tools/bin/../lib/gcc/arm-none-eabi/10.3.1/thumb/v7-m/nofp/libgcc.a
LOAD /home/odemki/st/stm32cubeide_1.8.0_2/plugins/com.st.stm32cube.ide.mcu.externaltools.gnu-tools-for-stm32.10.3-2021.10.linux64_1.0.0.202111181127/tools/bin/../lib/gcc/arm-none-eabi/10.3.1/../../../../arm-none-eabi/lib/thumb/v7-m/nofp/libc_nano.a
LOAD /home/odemki/st/stm32cubeide_1.8.0_2/plugins/com.st.stm32cube.ide.mcu.externaltools.gnu-tools-for-stm32.10.3-2021.10.linux64_1.0.0.202111181127/tools/bin/../lib/gcc/arm-none-eabi/10.3.1/../../../../arm-none-eabi/lib/thumb/v7-m/nofp/libnosys.a
END GROUP
START GROUP
LOAD /home/odemki/st/stm32cubeide_1.8.0_2/plugins/com.st.stm32cube.ide.mcu.externaltools.gnu-tools-for-stm32.10.3-2021.10.linux64_1.0.0.202111181127/tools/bin/../lib/gcc/arm-none-eabi/10.3.1/thumb/v7-m/nofp/libgcc.a
LOAD /home/odemki/st/stm32cubeide_1.8.0_2/plugins/com.st.stm32cube.ide.mcu.externaltools.gnu-tools-for-stm32.10.3-2021.10.linux64_1.0.0.202111181127/tools/bin/../lib/gcc/arm-none-eabi/10.3.1/../../../../arm-none-eabi/lib/thumb/v7-m/nofp/libc_nano.a
LOAD /home/odemki/st/stm32cubeide_1.8.0_2/plugins/com.st.stm32cube.ide.mcu.externaltools.gnu-tools-for-stm32.10.3-2021.10.linux64_1.0.0.202111181127/tools/bin/../lib/gcc/arm-none-eabi/10.3.1/../../../../arm-none-eabi/lib/thumb/v7-m/nofp/libnosys.a
END GROUP
LOAD /home/odemki/st/stm32cubeide_1.8.0_2/plugins/com.st.stm32cube.ide.mcu.externaltools.gnu-tools-for-stm32.10.3-2021.10.linux64_1.0.0.202111181127/tools/bin/../lib/gcc/arm-none-eabi/10.3.1/thumb/v7-m/nofp/crtend.o
LOAD /home/odemki/st/stm32cubeide_1.8.0_2/plugins/com.st.stm32cube.ide.mcu.externaltools.gnu-tools-for-stm32.10.3-2021.10.linux64_1.0.0.202111181127/tools/bin/../lib/gcc/arm-none-eabi/10.3.1/thumb/v7-m/nofp/crtn.o
                0x0000000020005000                _estack = (ORIGIN (RAM) + LENGTH (RAM))
                0x0000000000000200                _Min_Heap_Size = 0x200
                0x0000000000000400                _Min_Stack_Size = 0x400

.isr_vector     0x0000000008000000      0x10c
                0x0000000008000000                . = ALIGN (0x4)
 *(.isr_vector)
 .isr_vector    0x0000000008000000      0x10c ./Core/Startup/startup_stm32f103c8tx.o
                0x0000000008000000                g_pfnVectors
                0x000000000800010c                . = ALIGN (0x4)

.text           0x0000000008000110     0xbe00
                0x0000000008000110                . = ALIGN (0x4)
 *(.text)
 .text          0x0000000008000110       0x40 /home/odemki/st/stm32cubeide_1.8.0_2/plugins/com.st.stm32cube.ide.mcu.externaltools.gnu-tools-for-stm32.10.3-2021.10.linux64_1.0.0.202111181127/tools/bin/../lib/gcc/arm-none-eabi/10.3.1/thumb/v7-m/nofp/crtbegin.o
 .text          0x0000000008000150       0x10 /home/odemki/st/stm32cubeide_1.8.0_2/plugins/com.st.stm32cube.ide.mcu.externaltools.gnu-tools-for-stm32.10.3-2021.10.linux64_1.0.0.202111181127/tools/bin/../lib/gcc/arm-none-eabi/10.3.1/../../../../arm-none-eabi/lib/thumb/v7-m/nofp/libc_nano.a(lib_a-strlen.o)
                0x0000000008000150                strlen
 .text          0x0000000008000160      0x21c /home/odemki/st/stm32cubeide_1.8.0_2/plugins/com.st.stm32cube.ide.mcu.externaltools.gnu-tools-for-stm32.10.3-2021.10.linux64_1.0.0.202111181127/tools/bin/../lib/gcc/arm-none-eabi/10.3.1/thumb/v7-m/nofp/libgcc.a(_arm_addsubsf3.o)
                0x0000000008000160                __aeabi_frsub
                0x0000000008000168                __subsf3
                0x0000000008000168                __aeabi_fsub
                0x000000000800016c                __aeabi_fadd
                0x000000000800016c                __addsf3
                0x00000000080002cc                __aeabi_ui2f
                0x00000000080002cc                __floatunsisf
                0x00000000080002d4                __aeabi_i2f
                0x00000000080002d4                __floatsisf
                0x00000000080002f0                __floatundisf
                0x00000000080002f0                __aeabi_ul2f
                0x0000000008000300                __floatdisf
                0x0000000008000300                __aeabi_l2f
 .text          0x000000000800037c      0x2a0 /home/odemki/st/stm32cubeide_1.8.0_2/plugins/com.st.stm32cube.ide.mcu.externaltools.gnu-tools-for-stm32.10.3-2021.10.linux64_1.0.0.202111181127/tools/bin/../lib/gcc/arm-none-eabi/10.3.1/thumb/v7-m/nofp/libgcc.a(_arm_muldivsf3.o)
                0x000000000800037c                __mulsf3
                0x000000000800037c                __aeabi_fmul
                0x00000000080004e4                __divsf3
                0x00000000080004e4                __aeabi_fdiv
 .text          0x000000000800061c       0xec /home/odemki/st/stm32cubeide_1.8.0_2/plugins/com.st.stm32cube.ide.mcu.externaltools.gnu-tools-for-stm32.10.3-2021.10.linux64_1.0.0.202111181127/tools/bin/../lib/gcc/arm-none-eabi/10.3.1/thumb/v7-m/nofp/libgcc.a(_arm_cmpsf2.o)
                0x000000000800061c                __gtsf2
                0x000000000800061c                __gesf2
                0x0000000008000624                __lesf2
                0x0000000008000624                __ltsf2
                0x000000000800062c                __nesf2
                0x000000000800062c                __eqsf2
                0x000000000800062c                __cmpsf2
                0x000000000800068c                __aeabi_cfrcmple
                0x0000000008000694                __aeabi_cfcmple
                0x0000000008000694                __aeabi_cfcmpeq
                0x00000000080006a4                __aeabi_fcmpeq
                0x00000000080006b8                __aeabi_fcmplt
                0x00000000080006cc                __aeabi_fcmple
                0x00000000080006e0                __aeabi_fcmpge
                0x00000000080006f4                __aeabi_fcmpgt
 .text          0x0000000008000708       0x4c /home/odemki/st/stm32cubeide_1.8.0_2/plugins/com.st.stm32cube.ide.mcu.externaltools.gnu-tools-for-stm32.10.3-2021.10.linux64_1.0.0.202111181127/tools/bin/../lib/gcc/arm-none-eabi/10.3.1/thumb/v7-m/nofp/libgcc.a(_arm_fixsfsi.o)
                0x0000000008000708                __fixsfsi
                0x0000000008000708                __aeabi_f2iz
 .text          0x0000000008000754       0xa0 /home/odemki/st/stm32cubeide_1.8.0_2/plugins/com.st.stm32cube.ide.mcu.externaltools.gnu-tools-for-stm32.10.3-2021.10.linux64_1.0.0.202111181127/tools/bin/../lib/gcc/arm-none-eabi/10.3.1/thumb/v7-m/nofp/libgcc.a(_aeabi_ldivmod.o)
                0x0000000008000754                __aeabi_ldivmod
 .text          0x00000000080007f4      0x2d4 /home/odemki/st/stm32cubeide_1.8.0_2/plugins/com.st.stm32cube.ide.mcu.externaltools.gnu-tools-for-stm32.10.3-2021.10.linux64_1.0.0.202111181127/tools/bin/../lib/gcc/arm-none-eabi/10.3.1/thumb/v7-m/nofp/libgcc.a(_udivmoddi4.o)
                0x00000000080007f4                __udivmoddi4
 .text          0x0000000008000ac8        0x4 /home/odemki/st/stm32cubeide_1.8.0_2/plugins/com.st.stm32cube.ide.mcu.externaltools.gnu-tools-for-stm32.10.3-2021.10.linux64_1.0.0.202111181127/tools/bin/../lib/gcc/arm-none-eabi/10.3.1/thumb/v7-m/nofp/libgcc.a(_dvmd_tls.o)
                0x0000000008000ac8                __aeabi_ldiv0
                0x0000000008000ac8                __aeabi_idiv0
 *(.text*)
 .text.ILI9341_Draw_Hollow_Rectangle_Coord
                0x0000000008000acc      0x102 ./Core/Src/ILI9341/ILI9341_GFX.o
                0x0000000008000acc                ILI9341_Draw_Hollow_Rectangle_Coord
 *fill*         0x0000000008000bce        0x2 
 .text.ILI9341_Draw_Char
                0x0000000008000bd0      0x134 ./Core/Src/ILI9341/ILI9341_GFX.o
                0x0000000008000bd0                ILI9341_Draw_Char
 .text.ILI9341_Draw_Text
                0x0000000008000d04       0x5e ./Core/Src/ILI9341/ILI9341_GFX.o
                0x0000000008000d04                ILI9341_Draw_Text
 *fill*         0x0000000008000d62        0x2 
 .text.ILI9341_SPI_Init
                0x0000000008000d64       0x18 ./Core/Src/ILI9341/ILI9341_STM32_Driver.o
                0x0000000008000d64                ILI9341_SPI_Init
 .text.ILI9341_SPI_Send
                0x0000000008000d7c       0x24 ./Core/Src/ILI9341/ILI9341_STM32_Driver.o
                0x0000000008000d7c                ILI9341_SPI_Send
 .text.ILI9341_Write_Command
                0x0000000008000da0       0x48 ./Core/Src/ILI9341/ILI9341_STM32_Driver.o
                0x0000000008000da0                ILI9341_Write_Command
 .text.ILI9341_Write_Data
                0x0000000008000de8       0x48 ./Core/Src/ILI9341/ILI9341_STM32_Driver.o
                0x0000000008000de8                ILI9341_Write_Data
 .text.ILI9341_Set_Address
                0x0000000008000e30       0x98 ./Core/Src/ILI9341/ILI9341_STM32_Driver.o
                0x0000000008000e30                ILI9341_Set_Address
 .text.ILI9341_Reset
                0x0000000008000ec8       0x40 ./Core/Src/ILI9341/ILI9341_STM32_Driver.o
                0x0000000008000ec8                ILI9341_Reset
 .text.ILI9341_Set_Rotation
                0x0000000008000f08       0xa4 ./Core/Src/ILI9341/ILI9341_STM32_Driver.o
                0x0000000008000f08                ILI9341_Set_Rotation
 .text.ILI9341_Enable
                0x0000000008000fac       0x18 ./Core/Src/ILI9341/ILI9341_STM32_Driver.o
                0x0000000008000fac                ILI9341_Enable
 .text.ILI9341_Init
                0x0000000008000fc4      0x21a ./Core/Src/ILI9341/ILI9341_STM32_Driver.o
                0x0000000008000fc4                ILI9341_Init
 *fill*         0x00000000080011de        0x2 
 .text.ILI9341_Draw_Colour_Burst
                0x00000000080011e0      0x140 ./Core/Src/ILI9341/ILI9341_STM32_Driver.o
                0x00000000080011e0                ILI9341_Draw_Colour_Burst
 .text.ILI9341_Fill_Screen
                0x0000000008001320       0x4c ./Core/Src/ILI9341/ILI9341_STM32_Driver.o
                0x0000000008001320                ILI9341_Fill_Screen
 .text.ILI9341_Draw_Pixel
                0x000000000800136c      0x1b8 ./Core/Src/ILI9341/ILI9341_STM32_Driver.o
                0x000000000800136c                ILI9341_Draw_Pixel
 .text.ILI9341_Draw_Rectangle
                0x0000000008001524       0xb8 ./Core/Src/ILI9341/ILI9341_STM32_Driver.o
                0x0000000008001524                ILI9341_Draw_Rectangle
 .text.ILI9341_Draw_Horizontal_Line
                0x00000000080015dc       0x88 ./Core/Src/ILI9341/ILI9341_STM32_Driver.o
                0x00000000080015dc                ILI9341_Draw_Horizontal_Line
 .text.ILI9341_Draw_Vertical_Line
                0x0000000008001664       0x88 ./Core/Src/ILI9341/ILI9341_STM32_Driver.o
                0x0000000008001664                ILI9341_Draw_Vertical_Line
 .text.bmp280_init_default_params
                0x00000000080016ec       0x36 ./Core/Src/bme280/bme280.o
                0x00000000080016ec                bmp280_init_default_params
 .text.read_register16
                0x0000000008001722       0x5e ./Core/Src/bme280/bme280.o
 .text.read_data
                0x0000000008001780       0x50 ./Core/Src/bme280/bme280.o
 .text.read_calibration_data
                0x00000000080017d0      0x104 ./Core/Src/bme280/bme280.o
 .text.read_hum_calibration_data
                0x00000000080018d4       0xc0 ./Core/Src/bme280/bme280.o
 .text.write_register8
                0x0000000008001994       0x4a ./Core/Src/bme280/bme280.o
 .text.bmp280_init
                0x00000000080019de      0x15a ./Core/Src/bme280/bme280.o
                0x00000000080019de                bmp280_init
 .text.compensate_temperature
                0x0000000008001b38       0x70 ./Core/Src/bme280/bme280.o
 .text.compensate_pressure
                0x0000000008001ba8      0x574 ./Core/Src/bme280/bme280.o
 .text.compensate_humidity
                0x000000000800211c       0xbc ./Core/Src/bme280/bme280.o
 .text.bmp280_read_fixed
                0x00000000080021d8       0xca ./Core/Src/bme280/bme280.o
                0x00000000080021d8                bmp280_read_fixed
 *fill*         0x00000000080022a2        0x2 
 .text.bmp280_read_float
                0x00000000080022a4       0x9c ./Core/Src/bme280/bme280.o
                0x00000000080022a4                bmp280_read_float
 .text.DS3231_Init
                0x0000000008002340       0x1c ./Core/Src/ds3231/ds3231.o
                0x0000000008002340                DS3231_Init
 .text.DS3231_GetTime
                0x000000000800235c       0xf8 ./Core/Src/ds3231/ds3231.o
                0x000000000800235c                DS3231_GetTime
 .text.B2D      0x0000000008002454       0x30 ./Core/Src/ds3231/ds3231.o
 .text.HAL_GPIO_EXTI_Callback
                0x0000000008002484       0xf0 ./Core/Src/main.o
                0x0000000008002484                HAL_GPIO_EXTI_Callback
 .text.main     0x0000000008002574      0x180 ./Core/Src/main.o
                0x0000000008002574                main
 .text.SystemClock_Config
                0x00000000080026f4       0x8a ./Core/Src/main.o
                0x00000000080026f4                SystemClock_Config
 *fill*         0x000000000800277e        0x2 
 .text.MX_I2C1_Init
                0x0000000008002780       0x5c ./Core/Src/main.o
 .text.MX_SPI1_Init
                0x00000000080027dc       0x6c ./Core/Src/main.o
 .text.MX_TIM2_Init
                0x0000000008002848       0x98 ./Core/Src/main.o
 .text.MX_USART1_UART_Init
                0x00000000080028e0       0x54 ./Core/Src/main.o
 .text.MX_GPIO_Init
                0x0000000008002934      0x168 ./Core/Src/main.o
 .text.StartDefaultTask
                0x0000000008002a9c       0x12 ./Core/Src/main.o
                0x0000000008002a9c                StartDefaultTask
 *fill*         0x0000000008002aae        0x2 
 .text.start_RTC_DS3231_Task
                0x0000000008002ab0       0x68 ./Core/Src/main.o
                0x0000000008002ab0                start_RTC_DS3231_Task
 .text.start_BPE280_Task
                0x0000000008002b18       0xa0 ./Core/Src/main.o
                0x0000000008002b18                start_BPE280_Task
 .text.start_MAIN_TASK
                0x0000000008002bb8      0x104 ./Core/Src/main.o
                0x0000000008002bb8                start_MAIN_TASK
 .text.start_UART_USB_Task
                0x0000000008002cbc      0x2b4 ./Core/Src/main.o
                0x0000000008002cbc                start_UART_USB_Task
 .text.start_LCD_Task
                0x0000000008002f70      0xc50 ./Core/Src/main.o
                0x0000000008002f70                start_LCD_Task
 .text.HAL_TIM_PeriodElapsedCallback
                0x0000000008003bc0       0x3c ./Core/Src/main.o
                0x0000000008003bc0                HAL_TIM_PeriodElapsedCallback
 .text.Error_Handler
                0x0000000008003bfc        0xa ./Core/Src/main.o
                0x0000000008003bfc                Error_Handler
 *fill*         0x0000000008003c06        0x2 
 .text.HAL_MspInit
                0x0000000008003c08       0x80 ./Core/Src/stm32f1xx_hal_msp.o
                0x0000000008003c08                HAL_MspInit
 .text.HAL_I2C_MspInit
                0x0000000008003c88       0x7c ./Core/Src/stm32f1xx_hal_msp.o
                0x0000000008003c88                HAL_I2C_MspInit
 .text.HAL_SPI_MspInit
                0x0000000008003d04       0xa4 ./Core/Src/stm32f1xx_hal_msp.o
                0x0000000008003d04                HAL_SPI_MspInit
 .text.HAL_TIM_Base_MspInit
                0x0000000008003da8       0x48 ./Core/Src/stm32f1xx_hal_msp.o
                0x0000000008003da8                HAL_TIM_Base_MspInit
 .text.HAL_UART_MspInit
                0x0000000008003df0       0xa8 ./Core/Src/stm32f1xx_hal_msp.o
                0x0000000008003df0                HAL_UART_MspInit
 .text.HAL_InitTick
                0x0000000008003e98       0xb0 ./Core/Src/stm32f1xx_hal_timebase_tim.o
                0x0000000008003e98                HAL_InitTick
 .text.NMI_Handler
                0x0000000008003f48        0x6 ./Core/Src/stm32f1xx_it.o
                0x0000000008003f48                NMI_Handler
 .text.HardFault_Handler
                0x0000000008003f4e        0x6 ./Core/Src/stm32f1xx_it.o
                0x0000000008003f4e                HardFault_Handler
 .text.MemManage_Handler
                0x0000000008003f54        0x6 ./Core/Src/stm32f1xx_it.o
                0x0000000008003f54                MemManage_Handler
 .text.BusFault_Handler
                0x0000000008003f5a        0x6 ./Core/Src/stm32f1xx_it.o
                0x0000000008003f5a                BusFault_Handler
 .text.UsageFault_Handler
                0x0000000008003f60        0x6 ./Core/Src/stm32f1xx_it.o
                0x0000000008003f60                UsageFault_Handler
 .text.DebugMon_Handler
                0x0000000008003f66        0xc ./Core/Src/stm32f1xx_it.o
                0x0000000008003f66                DebugMon_Handler
 .text.PVD_IRQHandler
                0x0000000008003f72        0xc ./Core/Src/stm32f1xx_it.o
                0x0000000008003f72                PVD_IRQHandler
 .text.EXTI1_IRQHandler
                0x0000000008003f7e        0xe ./Core/Src/stm32f1xx_it.o
                0x0000000008003f7e                EXTI1_IRQHandler
 .text.EXTI2_IRQHandler
                0x0000000008003f8c        0xe ./Core/Src/stm32f1xx_it.o
                0x0000000008003f8c                EXTI2_IRQHandler
 .text.EXTI3_IRQHandler
                0x0000000008003f9a        0xe ./Core/Src/stm32f1xx_it.o
                0x0000000008003f9a                EXTI3_IRQHandler
 .text.EXTI4_IRQHandler
                0x0000000008003fa8        0xe ./Core/Src/stm32f1xx_it.o
                0x0000000008003fa8                EXTI4_IRQHandler
 *fill*         0x0000000008003fb6        0x2 
 .text.TIM2_IRQHandler
                0x0000000008003fb8       0x14 ./Core/Src/stm32f1xx_it.o
                0x0000000008003fb8                TIM2_IRQHandler
 .text.TIM4_IRQHandler
                0x0000000008003fcc       0x14 ./Core/Src/stm32f1xx_it.o
                0x0000000008003fcc                TIM4_IRQHandler
 .text.SPI1_IRQHandler
                0x0000000008003fe0       0x14 ./Core/Src/stm32f1xx_it.o
                0x0000000008003fe0                SPI1_IRQHandler
 .text.USART1_IRQHandler
                0x0000000008003ff4       0x14 ./Core/Src/stm32f1xx_it.o
                0x0000000008003ff4                USART1_IRQHandler
 .text._sbrk    0x0000000008004008       0x6c ./Core/Src/sysmem.o
                0x0000000008004008                _sbrk
 .text.SystemInit
                0x0000000008004074        0xc ./Core/Src/system_stm32f1xx.o
                0x0000000008004074                SystemInit
 .text.Reset_Handler
                0x0000000008004080       0x48 ./Core/Startup/startup_stm32f103c8tx.o
                0x0000000008004080                Reset_Handler
 .text.Default_Handler
                0x00000000080040c8        0x2 ./Core/Startup/startup_stm32f103c8tx.o
                0x00000000080040c8                RTC_Alarm_IRQHandler
                0x00000000080040c8                TIM1_CC_IRQHandler
                0x00000000080040c8                EXTI0_IRQHandler
                0x00000000080040c8                I2C2_EV_IRQHandler
                0x00000000080040c8                ADC1_2_IRQHandler
                0x00000000080040c8                TAMPER_IRQHandler
                0x00000000080040c8                DMA1_Channel4_IRQHandler
                0x00000000080040c8                USART3_IRQHandler
                0x00000000080040c8                RTC_IRQHandler
                0x00000000080040c8                DMA1_Channel7_IRQHandler
                0x00000000080040c8                CAN1_RX1_IRQHandler
                0x00000000080040c8                I2C1_EV_IRQHandler
                0x00000000080040c8                DMA1_Channel6_IRQHandler
                0x00000000080040c8                TIM3_IRQHandler
                0x00000000080040c8                RCC_IRQHandler
                0x00000000080040c8                TIM1_TRG_COM_IRQHandler
                0x00000000080040c8                DMA1_Channel1_IRQHandler
                0x00000000080040c8                Default_Handler
                0x00000000080040c8                EXTI15_10_IRQHandler
                0x00000000080040c8                EXTI9_5_IRQHandler
                0x00000000080040c8                SPI2_IRQHandler
                0x00000000080040c8                DMA1_Channel5_IRQHandler
                0x00000000080040c8                USB_LP_CAN1_RX0_IRQHandler
                0x00000000080040c8                USB_HP_CAN1_TX_IRQHandler
                0x00000000080040c8                DMA1_Channel3_IRQHandler
                0x00000000080040c8                TIM1_UP_IRQHandler
                0x00000000080040c8                WWDG_IRQHandler
                0x00000000080040c8                TIM1_BRK_IRQHandler
                0x00000000080040c8                USART2_IRQHandler
                0x00000000080040c8                I2C2_ER_IRQHandler
                0x00000000080040c8                DMA1_Channel2_IRQHandler
                0x00000000080040c8                CAN1_SCE_IRQHandler
                0x00000000080040c8                FLASH_IRQHandler
                0x00000000080040c8                I2C1_ER_IRQHandler
                0x00000000080040c8                USBWakeUp_IRQHandler
 *fill*         0x00000000080040ca        0x2 
 .text.HAL_Init
                0x00000000080040cc       0x2c ./Drivers/STM32F1xx_HAL_Driver/Src/stm32f1xx_hal.o
                0x00000000080040cc                HAL_Init
 .text.HAL_IncTick
                0x00000000080040f8       0x24 ./Drivers/STM32F1xx_HAL_Driver/Src/stm32f1xx_hal.o
                0x00000000080040f8                HAL_IncTick
 .text.HAL_GetTick
                0x000000000800411c       0x14 ./Drivers/STM32F1xx_HAL_Driver/Src/stm32f1xx_hal.o
                0x000000000800411c                HAL_GetTick
 .text.HAL_Delay
                0x0000000008004130       0x48 ./Drivers/STM32F1xx_HAL_Driver/Src/stm32f1xx_hal.o
                0x0000000008004130                HAL_Delay
 .text.__NVIC_SetPriorityGrouping
                0x0000000008004178       0x48 ./Drivers/STM32F1xx_HAL_Driver/Src/stm32f1xx_hal_cortex.o
 .text.__NVIC_GetPriorityGrouping
                0x00000000080041c0       0x1c ./Drivers/STM32F1xx_HAL_Driver/Src/stm32f1xx_hal_cortex.o
 .text.__NVIC_EnableIRQ
                0x00000000080041dc       0x38 ./Drivers/STM32F1xx_HAL_Driver/Src/stm32f1xx_hal_cortex.o
 .text.__NVIC_SetPriority
                0x0000000008004214       0x54 ./Drivers/STM32F1xx_HAL_Driver/Src/stm32f1xx_hal_cortex.o
 .text.NVIC_EncodePriority
                0x0000000008004268       0x64 ./Drivers/STM32F1xx_HAL_Driver/Src/stm32f1xx_hal_cortex.o
 .text.HAL_NVIC_SetPriorityGrouping
                0x00000000080042cc       0x16 ./Drivers/STM32F1xx_HAL_Driver/Src/stm32f1xx_hal_cortex.o
                0x00000000080042cc                HAL_NVIC_SetPriorityGrouping
 .text.HAL_NVIC_SetPriority
                0x00000000080042e2       0x38 ./Drivers/STM32F1xx_HAL_Driver/Src/stm32f1xx_hal_cortex.o
                0x00000000080042e2                HAL_NVIC_SetPriority
 .text.HAL_NVIC_EnableIRQ
                0x000000000800431a       0x1c ./Drivers/STM32F1xx_HAL_Driver/Src/stm32f1xx_hal_cortex.o
                0x000000000800431a                HAL_NVIC_EnableIRQ
 .text.HAL_DMA_Abort
                0x0000000008004336       0x74 ./Drivers/STM32F1xx_HAL_Driver/Src/stm32f1xx_hal_dma.o
                0x0000000008004336                HAL_DMA_Abort
 *fill*         0x00000000080043aa        0x2 
 .text.HAL_DMA_Abort_IT
                0x00000000080043ac       0xec ./Drivers/STM32F1xx_HAL_Driver/Src/stm32f1xx_hal_dma.o
                0x00000000080043ac                HAL_DMA_Abort_IT
 .text.HAL_GPIO_Init
                0x0000000008004498      0x308 ./Drivers/STM32F1xx_HAL_Driver/Src/stm32f1xx_hal_gpio.o
                0x0000000008004498                HAL_GPIO_Init
 .text.HAL_GPIO_ReadPin
                0x00000000080047a0       0x2e ./Drivers/STM32F1xx_HAL_Driver/Src/stm32f1xx_hal_gpio.o
                0x00000000080047a0                HAL_GPIO_ReadPin
 .text.HAL_GPIO_WritePin
                0x00000000080047ce       0x30 ./Drivers/STM32F1xx_HAL_Driver/Src/stm32f1xx_hal_gpio.o
                0x00000000080047ce                HAL_GPIO_WritePin
 .text.HAL_GPIO_TogglePin
                0x00000000080047fe       0x32 ./Drivers/STM32F1xx_HAL_Driver/Src/stm32f1xx_hal_gpio.o
                0x00000000080047fe                HAL_GPIO_TogglePin
 .text.HAL_GPIO_EXTI_IRQHandler
                0x0000000008004830       0x30 ./Drivers/STM32F1xx_HAL_Driver/Src/stm32f1xx_hal_gpio.o
                0x0000000008004830                HAL_GPIO_EXTI_IRQHandler
 .text.HAL_I2C_Init
                0x0000000008004860      0x288 ./Drivers/STM32F1xx_HAL_Driver/Src/stm32f1xx_hal_i2c.o
                0x0000000008004860                HAL_I2C_Init
 .text.HAL_I2C_Master_Transmit
                0x0000000008004ae8      0x1fc ./Drivers/STM32F1xx_HAL_Driver/Src/stm32f1xx_hal_i2c.o
                0x0000000008004ae8                HAL_I2C_Master_Transmit
 .text.HAL_I2C_Master_Receive
                0x0000000008004ce4      0x4c0 ./Drivers/STM32F1xx_HAL_Driver/Src/stm32f1xx_hal_i2c.o
                0x0000000008004ce4                HAL_I2C_Master_Receive
 .text.HAL_I2C_Mem_Write
                0x00000000080051a4      0x1f4 ./Drivers/STM32F1xx_HAL_Driver/Src/stm32f1xx_hal_i2c.o
                0x00000000080051a4                HAL_I2C_Mem_Write
 .text.HAL_I2C_Mem_Read
                0x0000000008005398      0x4d0 ./Drivers/STM32F1xx_HAL_Driver/Src/stm32f1xx_hal_i2c.o
                0x0000000008005398                HAL_I2C_Mem_Read
 .text.I2C_MasterRequestWrite
                0x0000000008005868      0x104 ./Drivers/STM32F1xx_HAL_Driver/Src/stm32f1xx_hal_i2c.o
 .text.I2C_MasterRequestRead
                0x000000000800596c      0x19c ./Drivers/STM32F1xx_HAL_Driver/Src/stm32f1xx_hal_i2c.o
 .text.I2C_RequestMemoryWrite
                0x0000000008005b08      0x12c ./Drivers/STM32F1xx_HAL_Driver/Src/stm32f1xx_hal_i2c.o
 .text.I2C_RequestMemoryRead
                0x0000000008005c34      0x1d0 ./Drivers/STM32F1xx_HAL_Driver/Src/stm32f1xx_hal_i2c.o
 .text.I2C_WaitOnFlagUntilTimeout
                0x0000000008005e04       0xae ./Drivers/STM32F1xx_HAL_Driver/Src/stm32f1xx_hal_i2c.o
 .text.I2C_WaitOnMasterAddressFlagUntilTimeout
                0x0000000008005eb2       0xfe ./Drivers/STM32F1xx_HAL_Driver/Src/stm32f1xx_hal_i2c.o
 .text.I2C_WaitOnTXEFlagUntilTimeout
                0x0000000008005fb0       0x82 ./Drivers/STM32F1xx_HAL_Driver/Src/stm32f1xx_hal_i2c.o
 .text.I2C_WaitOnBTFFlagUntilTimeout
                0x0000000008006032       0x82 ./Drivers/STM32F1xx_HAL_Driver/Src/stm32f1xx_hal_i2c.o
 .text.I2C_WaitOnRXNEFlagUntilTimeout
                0x00000000080060b4       0xac ./Drivers/STM32F1xx_HAL_Driver/Src/stm32f1xx_hal_i2c.o
 .text.I2C_IsAcknowledgeFailed
                0x0000000008006160       0x5c ./Drivers/STM32F1xx_HAL_Driver/Src/stm32f1xx_hal_i2c.o
 .text.HAL_PWR_PVD_IRQHandler
                0x00000000080061bc       0x24 ./Drivers/STM32F1xx_HAL_Driver/Src/stm32f1xx_hal_pwr.o
                0x00000000080061bc                HAL_PWR_PVD_IRQHandler
 .text.HAL_PWR_PVDCallback
                0x00000000080061e0        0xc ./Drivers/STM32F1xx_HAL_Driver/Src/stm32f1xx_hal_pwr.o
                0x00000000080061e0                HAL_PWR_PVDCallback
 .text.HAL_RCC_OscConfig
                0x00000000080061ec      0x504 ./Drivers/STM32F1xx_HAL_Driver/Src/stm32f1xx_hal_rcc.o
                0x00000000080061ec                HAL_RCC_OscConfig
 .text.HAL_RCC_ClockConfig
                0x00000000080066f0      0x1d4 ./Drivers/STM32F1xx_HAL_Driver/Src/stm32f1xx_hal_rcc.o
                0x00000000080066f0                HAL_RCC_ClockConfig
 .text.HAL_RCC_GetSysClockFreq
                0x00000000080068c4       0xbc ./Drivers/STM32F1xx_HAL_Driver/Src/stm32f1xx_hal_rcc.o
                0x00000000080068c4                HAL_RCC_GetSysClockFreq
 .text.HAL_RCC_GetHCLKFreq
                0x0000000008006980       0x14 ./Drivers/STM32F1xx_HAL_Driver/Src/stm32f1xx_hal_rcc.o
                0x0000000008006980                HAL_RCC_GetHCLKFreq
 .text.HAL_RCC_GetPCLK1Freq
                0x0000000008006994       0x28 ./Drivers/STM32F1xx_HAL_Driver/Src/stm32f1xx_hal_rcc.o
                0x0000000008006994                HAL_RCC_GetPCLK1Freq
 .text.HAL_RCC_GetPCLK2Freq
                0x00000000080069bc       0x28 ./Drivers/STM32F1xx_HAL_Driver/Src/stm32f1xx_hal_rcc.o
                0x00000000080069bc                HAL_RCC_GetPCLK2Freq
 .text.HAL_RCC_GetClockConfig
                0x00000000080069e4       0x60 ./Drivers/STM32F1xx_HAL_Driver/Src/stm32f1xx_hal_rcc.o
                0x00000000080069e4                HAL_RCC_GetClockConfig
 .text.RCC_Delay
                0x0000000008006a44       0x3c ./Drivers/STM32F1xx_HAL_Driver/Src/stm32f1xx_hal_rcc.o
 .text.HAL_SPI_Init
                0x0000000008006a80      0x108 ./Drivers/STM32F1xx_HAL_Driver/Src/stm32f1xx_hal_spi.o
                0x0000000008006a80                HAL_SPI_Init
 .text.HAL_SPI_Transmit
                0x0000000008006b88      0x278 ./Drivers/STM32F1xx_HAL_Driver/Src/stm32f1xx_hal_spi.o
                0x0000000008006b88                HAL_SPI_Transmit
 .text.HAL_SPI_IRQHandler
                0x0000000008006e00      0x1cc ./Drivers/STM32F1xx_HAL_Driver/Src/stm32f1xx_hal_spi.o
                0x0000000008006e00                HAL_SPI_IRQHandler
 .text.HAL_SPI_ErrorCallback
                0x0000000008006fcc       0x12 ./Drivers/STM32F1xx_HAL_Driver/Src/stm32f1xx_hal_spi.o
                0x0000000008006fcc                HAL_SPI_ErrorCallback
 .text.SPI_DMAAbortOnError
                0x0000000008006fde       0x28 ./Drivers/STM32F1xx_HAL_Driver/Src/stm32f1xx_hal_spi.o
 *fill*         0x0000000008007006        0x2 
 .text.SPI_WaitFlagStateUntilTimeout
                0x0000000008007008      0x110 ./Drivers/STM32F1xx_HAL_Driver/Src/stm32f1xx_hal_spi.o
 .text.SPI_EndRxTxTransaction
                0x0000000008007118       0x3c ./Drivers/STM32F1xx_HAL_Driver/Src/stm32f1xx_hal_spi.o
 .text.HAL_TIM_Base_Init
                0x0000000008007154       0x9e ./Drivers/STM32F1xx_HAL_Driver/Src/stm32f1xx_hal_tim.o
                0x0000000008007154                HAL_TIM_Base_Init
 *fill*         0x00000000080071f2        0x2 
 .text.HAL_TIM_Base_Start_IT
                0x00000000080071f4       0xa4 ./Drivers/STM32F1xx_HAL_Driver/Src/stm32f1xx_hal_tim.o
                0x00000000080071f4                HAL_TIM_Base_Start_IT
 .text.HAL_TIM_IRQHandler
                0x0000000008007298      0x210 ./Drivers/STM32F1xx_HAL_Driver/Src/stm32f1xx_hal_tim.o
                0x0000000008007298                HAL_TIM_IRQHandler
 .text.HAL_TIM_ConfigClockSource
                0x00000000080074a8      0x188 ./Drivers/STM32F1xx_HAL_Driver/Src/stm32f1xx_hal_tim.o
                0x00000000080074a8                HAL_TIM_ConfigClockSource
 .text.HAL_TIM_OC_DelayElapsedCallback
                0x0000000008007630       0x12 ./Drivers/STM32F1xx_HAL_Driver/Src/stm32f1xx_hal_tim.o
                0x0000000008007630                HAL_TIM_OC_DelayElapsedCallback
 .text.HAL_TIM_IC_CaptureCallback
                0x0000000008007642       0x12 ./Drivers/STM32F1xx_HAL_Driver/Src/stm32f1xx_hal_tim.o
                0x0000000008007642                HAL_TIM_IC_CaptureCallback
 .text.HAL_TIM_PWM_PulseFinishedCallback
                0x0000000008007654       0x12 ./Drivers/STM32F1xx_HAL_Driver/Src/stm32f1xx_hal_tim.o
                0x0000000008007654                HAL_TIM_PWM_PulseFinishedCallback
 .text.HAL_TIM_TriggerCallback
                0x0000000008007666       0x12 ./Drivers/STM32F1xx_HAL_Driver/Src/stm32f1xx_hal_tim.o
                0x0000000008007666                HAL_TIM_TriggerCallback
 .text.TIM_Base_SetConfig
                0x0000000008007678       0xc4 ./Drivers/STM32F1xx_HAL_Driver/Src/stm32f1xx_hal_tim.o
                0x0000000008007678                TIM_Base_SetConfig
 .text.TIM_TI1_ConfigInputStage
                0x000000000800773c       0x5c ./Drivers/STM32F1xx_HAL_Driver/Src/stm32f1xx_hal_tim.o
 .text.TIM_TI2_ConfigInputStage
                0x0000000008007798       0x5e ./Drivers/STM32F1xx_HAL_Driver/Src/stm32f1xx_hal_tim.o
 .text.TIM_ITRx_SetConfig
                0x00000000080077f6       0x34 ./Drivers/STM32F1xx_HAL_Driver/Src/stm32f1xx_hal_tim.o
 .text.TIM_ETR_SetConfig
                0x000000000800782a       0x3e ./Drivers/STM32F1xx_HAL_Driver/Src/stm32f1xx_hal_tim.o
                0x000000000800782a                TIM_ETR_SetConfig
 .text.HAL_TIMEx_MasterConfigSynchronization
                0x0000000008007868       0xbc ./Drivers/STM32F1xx_HAL_Driver/Src/stm32f1xx_hal_tim_ex.o
                0x0000000008007868                HAL_TIMEx_MasterConfigSynchronization
 .text.HAL_TIMEx_CommutCallback
                0x0000000008007924       0x12 ./Drivers/STM32F1xx_HAL_Driver/Src/stm32f1xx_hal_tim_ex.o
                0x0000000008007924                HAL_TIMEx_CommutCallback
 .text.HAL_TIMEx_BreakCallback
                0x0000000008007936       0x12 ./Drivers/STM32F1xx_HAL_Driver/Src/stm32f1xx_hal_tim_ex.o
                0x0000000008007936                HAL_TIMEx_BreakCallback
 .text.HAL_UART_Init
                0x0000000008007948       0x9a ./Drivers/STM32F1xx_HAL_Driver/Src/stm32f1xx_hal_uart.o
                0x0000000008007948                HAL_UART_Init
 .text.HAL_UART_Transmit_IT
                0x00000000080079e2       0x88 ./Drivers/STM32F1xx_HAL_Driver/Src/stm32f1xx_hal_uart.o
                0x00000000080079e2                HAL_UART_Transmit_IT
 *fill*         0x0000000008007a6a        0x2 
 .text.HAL_UART_IRQHandler
                0x0000000008007a6c      0x354 ./Drivers/STM32F1xx_HAL_Driver/Src/stm32f1xx_hal_uart.o
                0x0000000008007a6c                HAL_UART_IRQHandler
 .text.HAL_UART_TxCpltCallback
                0x0000000008007dc0       0x12 ./Drivers/STM32F1xx_HAL_Driver/Src/stm32f1xx_hal_uart.o
                0x0000000008007dc0                HAL_UART_TxCpltCallback
 .text.HAL_UART_RxCpltCallback
                0x0000000008007dd2       0x12 ./Drivers/STM32F1xx_HAL_Driver/Src/stm32f1xx_hal_uart.o
                0x0000000008007dd2                HAL_UART_RxCpltCallback
 .text.HAL_UART_ErrorCallback
                0x0000000008007de4       0x12 ./Drivers/STM32F1xx_HAL_Driver/Src/stm32f1xx_hal_uart.o
                0x0000000008007de4                HAL_UART_ErrorCallback
 .text.HAL_UARTEx_RxEventCallback
                0x0000000008007df6       0x16 ./Drivers/STM32F1xx_HAL_Driver/Src/stm32f1xx_hal_uart.o
                0x0000000008007df6                HAL_UARTEx_RxEventCallback
 .text.UART_EndRxTransfer
                0x0000000008007e0c       0x58 ./Drivers/STM32F1xx_HAL_Driver/Src/stm32f1xx_hal_uart.o
 .text.UART_DMAAbortOnError
                0x0000000008007e64       0x28 ./Drivers/STM32F1xx_HAL_Driver/Src/stm32f1xx_hal_uart.o
 .text.UART_Transmit_IT
                0x0000000008007e8c       0x9e ./Drivers/STM32F1xx_HAL_Driver/Src/stm32f1xx_hal_uart.o
 .text.UART_EndTransmit_IT
                0x0000000008007f2a       0x30 ./Drivers/STM32F1xx_HAL_Driver/Src/stm32f1xx_hal_uart.o
 .text.UART_Receive_IT
                0x0000000008007f5a      0x152 ./Drivers/STM32F1xx_HAL_Driver/Src/stm32f1xx_hal_uart.o
 .text.UART_SetConfig
                0x00000000080080ac      0x11c ./Drivers/STM32F1xx_HAL_Driver/Src/stm32f1xx_hal_uart.o
 .text.osKernelInitialize
                0x00000000080081c8       0x64 ./Middlewares/Third_Party/FreeRTOS/Source/CMSIS_RTOS_V2/cmsis_os2.o
                0x00000000080081c8                osKernelInitialize
 .text.osKernelStart
                0x000000000800822c       0x68 ./Middlewares/Third_Party/FreeRTOS/Source/CMSIS_RTOS_V2/cmsis_os2.o
                0x000000000800822c                osKernelStart
 .text.osThreadNew
                0x0000000008008294      0x154 ./Middlewares/Third_Party/FreeRTOS/Source/CMSIS_RTOS_V2/cmsis_os2.o
                0x0000000008008294                osThreadNew
 .text.osDelay  0x00000000080083e8       0x5c ./Middlewares/Third_Party/FreeRTOS/Source/CMSIS_RTOS_V2/cmsis_os2.o
                0x00000000080083e8                osDelay
 .text.osMessageQueueNew
                0x0000000008008444      0x10c ./Middlewares/Third_Party/FreeRTOS/Source/CMSIS_RTOS_V2/cmsis_os2.o
                0x0000000008008444                osMessageQueueNew
 .text.vApplicationGetIdleTaskMemory
                0x0000000008008550       0x30 ./Middlewares/Third_Party/FreeRTOS/Source/CMSIS_RTOS_V2/cmsis_os2.o
                0x0000000008008550                vApplicationGetIdleTaskMemory
 .text.vApplicationGetTimerTaskMemory
                0x0000000008008580       0x34 ./Middlewares/Third_Party/FreeRTOS/Source/CMSIS_RTOS_V2/cmsis_os2.o
                0x0000000008008580                vApplicationGetTimerTaskMemory
 .text.vListInitialise
                0x00000000080085b4       0x3e ./Middlewares/Third_Party/FreeRTOS/Source/list.o
                0x00000000080085b4                vListInitialise
 .text.vListInitialiseItem
                0x00000000080085f2       0x18 ./Middlewares/Third_Party/FreeRTOS/Source/list.o
                0x00000000080085f2                vListInitialiseItem
 .text.vListInsertEnd
                0x000000000800860a       0x46 ./Middlewares/Third_Party/FreeRTOS/Source/list.o
                0x000000000800860a                vListInsertEnd
 .text.vListInsert
                0x0000000008008650       0x70 ./Middlewares/Third_Party/FreeRTOS/Source/list.o
                0x0000000008008650                vListInsert
 .text.uxListRemove
                0x00000000080086c0       0x52 ./Middlewares/Third_Party/FreeRTOS/Source/list.o
                0x00000000080086c0                uxListRemove
 *fill*         0x0000000008008712        0x2 
 .text.xQueueGenericReset
                0x0000000008008714       0xd0 ./Middlewares/Third_Party/FreeRTOS/Source/queue.o
                0x0000000008008714                xQueueGenericReset
 .text.xQueueGenericCreateStatic
                0x00000000080087e4       0xee ./Middlewares/Third_Party/FreeRTOS/Source/queue.o
                0x00000000080087e4                xQueueGenericCreateStatic
 .text.xQueueGenericCreate
                0x00000000080088d2       0x7c ./Middlewares/Third_Party/FreeRTOS/Source/queue.o
                0x00000000080088d2                xQueueGenericCreate
 .text.prvInitialiseNewQueue
                0x000000000800894e       0x46 ./Middlewares/Third_Party/FreeRTOS/Source/queue.o
 .text.xQueueGenericSend
                0x0000000008008994      0x1fc ./Middlewares/Third_Party/FreeRTOS/Source/queue.o
                0x0000000008008994                xQueueGenericSend
 .text.xQueueGenericSendFromISR
                0x0000000008008b90      0x130 ./Middlewares/Third_Party/FreeRTOS/Source/queue.o
                0x0000000008008b90                xQueueGenericSendFromISR
 .text.xQueueReceive
                0x0000000008008cc0      0x1c0 ./Middlewares/Third_Party/FreeRTOS/Source/queue.o
                0x0000000008008cc0                xQueueReceive
 .text.prvCopyDataToQueue
                0x0000000008008e80       0xd4 ./Middlewares/Third_Party/FreeRTOS/Source/queue.o
 .text.prvCopyDataFromQueue
                0x0000000008008f54       0x4c ./Middlewares/Third_Party/FreeRTOS/Source/queue.o
 .text.prvUnlockQueue
                0x0000000008008fa0       0xa4 ./Middlewares/Third_Party/FreeRTOS/Source/queue.o
 .text.prvIsQueueEmpty
                0x0000000008009044       0x2c ./Middlewares/Third_Party/FreeRTOS/Source/queue.o
 .text.prvIsQueueFull
                0x0000000008009070       0x30 ./Middlewares/Third_Party/FreeRTOS/Source/queue.o
 .text.vQueueAddToRegistry
                0x00000000080090a0       0x50 ./Middlewares/Third_Party/FreeRTOS/Source/queue.o
                0x00000000080090a0                vQueueAddToRegistry
 .text.vQueueWaitForMessageRestricted
                0x00000000080090f0       0x68 ./Middlewares/Third_Party/FreeRTOS/Source/queue.o
                0x00000000080090f0                vQueueWaitForMessageRestricted
 .text.xTaskCreateStatic
                0x0000000008009158       0xb8 ./Middlewares/Third_Party/FreeRTOS/Source/tasks.o
                0x0000000008009158                xTaskCreateStatic
 .text.xTaskCreate
                0x0000000008009210       0x8a ./Middlewares/Third_Party/FreeRTOS/Source/tasks.o
                0x0000000008009210                xTaskCreate
 *fill*         0x000000000800929a        0x2 
 .text.prvInitialiseNewTask
                0x000000000800929c      0x144 ./Middlewares/Third_Party/FreeRTOS/Source/tasks.o
 .text.prvAddNewTaskToReadyList
                0x00000000080093e0       0xe0 ./Middlewares/Third_Party/FreeRTOS/Source/tasks.o
 .text.vTaskDelay
                0x00000000080094c0       0x68 ./Middlewares/Third_Party/FreeRTOS/Source/tasks.o
                0x00000000080094c0                vTaskDelay
 .text.eTaskGetState
                0x0000000008009528       0xb4 ./Middlewares/Third_Party/FreeRTOS/Source/tasks.o
                0x0000000008009528                eTaskGetState
 .text.vTaskStartScheduler
                0x00000000080095dc       0xe8 ./Middlewares/Third_Party/FreeRTOS/Source/tasks.o
                0x00000000080095dc                vTaskStartScheduler
 .text.vTaskSuspendAll
                0x00000000080096c4       0x1c ./Middlewares/Third_Party/FreeRTOS/Source/tasks.o
                0x00000000080096c4                vTaskSuspendAll
 .text.xTaskResumeAll
                0x00000000080096e0      0x13c ./Middlewares/Third_Party/FreeRTOS/Source/tasks.o
                0x00000000080096e0                xTaskResumeAll
 .text.xTaskGetTickCount
                0x000000000800981c       0x1c ./Middlewares/Third_Party/FreeRTOS/Source/tasks.o
                0x000000000800981c                xTaskGetTickCount
 .text.uxTaskGetSystemState
                0x0000000008009838      0x120 ./Middlewares/Third_Party/FreeRTOS/Source/tasks.o
                0x0000000008009838                uxTaskGetSystemState
 .text.xTaskIncrementTick
                0x0000000008009958      0x17c ./Middlewares/Third_Party/FreeRTOS/Source/tasks.o
                0x0000000008009958                xTaskIncrementTick
 .text.vTaskSwitchContext
                0x0000000008009ad4      0x104 ./Middlewares/Third_Party/FreeRTOS/Source/tasks.o
                0x0000000008009ad4                vTaskSwitchContext
 .text.vTaskPlaceOnEventList
                0x0000000008009bd8       0x48 ./Middlewares/Third_Party/FreeRTOS/Source/tasks.o
                0x0000000008009bd8                vTaskPlaceOnEventList
 .text.vTaskPlaceOnEventListRestricted
                0x0000000008009c20       0x58 ./Middlewares/Third_Party/FreeRTOS/Source/tasks.o
                0x0000000008009c20                vTaskPlaceOnEventListRestricted
 .text.xTaskRemoveFromEventList
                0x0000000008009c78       0xc8 ./Middlewares/Third_Party/FreeRTOS/Source/tasks.o
                0x0000000008009c78                xTaskRemoveFromEventList
 .text.vTaskInternalSetTimeOutState
                0x0000000008009d40       0x2c ./Middlewares/Third_Party/FreeRTOS/Source/tasks.o
                0x0000000008009d40                vTaskInternalSetTimeOutState
 .text.xTaskCheckForTimeOut
                0x0000000008009d6c       0xc4 ./Middlewares/Third_Party/FreeRTOS/Source/tasks.o
                0x0000000008009d6c                xTaskCheckForTimeOut
 .text.vTaskMissedYield
                0x0000000008009e30       0x18 ./Middlewares/Third_Party/FreeRTOS/Source/tasks.o
                0x0000000008009e30                vTaskMissedYield
 .text.prvIdleTask
                0x0000000008009e48       0x30 ./Middlewares/Third_Party/FreeRTOS/Source/tasks.o
 .text.prvInitialiseTaskLists
                0x0000000008009e78       0x80 ./Middlewares/Third_Party/FreeRTOS/Source/tasks.o
 .text.prvCheckTasksWaitingTermination
                0x0000000008009ef8       0x5c ./Middlewares/Third_Party/FreeRTOS/Source/tasks.o
 .text.vTaskGetInfo
                0x0000000008009f54       0xcc ./Middlewares/Third_Party/FreeRTOS/Source/tasks.o
                0x0000000008009f54                vTaskGetInfo
 .text.prvListTasksWithinSingleList
                0x000000000800a020       0xa4 ./Middlewares/Third_Party/FreeRTOS/Source/tasks.o
 .text.prvTaskCheckFreeStackSpace
                0x000000000800a0c4       0x36 ./Middlewares/Third_Party/FreeRTOS/Source/tasks.o
 .text.prvDeleteTCB
                0x000000000800a0fa       0x68 ./Middlewares/Third_Party/FreeRTOS/Source/tasks.o
 *fill*         0x000000000800a162        0x2 
 .text.prvResetNextTaskUnblockTime
                0x000000000800a164       0x48 ./Middlewares/Third_Party/FreeRTOS/Source/tasks.o
 .text.xTaskGetSchedulerState
                0x000000000800a1ac       0x3c ./Middlewares/Third_Party/FreeRTOS/Source/tasks.o
                0x000000000800a1ac                xTaskGetSchedulerState
 .text.xTaskPriorityDisinherit
                0x000000000800a1e8       0xdc ./Middlewares/Third_Party/FreeRTOS/Source/tasks.o
                0x000000000800a1e8                xTaskPriorityDisinherit
 .text.prvWriteNameToBuffer
                0x000000000800a2c4       0x4a ./Middlewares/Third_Party/FreeRTOS/Source/tasks.o
 *fill*         0x000000000800a30e        0x2 
 .text.vTaskList
                0x000000000800a310      0x130 ./Middlewares/Third_Party/FreeRTOS/Source/tasks.o
                0x000000000800a310                vTaskList
 .text.vTaskGetRunTimeStats
                0x000000000800a440      0x108 ./Middlewares/Third_Party/FreeRTOS/Source/tasks.o
                0x000000000800a440                vTaskGetRunTimeStats
 .text.prvAddCurrentTaskToDelayedList
                0x000000000800a548       0xa8 ./Middlewares/Third_Party/FreeRTOS/Source/tasks.o
 .text.xTimerCreateTimerTask
                0x000000000800a5f0       0x90 ./Middlewares/Third_Party/FreeRTOS/Source/timers.o
                0x000000000800a5f0                xTimerCreateTimerTask
 .text.xTimerGenericCommand
                0x000000000800a680       0x9c ./Middlewares/Third_Party/FreeRTOS/Source/timers.o
                0x000000000800a680                xTimerGenericCommand
 .text.prvProcessExpiredTimer
                0x000000000800a71c       0x80 ./Middlewares/Third_Party/FreeRTOS/Source/timers.o
 .text.prvTimerTask
                0x000000000800a79c       0x24 ./Middlewares/Third_Party/FreeRTOS/Source/timers.o
 .text.prvProcessTimerOrBlockTask
                0x000000000800a7c0       0x9c ./Middlewares/Third_Party/FreeRTOS/Source/timers.o
 .text.prvGetNextExpireTime
                0x000000000800a85c       0x48 ./Middlewares/Third_Party/FreeRTOS/Source/timers.o
 .text.prvSampleTimeNow
                0x000000000800a8a4       0x40 ./Middlewares/Third_Party/FreeRTOS/Source/timers.o
 .text.prvInsertTimerInActiveList
                0x000000000800a8e4       0x84 ./Middlewares/Third_Party/FreeRTOS/Source/timers.o
 .text.prvProcessReceivedCommands
                0x000000000800a968      0x168 ./Middlewares/Third_Party/FreeRTOS/Source/timers.o
 .text.prvSwitchTimerLists
                0x000000000800aad0       0xc4 ./Middlewares/Third_Party/FreeRTOS/Source/timers.o
 .text.prvCheckForValidListAndQueue
                0x000000000800ab94       0x80 ./Middlewares/Third_Party/FreeRTOS/Source/timers.o
 .text.pxPortInitialiseStack
                0x000000000800ac14       0x58 ./Middlewares/Third_Party/FreeRTOS/Source/portable/GCC/ARM_CM3/port.o
                0x000000000800ac14                pxPortInitialiseStack
 .text.prvTaskExitError
                0x000000000800ac6c       0x58 ./Middlewares/Third_Party/FreeRTOS/Source/portable/GCC/ARM_CM3/port.o
 *fill*         0x000000000800acc4        0xc 
 .text.SVC_Handler
                0x000000000800acd0       0x28 ./Middlewares/Third_Party/FreeRTOS/Source/portable/GCC/ARM_CM3/port.o
                0x000000000800acd0                SVC_Handler
 .text.prvPortStartFirstTask
                0x000000000800acf8       0x20 ./Middlewares/Third_Party/FreeRTOS/Source/portable/GCC/ARM_CM3/port.o
 .text.xPortStartScheduler
                0x000000000800ad18       0xe4 ./Middlewares/Third_Party/FreeRTOS/Source/portable/GCC/ARM_CM3/port.o
                0x000000000800ad18                xPortStartScheduler
 .text.vPortEnterCritical
                0x000000000800adfc       0x60 ./Middlewares/Third_Party/FreeRTOS/Source/portable/GCC/ARM_CM3/port.o
                0x000000000800adfc                vPortEnterCritical
 .text.vPortExitCritical
                0x000000000800ae5c       0x50 ./Middlewares/Third_Party/FreeRTOS/Source/portable/GCC/ARM_CM3/port.o
                0x000000000800ae5c                vPortExitCritical
 *fill*         0x000000000800aeac        0x4 
 .text.PendSV_Handler
                0x000000000800aeb0       0x48 ./Middlewares/Third_Party/FreeRTOS/Source/portable/GCC/ARM_CM3/port.o
                0x000000000800aeb0                PendSV_Handler
 .text.SysTick_Handler
                0x000000000800aef8       0x44 ./Middlewares/Third_Party/FreeRTOS/Source/portable/GCC/ARM_CM3/port.o
                0x000000000800aef8                SysTick_Handler
 .text.vPortSetupTimerInterrupt
                0x000000000800af3c       0x44 ./Middlewares/Third_Party/FreeRTOS/Source/portable/GCC/ARM_CM3/port.o
                0x000000000800af3c                vPortSetupTimerInterrupt
 .text.vPortValidateInterruptPriority
                0x000000000800af80       0x7c ./Middlewares/Third_Party/FreeRTOS/Source/portable/GCC/ARM_CM3/port.o
                0x000000000800af80                vPortValidateInterruptPriority
 .text.pvPortMalloc
                0x000000000800affc      0x188 ./Middlewares/Third_Party/FreeRTOS/Source/portable/MemMang/heap_4.o
                0x000000000800affc                pvPortMalloc
 .text.vPortFree
                0x000000000800b184       0xb4 ./Middlewares/Third_Party/FreeRTOS/Source/portable/MemMang/heap_4.o
                0x000000000800b184                vPortFree
 .text.xPortGetFreeHeapSize
                0x000000000800b238       0x14 ./Middlewares/Third_Party/FreeRTOS/Source/portable/MemMang/heap_4.o
                0x000000000800b238                xPortGetFreeHeapSize
 .text.prvHeapInit
                0x000000000800b24c       0xc4 ./Middlewares/Third_Party/FreeRTOS/Source/portable/MemMang/heap_4.o
 .text.prvInsertBlockIntoFreeList
                0x000000000800b310       0xb0 ./Middlewares/Third_Party/FreeRTOS/Source/portable/MemMang/heap_4.o
 .text.__errno  0x000000000800b3c0        0xc /home/odemki/st/stm32cubeide_1.8.0_2/plugins/com.st.stm32cube.ide.mcu.externaltools.gnu-tools-for-stm32.10.3-2021.10.linux64_1.0.0.202111181127/tools/bin/../lib/gcc/arm-none-eabi/10.3.1/../../../../arm-none-eabi/lib/thumb/v7-m/nofp/libc_nano.a(lib_a-errno.o)
                0x000000000800b3c0                __errno
 .text.__libc_init_array
                0x000000000800b3cc       0x48 /home/odemki/st/stm32cubeide_1.8.0_2/plugins/com.st.stm32cube.ide.mcu.externaltools.gnu-tools-for-stm32.10.3-2021.10.linux64_1.0.0.202111181127/tools/bin/../lib/gcc/arm-none-eabi/10.3.1/../../../../arm-none-eabi/lib/thumb/v7-m/nofp/libc_nano.a(lib_a-init.o)
                0x000000000800b3cc                __libc_init_array
 .text.__itoa   0x000000000800b414       0x30 /home/odemki/st/stm32cubeide_1.8.0_2/plugins/com.st.stm32cube.ide.mcu.externaltools.gnu-tools-for-stm32.10.3-2021.10.linux64_1.0.0.202111181127/tools/bin/../lib/gcc/arm-none-eabi/10.3.1/../../../../arm-none-eabi/lib/thumb/v7-m/nofp/libc_nano.a(lib_a-itoa.o)
                0x000000000800b414                __itoa
 .text.itoa     0x000000000800b444        0x4 /home/odemki/st/stm32cubeide_1.8.0_2/plugins/com.st.stm32cube.ide.mcu.externaltools.gnu-tools-for-stm32.10.3-2021.10.linux64_1.0.0.202111181127/tools/bin/../lib/gcc/arm-none-eabi/10.3.1/../../../../arm-none-eabi/lib/thumb/v7-m/nofp/libc_nano.a(lib_a-itoa.o)
                0x000000000800b444                itoa
 .text.__retarget_lock_acquire_recursive
                0x000000000800b448        0x2 /home/odemki/st/stm32cubeide_1.8.0_2/plugins/com.st.stm32cube.ide.mcu.externaltools.gnu-tools-for-stm32.10.3-2021.10.linux64_1.0.0.202111181127/tools/bin/../lib/gcc/arm-none-eabi/10.3.1/../../../../arm-none-eabi/lib/thumb/v7-m/nofp/libc_nano.a(lib_a-lock.o)
                0x000000000800b448                __retarget_lock_acquire_recursive
 .text.__retarget_lock_release_recursive
                0x000000000800b44a        0x2 /home/odemki/st/stm32cubeide_1.8.0_2/plugins/com.st.stm32cube.ide.mcu.externaltools.gnu-tools-for-stm32.10.3-2021.10.linux64_1.0.0.202111181127/tools/bin/../lib/gcc/arm-none-eabi/10.3.1/../../../../arm-none-eabi/lib/thumb/v7-m/nofp/libc_nano.a(lib_a-lock.o)
                0x000000000800b44a                __retarget_lock_release_recursive
 .text.memcpy   0x000000000800b44c       0x1c /home/odemki/st/stm32cubeide_1.8.0_2/plugins/com.st.stm32cube.ide.mcu.externaltools.gnu-tools-for-stm32.10.3-2021.10.linux64_1.0.0.202111181127/tools/bin/../lib/gcc/arm-none-eabi/10.3.1/../../../../arm-none-eabi/lib/thumb/v7-m/nofp/libc_nano.a(lib_a-memcpy-stub.o)
                0x000000000800b44c                memcpy
 .text.memset   0x000000000800b468       0x10 /home/odemki/st/stm32cubeide_1.8.0_2/plugins/com.st.stm32cube.ide.mcu.externaltools.gnu-tools-for-stm32.10.3-2021.10.linux64_1.0.0.202111181127/tools/bin/../lib/gcc/arm-none-eabi/10.3.1/../../../../arm-none-eabi/lib/thumb/v7-m/nofp/libc_nano.a(lib_a-memset.o)
                0x000000000800b468                memset
 .text.sbrk_aligned
                0x000000000800b478       0x40 /home/odemki/st/stm32cubeide_1.8.0_2/plugins/com.st.stm32cube.ide.mcu.externaltools.gnu-tools-for-stm32.10.3-2021.10.linux64_1.0.0.202111181127/tools/bin/../lib/gcc/arm-none-eabi/10.3.1/../../../../arm-none-eabi/lib/thumb/v7-m/nofp/libc_nano.a(lib_a-nano-mallocr.o)
 .text._malloc_r
                0x000000000800b4b8       0xe8 /home/odemki/st/stm32cubeide_1.8.0_2/plugins/com.st.stm32cube.ide.mcu.externaltools.gnu-tools-for-stm32.10.3-2021.10.linux64_1.0.0.202111181127/tools/bin/../lib/gcc/arm-none-eabi/10.3.1/../../../../arm-none-eabi/lib/thumb/v7-m/nofp/libc_nano.a(lib_a-nano-mallocr.o)
                0x000000000800b4b8                _malloc_r
 .text.cleanup_glue
                0x000000000800b5a0       0x1a /home/odemki/st/stm32cubeide_1.8.0_2/plugins/com.st.stm32cube.ide.mcu.externaltools.gnu-tools-for-stm32.10.3-2021.10.linux64_1.0.0.202111181127/tools/bin/../lib/gcc/arm-none-eabi/10.3.1/../../../../arm-none-eabi/lib/thumb/v7-m/nofp/libc_nano.a(lib_a-reent.o)
                0x000000000800b5a0                cleanup_glue
 *fill*         0x000000000800b5ba        0x2 
 .text._reclaim_reent
                0x000000000800b5bc       0xb8 /home/odemki/st/stm32cubeide_1.8.0_2/plugins/com.st.stm32cube.ide.mcu.externaltools.gnu-tools-for-stm32.10.3-2021.10.linux64_1.0.0.202111181127/tools/bin/../lib/gcc/arm-none-eabi/10.3.1/../../../../arm-none-eabi/lib/thumb/v7-m/nofp/libc_nano.a(lib_a-reent.o)
                0x000000000800b5bc                _reclaim_reent
 .text._sbrk_r  0x000000000800b674       0x20 /home/odemki/st/stm32cubeide_1.8.0_2/plugins/com.st.stm32cube.ide.mcu.externaltools.gnu-tools-for-stm32.10.3-2021.10.linux64_1.0.0.202111181127/tools/bin/../lib/gcc/arm-none-eabi/10.3.1/../../../../arm-none-eabi/lib/thumb/v7-m/nofp/libc_nano.a(lib_a-sbrkr.o)
                0x000000000800b674                _sbrk_r
 .text.sprintf  0x000000000800b694       0x40 /home/odemki/st/stm32cubeide_1.8.0_2/plugins/com.st.stm32cube.ide.mcu.externaltools.gnu-tools-for-stm32.10.3-2021.10.linux64_1.0.0.202111181127/tools/bin/../lib/gcc/arm-none-eabi/10.3.1/../../../../arm-none-eabi/lib/thumb/v7-m/nofp/libc_nano.a(lib_a-sprintf.o)
                0x000000000800b694                sprintf
                0x000000000800b694                siprintf
 .text.strcat   0x000000000800b6d4       0x1e /home/odemki/st/stm32cubeide_1.8.0_2/plugins/com.st.stm32cube.ide.mcu.externaltools.gnu-tools-for-stm32.10.3-2021.10.linux64_1.0.0.202111181127/tools/bin/../lib/gcc/arm-none-eabi/10.3.1/../../../../arm-none-eabi/lib/thumb/v7-m/nofp/libc_nano.a(lib_a-strcat.o)
                0x000000000800b6d4                strcat
 .text.strcpy   0x000000000800b6f2       0x10 /home/odemki/st/stm32cubeide_1.8.0_2/plugins/com.st.stm32cube.ide.mcu.externaltools.gnu-tools-for-stm32.10.3-2021.10.linux64_1.0.0.202111181127/tools/bin/../lib/gcc/arm-none-eabi/10.3.1/../../../../arm-none-eabi/lib/thumb/v7-m/nofp/libc_nano.a(lib_a-strcpy.o)
                0x000000000800b6f2                strcpy
 .text.strncat  0x000000000800b702       0x26 /home/odemki/st/stm32cubeide_1.8.0_2/plugins/com.st.stm32cube.ide.mcu.externaltools.gnu-tools-for-stm32.10.3-2021.10.linux64_1.0.0.202111181127/tools/bin/../lib/gcc/arm-none-eabi/10.3.1/../../../../arm-none-eabi/lib/thumb/v7-m/nofp/libc_nano.a(lib_a-strncat.o)
                0x000000000800b702                strncat
 .text.__utoa   0x000000000800b728       0x84 /home/odemki/st/stm32cubeide_1.8.0_2/plugins/com.st.stm32cube.ide.mcu.externaltools.gnu-tools-for-stm32.10.3-2021.10.linux64_1.0.0.202111181127/tools/bin/../lib/gcc/arm-none-eabi/10.3.1/../../../../arm-none-eabi/lib/thumb/v7-m/nofp/libc_nano.a(lib_a-utoa.o)
                0x000000000800b728                __utoa
 .text.__malloc_lock
                0x000000000800b7ac        0xc /home/odemki/st/stm32cubeide_1.8.0_2/plugins/com.st.stm32cube.ide.mcu.externaltools.gnu-tools-for-stm32.10.3-2021.10.linux64_1.0.0.202111181127/tools/bin/../lib/gcc/arm-none-eabi/10.3.1/../../../../arm-none-eabi/lib/thumb/v7-m/nofp/libc_nano.a(lib_a-mlock.o)
                0x000000000800b7ac                __malloc_lock
 .text.__malloc_unlock
                0x000000000800b7b8        0xc /home/odemki/st/stm32cubeide_1.8.0_2/plugins/com.st.stm32cube.ide.mcu.externaltools.gnu-tools-for-stm32.10.3-2021.10.linux64_1.0.0.202111181127/tools/bin/../lib/gcc/arm-none-eabi/10.3.1/../../../../arm-none-eabi/lib/thumb/v7-m/nofp/libc_nano.a(lib_a-mlock.o)
                0x000000000800b7b8                __malloc_unlock
 .text._free_r  0x000000000800b7c4       0x90 /home/odemki/st/stm32cubeide_1.8.0_2/plugins/com.st.stm32cube.ide.mcu.externaltools.gnu-tools-for-stm32.10.3-2021.10.linux64_1.0.0.202111181127/tools/bin/../lib/gcc/arm-none-eabi/10.3.1/../../../../arm-none-eabi/lib/thumb/v7-m/nofp/libc_nano.a(lib_a-nano-freer.o)
                0x000000000800b7c4                _free_r
 .text.__ssputs_r
                0x000000000800b854       0xb6 /home/odemki/st/stm32cubeide_1.8.0_2/plugins/com.st.stm32cube.ide.mcu.externaltools.gnu-tools-for-stm32.10.3-2021.10.linux64_1.0.0.202111181127/tools/bin/../lib/gcc/arm-none-eabi/10.3.1/../../../../arm-none-eabi/lib/thumb/v7-m/nofp/libc_nano.a(lib_a-nano-svfprintf.o)
                0x000000000800b854                __ssputs_r
 *fill*         0x000000000800b90a        0x2 
 .text._svfprintf_r
                0x000000000800b90c      0x200 /home/odemki/st/stm32cubeide_1.8.0_2/plugins/com.st.stm32cube.ide.mcu.externaltools.gnu-tools-for-stm32.10.3-2021.10.linux64_1.0.0.202111181127/tools/bin/../lib/gcc/arm-none-eabi/10.3.1/../../../../arm-none-eabi/lib/thumb/v7-m/nofp/libc_nano.a(lib_a-nano-svfprintf.o)
                0x000000000800b90c                _svfprintf_r
                0x000000000800b90c                _svfiprintf_r
 .text._printf_common
                0x000000000800bb0c       0xde /home/odemki/st/stm32cubeide_1.8.0_2/plugins/com.st.stm32cube.ide.mcu.externaltools.gnu-tools-for-stm32.10.3-2021.10.linux64_1.0.0.202111181127/tools/bin/../lib/gcc/arm-none-eabi/10.3.1/../../../../arm-none-eabi/lib/thumb/v7-m/nofp/libc_nano.a(lib_a-nano-vfprintf_i.o)
                0x000000000800bb0c                _printf_common
 *fill*         0x000000000800bbea        0x2 
 .text._printf_i
                0x000000000800bbec      0x24c /home/odemki/st/stm32cubeide_1.8.0_2/plugins/com.st.stm32cube.ide.mcu.externaltools.gnu-tools-for-stm32.10.3-2021.10.linux64_1.0.0.202111181127/tools/bin/../lib/gcc/arm-none-eabi/10.3.1/../../../../arm-none-eabi/lib/thumb/v7-m/nofp/libc_nano.a(lib_a-nano-vfprintf_i.o)
                0x000000000800bbec                _printf_i
 .text.memchr   0x000000000800be38       0x1c /home/odemki/st/stm32cubeide_1.8.0_2/plugins/com.st.stm32cube.ide.mcu.externaltools.gnu-tools-for-stm32.10.3-2021.10.linux64_1.0.0.202111181127/tools/bin/../lib/gcc/arm-none-eabi/10.3.1/../../../../arm-none-eabi/lib/thumb/v7-m/nofp/libc_nano.a(lib_a-memchr-stub.o)
                0x000000000800be38                memchr
 .text.memmove  0x000000000800be54       0x34 /home/odemki/st/stm32cubeide_1.8.0_2/plugins/com.st.stm32cube.ide.mcu.externaltools.gnu-tools-for-stm32.10.3-2021.10.linux64_1.0.0.202111181127/tools/bin/../lib/gcc/arm-none-eabi/10.3.1/../../../../arm-none-eabi/lib/thumb/v7-m/nofp/libc_nano.a(lib_a-memmove.o)
                0x000000000800be54                memmove
 .text._realloc_r
                0x000000000800be88       0x5e /home/odemki/st/stm32cubeide_1.8.0_2/plugins/com.st.stm32cube.ide.mcu.externaltools.gnu-tools-for-stm32.10.3-2021.10.linux64_1.0.0.202111181127/tools/bin/../lib/gcc/arm-none-eabi/10.3.1/../../../../arm-none-eabi/lib/thumb/v7-m/nofp/libc_nano.a(lib_a-nano-reallocr.o)
                0x000000000800be88                _realloc_r
 .text._malloc_usable_size_r
                0x000000000800bee6       0x10 /home/odemki/st/stm32cubeide_1.8.0_2/plugins/com.st.stm32cube.ide.mcu.externaltools.gnu-tools-for-stm32.10.3-2021.10.linux64_1.0.0.202111181127/tools/bin/../lib/gcc/arm-none-eabi/10.3.1/../../../../arm-none-eabi/lib/thumb/v7-m/nofp/libc_nano.a(lib_a-nano-msizer.o)
                0x000000000800bee6                _malloc_usable_size_r
 *(.glue_7)
 .glue_7        0x000000000800bef6        0x0 linker stubs
 *(.glue_7t)
 .glue_7t       0x000000000800bef6        0x0 linker stubs
 *(.eh_frame)
 *fill*         0x000000000800bef6        0x2 
 .eh_frame      0x000000000800bef8        0x0 /home/odemki/st/stm32cubeide_1.8.0_2/plugins/com.st.stm32cube.ide.mcu.externaltools.gnu-tools-for-stm32.10.3-2021.10.linux64_1.0.0.202111181127/tools/bin/../lib/gcc/arm-none-eabi/10.3.1/thumb/v7-m/nofp/crtbegin.o
 *(.init)
 .init          0x000000000800bef8        0x4 /home/odemki/st/stm32cubeide_1.8.0_2/plugins/com.st.stm32cube.ide.mcu.externaltools.gnu-tools-for-stm32.10.3-2021.10.linux64_1.0.0.202111181127/tools/bin/../lib/gcc/arm-none-eabi/10.3.1/thumb/v7-m/nofp/crti.o
                0x000000000800bef8                _init
 .init          0x000000000800befc        0x8 /home/odemki/st/stm32cubeide_1.8.0_2/plugins/com.st.stm32cube.ide.mcu.externaltools.gnu-tools-for-stm32.10.3-2021.10.linux64_1.0.0.202111181127/tools/bin/../lib/gcc/arm-none-eabi/10.3.1/thumb/v7-m/nofp/crtn.o
 *(.fini)
 .fini          0x000000000800bf04        0x4 /home/odemki/st/stm32cubeide_1.8.0_2/plugins/com.st.stm32cube.ide.mcu.externaltools.gnu-tools-for-stm32.10.3-2021.10.linux64_1.0.0.202111181127/tools/bin/../lib/gcc/arm-none-eabi/10.3.1/thumb/v7-m/nofp/crti.o
                0x000000000800bf04                _fini
 .fini          0x000000000800bf08        0x8 /home/odemki/st/stm32cubeide_1.8.0_2/plugins/com.st.stm32cube.ide.mcu.externaltools.gnu-tools-for-stm32.10.3-2021.10.linux64_1.0.0.202111181127/tools/bin/../lib/gcc/arm-none-eabi/10.3.1/thumb/v7-m/nofp/crtn.o
                0x000000000800bf10                . = ALIGN (0x4)
                0x000000000800bf10                _etext = .

.vfp11_veneer   0x000000000800bf10        0x0
 .vfp11_veneer  0x000000000800bf10        0x0 linker stubs

.v4_bx          0x000000000800bf10        0x0
 .v4_bx         0x000000000800bf10        0x0 linker stubs

.iplt           0x000000000800bf10        0x0
 .iplt          0x000000000800bf10        0x0 /home/odemki/st/stm32cubeide_1.8.0_2/plugins/com.st.stm32cube.ide.mcu.externaltools.gnu-tools-for-stm32.10.3-2021.10.linux64_1.0.0.202111181127/tools/bin/../lib/gcc/arm-none-eabi/10.3.1/thumb/v7-m/nofp/crtbegin.o

.rodata         0x000000000800bf10      0x6b8
                0x000000000800bf10                . = ALIGN (0x4)
 *(.rodata)
 .rodata        0x000000000800bf10      0x1ee ./Core/Src/main.o
 *fill*         0x000000000800c0fe        0x2 
 .rodata        0x000000000800c100       0x10 ./Drivers/STM32F1xx_HAL_Driver/Src/stm32f1xx_hal_rcc.o
 .rodata        0x000000000800c110       0x30 ./Middlewares/Third_Party/FreeRTOS/Source/tasks.o
 .rodata        0x000000000800c140        0xd ./Middlewares/Third_Party/FreeRTOS/Source/timers.o
 *(.rodata*)
 *fill*         0x000000000800c14d        0x3 
 .rodata.font   0x000000000800c150      0x240 ./Core/Src/ILI9341/ILI9341_GFX.o
 .rodata.defaultTask_attributes
                0x000000000800c390       0x24 ./Core/Src/main.o
                0x000000000800c390                defaultTask_attributes
 .rodata.RTC_DS3231_Task_attributes
                0x000000000800c3b4       0x24 ./Core/Src/main.o
                0x000000000800c3b4                RTC_DS3231_Task_attributes
 .rodata.BPE280_Task_attributes
                0x000000000800c3d8       0x24 ./Core/Src/main.o
                0x000000000800c3d8                BPE280_Task_attributes
 .rodata.MAIN_TASK_attributes
                0x000000000800c3fc       0x24 ./Core/Src/main.o
                0x000000000800c3fc                MAIN_TASK_attributes
 .rodata.UART_USB_Task_attributes
                0x000000000800c420       0x24 ./Core/Src/main.o
                0x000000000800c420                UART_USB_Task_attributes
 .rodata.LCD_Task_attributes
                0x000000000800c444       0x24 ./Core/Src/main.o
                0x000000000800c444                LCD_Task_attributes
 .rodata.UARTQueue_attributes
                0x000000000800c468       0x18 ./Core/Src/main.o
                0x000000000800c468                UARTQueue_attributes
 .rodata.buttonQueue_attributes
                0x000000000800c480       0x18 ./Core/Src/main.o
                0x000000000800c480                buttonQueue_attributes
 .rodata.THPQueue_attributes
                0x000000000800c498       0x18 ./Core/Src/main.o
                0x000000000800c498                THPQueue_attributes
 .rodata.rtc_queue_attributes
                0x000000000800c4b0       0x18 ./Core/Src/main.o
                0x000000000800c4b0                rtc_queue_attributes
 .rodata.new_rtc_queue_attributes
                0x000000000800c4c8       0x18 ./Core/Src/main.o
                0x000000000800c4c8                new_rtc_queue_attributes
 .rodata.main_Queue_attributes
                0x000000000800c4e0       0x18 ./Core/Src/main.o
                0x000000000800c4e0                main_Queue_attributes
 .rodata.AHBPrescTable
                0x000000000800c4f8       0x10 ./Core/Src/system_stm32f1xx.o
                0x000000000800c4f8                AHBPrescTable
 .rodata.APBPrescTable
                0x000000000800c508        0x8 ./Core/Src/system_stm32f1xx.o
                0x000000000800c508                APBPrescTable
 .rodata.__sf_fake_stderr
                0x000000000800c510       0x20 /home/odemki/st/stm32cubeide_1.8.0_2/plugins/com.st.stm32cube.ide.mcu.externaltools.gnu-tools-for-stm32.10.3-2021.10.linux64_1.0.0.202111181127/tools/bin/../lib/gcc/arm-none-eabi/10.3.1/../../../../arm-none-eabi/lib/thumb/v7-m/nofp/libc_nano.a(lib_a-findfp.o)
                0x000000000800c510                __sf_fake_stderr
 .rodata.__sf_fake_stdin
                0x000000000800c530       0x20 /home/odemki/st/stm32cubeide_1.8.0_2/plugins/com.st.stm32cube.ide.mcu.externaltools.gnu-tools-for-stm32.10.3-2021.10.linux64_1.0.0.202111181127/tools/bin/../lib/gcc/arm-none-eabi/10.3.1/../../../../arm-none-eabi/lib/thumb/v7-m/nofp/libc_nano.a(lib_a-findfp.o)
                0x000000000800c530                __sf_fake_stdin
 .rodata.__sf_fake_stdout
                0x000000000800c550       0x20 /home/odemki/st/stm32cubeide_1.8.0_2/plugins/com.st.stm32cube.ide.mcu.externaltools.gnu-tools-for-stm32.10.3-2021.10.linux64_1.0.0.202111181127/tools/bin/../lib/gcc/arm-none-eabi/10.3.1/../../../../arm-none-eabi/lib/thumb/v7-m/nofp/libc_nano.a(lib_a-findfp.o)
                0x000000000800c550                __sf_fake_stdout
 .rodata.__utoa.str1.1
                0x000000000800c570       0x25 /home/odemki/st/stm32cubeide_1.8.0_2/plugins/com.st.stm32cube.ide.mcu.externaltools.gnu-tools-for-stm32.10.3-2021.10.linux64_1.0.0.202111181127/tools/bin/../lib/gcc/arm-none-eabi/10.3.1/../../../../arm-none-eabi/lib/thumb/v7-m/nofp/libc_nano.a(lib_a-utoa.o)
 .rodata._svfprintf_r.str1.1
                0x000000000800c595       0x11 /home/odemki/st/stm32cubeide_1.8.0_2/plugins/com.st.stm32cube.ide.mcu.externaltools.gnu-tools-for-stm32.10.3-2021.10.linux64_1.0.0.202111181127/tools/bin/../lib/gcc/arm-none-eabi/10.3.1/../../../../arm-none-eabi/lib/thumb/v7-m/nofp/libc_nano.a(lib_a-nano-svfprintf.o)
 .rodata._printf_i.str1.1
                0x000000000800c5a6       0x22 /home/odemki/st/stm32cubeide_1.8.0_2/plugins/com.st.stm32cube.ide.mcu.externaltools.gnu-tools-for-stm32.10.3-2021.10.linux64_1.0.0.202111181127/tools/bin/../lib/gcc/arm-none-eabi/10.3.1/../../../../arm-none-eabi/lib/thumb/v7-m/nofp/libc_nano.a(lib_a-nano-vfprintf_i.o)
                0x000000000800c5c8                . = ALIGN (0x4)

.ARM.extab      0x000000000800c5c8        0x0
                0x000000000800c5c8                . = ALIGN (0x4)
 *(.ARM.extab* .gnu.linkonce.armextab.*)
                0x000000000800c5c8                . = ALIGN (0x4)

.ARM            0x000000000800c5c8        0x8
                0x000000000800c5c8                . = ALIGN (0x4)
                0x000000000800c5c8                __exidx_start = .
 *(.ARM.exidx*)
 .ARM.exidx     0x000000000800c5c8        0x8 /home/odemki/st/stm32cubeide_1.8.0_2/plugins/com.st.stm32cube.ide.mcu.externaltools.gnu-tools-for-stm32.10.3-2021.10.linux64_1.0.0.202111181127/tools/bin/../lib/gcc/arm-none-eabi/10.3.1/thumb/v7-m/nofp/libgcc.a(_udivmoddi4.o)
                0x000000000800c5d0                __exidx_end = .
                0x000000000800c5d0                . = ALIGN (0x4)

.rel.dyn        0x000000000800c5d0        0x0
 .rel.iplt      0x000000000800c5d0        0x0 /home/odemki/st/stm32cubeide_1.8.0_2/plugins/com.st.stm32cube.ide.mcu.externaltools.gnu-tools-for-stm32.10.3-2021.10.linux64_1.0.0.202111181127/tools/bin/../lib/gcc/arm-none-eabi/10.3.1/thumb/v7-m/nofp/crtbegin.o

.preinit_array  0x000000000800c5d0        0x0
                0x000000000800c5d0                . = ALIGN (0x4)
                0x000000000800c5d0                PROVIDE (__preinit_array_start = .)
 *(.preinit_array*)
                0x000000000800c5d0                PROVIDE (__preinit_array_end = .)
                0x000000000800c5d0                . = ALIGN (0x4)

.init_array     0x000000000800c5d0        0x4
                0x000000000800c5d0                . = ALIGN (0x4)
                0x000000000800c5d0                PROVIDE (__init_array_start = .)
 *(SORT_BY_NAME(.init_array.*))
 *(.init_array*)
 .init_array    0x000000000800c5d0        0x4 /home/odemki/st/stm32cubeide_1.8.0_2/plugins/com.st.stm32cube.ide.mcu.externaltools.gnu-tools-for-stm32.10.3-2021.10.linux64_1.0.0.202111181127/tools/bin/../lib/gcc/arm-none-eabi/10.3.1/thumb/v7-m/nofp/crtbegin.o
                0x000000000800c5d4                PROVIDE (__init_array_end = .)
                0x000000000800c5d4                . = ALIGN (0x4)

.fini_array     0x000000000800c5d4        0x4
                0x000000000800c5d4                . = ALIGN (0x4)
                [!provide]                        PROVIDE (__fini_array_start = .)
 *(SORT_BY_NAME(.fini_array.*))
 *(.fini_array*)
 .fini_array    0x000000000800c5d4        0x4 /home/odemki/st/stm32cubeide_1.8.0_2/plugins/com.st.stm32cube.ide.mcu.externaltools.gnu-tools-for-stm32.10.3-2021.10.linux64_1.0.0.202111181127/tools/bin/../lib/gcc/arm-none-eabi/10.3.1/thumb/v7-m/nofp/crtbegin.o
                [!provide]                        PROVIDE (__fini_array_end = .)
                0x000000000800c5d8                . = ALIGN (0x4)
                0x000000000800c5d8                _sidata = LOADADDR (.data)

.data           0x0000000020000000       0x7c load address 0x000000000800c5d8
                0x0000000020000000                . = ALIGN (0x4)
                0x0000000020000000                _sdata = .
 *(.data)
 *(.data*)
 .data.LCD_HEIGHT
                0x0000000020000000        0x2 ./Core/Src/ILI9341/ILI9341_STM32_Driver.o
                0x0000000020000000                LCD_HEIGHT
 .data.LCD_WIDTH
                0x0000000020000002        0x2 ./Core/Src/ILI9341/ILI9341_STM32_Driver.o
                0x0000000020000002                LCD_WIDTH
 .data.print_first_time_on_lcd_flag.0
                0x0000000020000004        0x1 ./Core/Src/main.o
 *fill*         0x0000000020000005        0x3 
 .data.SystemCoreClock
                0x0000000020000008        0x4 ./Core/Src/system_stm32f1xx.o
                0x0000000020000008                SystemCoreClock
 .data.uwTickPrio
                0x000000002000000c        0x4 ./Drivers/STM32F1xx_HAL_Driver/Src/stm32f1xx_hal.o
                0x000000002000000c                uwTickPrio
 .data.uwTickFreq
                0x0000000020000010        0x1 ./Drivers/STM32F1xx_HAL_Driver/Src/stm32f1xx_hal.o
                0x0000000020000010                uwTickFreq
 *fill*         0x0000000020000011        0x3 
 .data.uxCriticalNesting
                0x0000000020000014        0x4 ./Middlewares/Third_Party/FreeRTOS/Source/portable/GCC/ARM_CM3/port.o
 .data._impure_ptr
                0x0000000020000018        0x4 /home/odemki/st/stm32cubeide_1.8.0_2/plugins/com.st.stm32cube.ide.mcu.externaltools.gnu-tools-for-stm32.10.3-2021.10.linux64_1.0.0.202111181127/tools/bin/../lib/gcc/arm-none-eabi/10.3.1/../../../../arm-none-eabi/lib/thumb/v7-m/nofp/libc_nano.a(lib_a-impure.o)
                0x0000000020000018                _impure_ptr
 .data.impure_data
                0x000000002000001c       0x60 /home/odemki/st/stm32cubeide_1.8.0_2/plugins/com.st.stm32cube.ide.mcu.externaltools.gnu-tools-for-stm32.10.3-2021.10.linux64_1.0.0.202111181127/tools/bin/../lib/gcc/arm-none-eabi/10.3.1/../../../../arm-none-eabi/lib/thumb/v7-m/nofp/libc_nano.a(lib_a-impure.o)
 *(.RamFunc)
 *(.RamFunc*)
                0x000000002000007c                . = ALIGN (0x4)
                0x000000002000007c                _edata = .

.igot.plt       0x000000002000007c        0x0 load address 0x000000000800c654
 .igot.plt      0x000000002000007c        0x0 /home/odemki/st/stm32cubeide_1.8.0_2/plugins/com.st.stm32cube.ide.mcu.externaltools.gnu-tools-for-stm32.10.3-2021.10.linux64_1.0.0.202111181127/tools/bin/../lib/gcc/arm-none-eabi/10.3.1/thumb/v7-m/nofp/crtbegin.o
                0x000000002000007c                . = ALIGN (0x4)

.bss            0x000000002000007c     0x3d34 load address 0x000000000800c654
                0x000000002000007c                _sbss = .
                0x000000002000007c                __bss_start__ = _sbss
 *(.bss)
 .bss           0x000000002000007c       0x1c /home/odemki/st/stm32cubeide_1.8.0_2/plugins/com.st.stm32cube.ide.mcu.externaltools.gnu-tools-for-stm32.10.3-2021.10.linux64_1.0.0.202111181127/tools/bin/../lib/gcc/arm-none-eabi/10.3.1/thumb/v7-m/nofp/crtbegin.o
 *(.bss*)
 .bss.i2c       0x0000000020000098        0x4 ./Core/Src/ds3231/ds3231.o
                0x0000000020000098                i2c
 .bss.ulHighFreqebcyTimerTicks
                0x000000002000009c        0x4 ./Core/Src/main.o
                0x000000002000009c                ulHighFreqebcyTimerTicks
 .bss.str_management_memory_str
                0x00000000200000a0      0x3e8 ./Core/Src/main.o
                0x00000000200000a0                str_management_memory_str
 .bss.freemem   0x0000000020000488        0x4 ./Core/Src/main.o
                0x0000000020000488                freemem
 .bss.previousMillis
                0x000000002000048c        0x4 ./Core/Src/main.o
                0x000000002000048c                previousMillis
 .bss.currentMillis
                0x0000000020000490        0x4 ./Core/Src/main.o
                0x0000000020000490                currentMillis
 .bss.hi2c1     0x0000000020000494       0x54 ./Core/Src/main.o
                0x0000000020000494                hi2c1
 .bss.hspi1     0x00000000200004e8       0x58 ./Core/Src/main.o
                0x00000000200004e8                hspi1
 .bss.htim2     0x0000000020000540       0x48 ./Core/Src/main.o
                0x0000000020000540                htim2
 .bss.huart1    0x0000000020000588       0x44 ./Core/Src/main.o
                0x0000000020000588                huart1
 .bss.defaultTaskHandle
                0x00000000200005cc        0x4 ./Core/Src/main.o
                0x00000000200005cc                defaultTaskHandle
 .bss.RTC_DS3231_TaskHandle
                0x00000000200005d0        0x4 ./Core/Src/main.o
                0x00000000200005d0                RTC_DS3231_TaskHandle
 .bss.BPE280_TaskHandle
                0x00000000200005d4        0x4 ./Core/Src/main.o
                0x00000000200005d4                BPE280_TaskHandle
 .bss.MAIN_TASKHandle
                0x00000000200005d8        0x4 ./Core/Src/main.o
                0x00000000200005d8                MAIN_TASKHandle
 .bss.UART_USB_TaskHandle
                0x00000000200005dc        0x4 ./Core/Src/main.o
                0x00000000200005dc                UART_USB_TaskHandle
 .bss.LCD_TaskHandle
                0x00000000200005e0        0x4 ./Core/Src/main.o
                0x00000000200005e0                LCD_TaskHandle
 .bss.UARTQueueHandle
                0x00000000200005e4        0x4 ./Core/Src/main.o
                0x00000000200005e4                UARTQueueHandle
 .bss.UARTQueueBuffer
                0x00000000200005e8      0x800 ./Core/Src/main.o
                0x00000000200005e8                UARTQueueBuffer
 .bss.UARTQueueControlBlock
                0x0000000020000de8       0x50 ./Core/Src/main.o
                0x0000000020000de8                UARTQueueControlBlock
 .bss.buttonQueueHandle
                0x0000000020000e38        0x4 ./Core/Src/main.o
                0x0000000020000e38                buttonQueueHandle
 .bss.THPQueueHandle
                0x0000000020000e3c        0x4 ./Core/Src/main.o
                0x0000000020000e3c                THPQueueHandle
 .bss.THPQueueBuffer
                0x0000000020000e40       0x24 ./Core/Src/main.o
                0x0000000020000e40                THPQueueBuffer
 .bss.THPQueueControlBlock
                0x0000000020000e64       0x50 ./Core/Src/main.o
                0x0000000020000e64                THPQueueControlBlock
 .bss.rtc_queueHandle
                0x0000000020000eb4        0x4 ./Core/Src/main.o
                0x0000000020000eb4                rtc_queueHandle
 .bss.rtc_queueBuffer
                0x0000000020000eb8        0xe ./Core/Src/main.o
                0x0000000020000eb8                rtc_queueBuffer
 *fill*         0x0000000020000ec6        0x2 
 .bss.rtc_queueControlBlock
                0x0000000020000ec8       0x50 ./Core/Src/main.o
                0x0000000020000ec8                rtc_queueControlBlock
 .bss.new_rtc_queueHandle
                0x0000000020000f18        0x4 ./Core/Src/main.o
                0x0000000020000f18                new_rtc_queueHandle
 .bss.new_rtc_queueBuffer
                0x0000000020000f1c        0xe ./Core/Src/main.o
                0x0000000020000f1c                new_rtc_queueBuffer
 *fill*         0x0000000020000f2a        0x2 
 .bss.new_rtc_queueControlBlock
                0x0000000020000f2c       0x50 ./Core/Src/main.o
                0x0000000020000f2c                new_rtc_queueControlBlock
 .bss.main_QueueHandle
                0x0000000020000f7c        0x4 ./Core/Src/main.o
                0x0000000020000f7c                main_QueueHandle
 .bss.main_QueueBuffer
                0x0000000020000f80       0x28 ./Core/Src/main.o
                0x0000000020000f80                main_QueueBuffer
 .bss.main_QueueControlBlock
                0x0000000020000fa8       0x50 ./Core/Src/main.o
                0x0000000020000fa8                main_QueueControlBlock
 .bss.htim4     0x0000000020000ff8       0x48 ./Core/Src/stm32f1xx_hal_timebase_tim.o
                0x0000000020000ff8                htim4
 .bss.__sbrk_heap_end
                0x0000000020001040        0x4 ./Core/Src/sysmem.o
 .bss.uwTick    0x0000000020001044        0x4 ./Drivers/STM32F1xx_HAL_Driver/Src/stm32f1xx_hal.o
                0x0000000020001044                uwTick
 .bss.KernelState
                0x0000000020001048        0x4 ./Middlewares/Third_Party/FreeRTOS/Source/CMSIS_RTOS_V2/cmsis_os2.o
 .bss.Idle_TCB  0x000000002000104c       0xc0 ./Middlewares/Third_Party/FreeRTOS/Source/CMSIS_RTOS_V2/cmsis_os2.o
 .bss.Idle_Stack
                0x000000002000110c      0x200 ./Middlewares/Third_Party/FreeRTOS/Source/CMSIS_RTOS_V2/cmsis_os2.o
 .bss.Timer_TCB
                0x000000002000130c       0xc0 ./Middlewares/Third_Party/FreeRTOS/Source/CMSIS_RTOS_V2/cmsis_os2.o
 .bss.Timer_Stack
                0x00000000200013cc      0x400 ./Middlewares/Third_Party/FreeRTOS/Source/CMSIS_RTOS_V2/cmsis_os2.o
 .bss.xQueueRegistry
                0x00000000200017cc       0x40 ./Middlewares/Third_Party/FreeRTOS/Source/queue.o
                0x00000000200017cc                xQueueRegistry
 .bss.pxCurrentTCB
                0x000000002000180c        0x4 ./Middlewares/Third_Party/FreeRTOS/Source/tasks.o
                0x000000002000180c                pxCurrentTCB
 .bss.pxReadyTasksLists
                0x0000000020001810      0x460 ./Middlewares/Third_Party/FreeRTOS/Source/tasks.o
 .bss.xDelayedTaskList1
                0x0000000020001c70       0x14 ./Middlewares/Third_Party/FreeRTOS/Source/tasks.o
 .bss.xDelayedTaskList2
                0x0000000020001c84       0x14 ./Middlewares/Third_Party/FreeRTOS/Source/tasks.o
 .bss.pxDelayedTaskList
                0x0000000020001c98        0x4 ./Middlewares/Third_Party/FreeRTOS/Source/tasks.o
 .bss.pxOverflowDelayedTaskList
                0x0000000020001c9c        0x4 ./Middlewares/Third_Party/FreeRTOS/Source/tasks.o
 .bss.xPendingReadyList
                0x0000000020001ca0       0x14 ./Middlewares/Third_Party/FreeRTOS/Source/tasks.o
 .bss.xTasksWaitingTermination
                0x0000000020001cb4       0x14 ./Middlewares/Third_Party/FreeRTOS/Source/tasks.o
 .bss.uxDeletedTasksWaitingCleanUp
                0x0000000020001cc8        0x4 ./Middlewares/Third_Party/FreeRTOS/Source/tasks.o
 .bss.xSuspendedTaskList
                0x0000000020001ccc       0x14 ./Middlewares/Third_Party/FreeRTOS/Source/tasks.o
 .bss.uxCurrentNumberOfTasks
                0x0000000020001ce0        0x4 ./Middlewares/Third_Party/FreeRTOS/Source/tasks.o
 .bss.xTickCount
                0x0000000020001ce4        0x4 ./Middlewares/Third_Party/FreeRTOS/Source/tasks.o
 .bss.uxTopReadyPriority
                0x0000000020001ce8        0x4 ./Middlewares/Third_Party/FreeRTOS/Source/tasks.o
 .bss.xSchedulerRunning
                0x0000000020001cec        0x4 ./Middlewares/Third_Party/FreeRTOS/Source/tasks.o
 .bss.uxPendedTicks
                0x0000000020001cf0        0x4 ./Middlewares/Third_Party/FreeRTOS/Source/tasks.o
 .bss.xYieldPending
                0x0000000020001cf4        0x4 ./Middlewares/Third_Party/FreeRTOS/Source/tasks.o
 .bss.xNumOfOverflows
                0x0000000020001cf8        0x4 ./Middlewares/Third_Party/FreeRTOS/Source/tasks.o
 .bss.uxTaskNumber
                0x0000000020001cfc        0x4 ./Middlewares/Third_Party/FreeRTOS/Source/tasks.o
 .bss.xNextTaskUnblockTime
                0x0000000020001d00        0x4 ./Middlewares/Third_Party/FreeRTOS/Source/tasks.o
 .bss.xIdleTaskHandle
                0x0000000020001d04        0x4 ./Middlewares/Third_Party/FreeRTOS/Source/tasks.o
 .bss.uxSchedulerSuspended
                0x0000000020001d08        0x4 ./Middlewares/Third_Party/FreeRTOS/Source/tasks.o
 .bss.ulTaskSwitchedInTime
                0x0000000020001d0c        0x4 ./Middlewares/Third_Party/FreeRTOS/Source/tasks.o
 .bss.ulTotalRunTime
                0x0000000020001d10        0x4 ./Middlewares/Third_Party/FreeRTOS/Source/tasks.o
 .bss.xActiveTimerList1
                0x0000000020001d14       0x14 ./Middlewares/Third_Party/FreeRTOS/Source/timers.o
 .bss.xActiveTimerList2
                0x0000000020001d28       0x14 ./Middlewares/Third_Party/FreeRTOS/Source/timers.o
 .bss.pxCurrentTimerList
                0x0000000020001d3c        0x4 ./Middlewares/Third_Party/FreeRTOS/Source/timers.o
 .bss.pxOverflowTimerList
                0x0000000020001d40        0x4 ./Middlewares/Third_Party/FreeRTOS/Source/timers.o
 .bss.xTimerQueue
                0x0000000020001d44        0x4 ./Middlewares/Third_Party/FreeRTOS/Source/timers.o
 .bss.xTimerTaskHandle
                0x0000000020001d48        0x4 ./Middlewares/Third_Party/FreeRTOS/Source/timers.o
 .bss.xLastTime.2
                0x0000000020001d4c        0x4 ./Middlewares/Third_Party/FreeRTOS/Source/timers.o
 .bss.ucStaticTimerQueueStorage.1
                0x0000000020001d50       0xa0 ./Middlewares/Third_Party/FreeRTOS/Source/timers.o
 .bss.xStaticTimerQueue.0
                0x0000000020001df0       0x50 ./Middlewares/Third_Party/FreeRTOS/Source/timers.o
 .bss.ucMaxSysCallPriority
                0x0000000020001e40        0x1 ./Middlewares/Third_Party/FreeRTOS/Source/portable/GCC/ARM_CM3/port.o
 *fill*         0x0000000020001e41        0x3 
 .bss.ulMaxPRIGROUPValue
                0x0000000020001e44        0x4 ./Middlewares/Third_Party/FreeRTOS/Source/portable/GCC/ARM_CM3/port.o
 .bss.ucHeap    0x0000000020001e48     0x1f40 ./Middlewares/Third_Party/FreeRTOS/Source/portable/MemMang/heap_4.o
 .bss.xStart    0x0000000020003d88        0x8 ./Middlewares/Third_Party/FreeRTOS/Source/portable/MemMang/heap_4.o
 .bss.pxEnd     0x0000000020003d90        0x4 ./Middlewares/Third_Party/FreeRTOS/Source/portable/MemMang/heap_4.o
 .bss.xFreeBytesRemaining
                0x0000000020003d94        0x4 ./Middlewares/Third_Party/FreeRTOS/Source/portable/MemMang/heap_4.o
 .bss.xMinimumEverFreeBytesRemaining
                0x0000000020003d98        0x4 ./Middlewares/Third_Party/FreeRTOS/Source/portable/MemMang/heap_4.o
 .bss.xBlockAllocatedBit
                0x0000000020003d9c        0x4 ./Middlewares/Third_Party/FreeRTOS/Source/portable/MemMang/heap_4.o
 .bss.__lock___malloc_recursive_mutex
                0x0000000020003da0        0x1 /home/odemki/st/stm32cubeide_1.8.0_2/plugins/com.st.stm32cube.ide.mcu.externaltools.gnu-tools-for-stm32.10.3-2021.10.linux64_1.0.0.202111181127/tools/bin/../lib/gcc/arm-none-eabi/10.3.1/../../../../arm-none-eabi/lib/thumb/v7-m/nofp/libc_nano.a(lib_a-lock.o)
                0x0000000020003da0                __lock___malloc_recursive_mutex
 *fill*         0x0000000020003da1        0x3 
 .bss.__malloc_free_list
                0x0000000020003da4        0x4 /home/odemki/st/stm32cubeide_1.8.0_2/plugins/com.st.stm32cube.ide.mcu.externaltools.gnu-tools-for-stm32.10.3-2021.10.linux64_1.0.0.202111181127/tools/bin/../lib/gcc/arm-none-eabi/10.3.1/../../../../arm-none-eabi/lib/thumb/v7-m/nofp/libc_nano.a(lib_a-nano-mallocr.o)
                0x0000000020003da4                __malloc_free_list
 .bss.__malloc_sbrk_start
                0x0000000020003da8        0x4 /home/odemki/st/stm32cubeide_1.8.0_2/plugins/com.st.stm32cube.ide.mcu.externaltools.gnu-tools-for-stm32.10.3-2021.10.linux64_1.0.0.202111181127/tools/bin/../lib/gcc/arm-none-eabi/10.3.1/../../../../arm-none-eabi/lib/thumb/v7-m/nofp/libc_nano.a(lib_a-nano-mallocr.o)
                0x0000000020003da8                __malloc_sbrk_start
 .bss.errno     0x0000000020003dac        0x4 /home/odemki/st/stm32cubeide_1.8.0_2/plugins/com.st.stm32cube.ide.mcu.externaltools.gnu-tools-for-stm32.10.3-2021.10.linux64_1.0.0.202111181127/tools/bin/../lib/gcc/arm-none-eabi/10.3.1/../../../../arm-none-eabi/lib/thumb/v7-m/nofp/libc_nano.a(lib_a-reent.o)
                0x0000000020003dac                errno
 *(COMMON)
                0x0000000020003db0                . = ALIGN (0x4)
                0x0000000020003db0                _ebss = .
                0x0000000020003db0                __bss_end__ = _ebss

._user_heap_stack
                0x0000000020003db0      0x600 load address 0x000000000800c654
                0x0000000020003db0                . = ALIGN (0x8)
                [!provide]                        PROVIDE (end = .)
                0x0000000020003db0                PROVIDE (_end = .)
                0x0000000020003fb0                . = (. + _Min_Heap_Size)
 *fill*         0x0000000020003db0      0x200 
                0x00000000200043b0                . = (. + _Min_Stack_Size)
 *fill*         0x0000000020003fb0      0x400 
                0x00000000200043b0                . = ALIGN (0x8)

/DISCARD/
 libc.a(*)
 libm.a(*)
 libgcc.a(*)

.ARM.attributes
                0x0000000000000000       0x29
 *(.ARM.attributes)
 .ARM.attributes
                0x0000000000000000       0x1d /home/odemki/st/stm32cubeide_1.8.0_2/plugins/com.st.stm32cube.ide.mcu.externaltools.gnu-tools-for-stm32.10.3-2021.10.linux64_1.0.0.202111181127/tools/bin/../lib/gcc/arm-none-eabi/10.3.1/thumb/v7-m/nofp/crti.o
 .ARM.attributes
                0x000000000000001d       0x2d /home/odemki/st/stm32cubeide_1.8.0_2/plugins/com.st.stm32cube.ide.mcu.externaltools.gnu-tools-for-stm32.10.3-2021.10.linux64_1.0.0.202111181127/tools/bin/../lib/gcc/arm-none-eabi/10.3.1/thumb/v7-m/nofp/crtbegin.o
 .ARM.attributes
                0x000000000000004a       0x2d ./Core/Src/ILI9341/ILI9341_GFX.o
 .ARM.attributes
                0x0000000000000077       0x2d ./Core/Src/ILI9341/ILI9341_STM32_Driver.o
 .ARM.attributes
                0x00000000000000a4       0x2d ./Core/Src/bme280/bme280.o
 .ARM.attributes
                0x00000000000000d1       0x2d ./Core/Src/ds3231/ds3231.o
 .ARM.attributes
                0x00000000000000fe       0x2d ./Core/Src/main.o
 .ARM.attributes
                0x000000000000012b       0x2d ./Core/Src/stm32f1xx_hal_msp.o
 .ARM.attributes