Archive member included to satisfy reference by file (symbol)

/opt/st/stm32cubeide_1.9.0_2/plugins/com.st.stm32cube.ide.mcu.externaltools.gnu-tools-for-stm32.10.3-2021.10.linux64_1.0.0.202111181127/tools/bin/../lib/gcc/arm-none-eabi/10.3.1/../../../../arm-none-eabi/lib/thumb/v7-m/nofp/libc_nano.a(lib_a-errno.o)
                              ./Core/Src/syscalls.o (__errno)
/opt/st/stm32cubeide_1.9.0_2/plugins/com.st.stm32cube.ide.mcu.externaltools.gnu-tools-for-stm32.10.3-2021.10.linux64_1.0.0.202111181127/tools/bin/../lib/gcc/arm-none-eabi/10.3.1/../../../../arm-none-eabi/lib/thumb/v7-m/nofp/libc_nano.a(lib_a-exit.o)
                              /opt/st/stm32cubeide_1.9.0_2/plugins/com.st.stm32cube.ide.mcu.externaltools.gnu-tools-for-stm32.10.3-2021.10.linux64_1.0.0.202111181127/tools/bin/../lib/gcc/arm-none-eabi/10.3.1/../../../../arm-none-eabi/lib/thumb/v7-m/nofp/crt0.o (exit)
/opt/st/stm32cubeide_1.9.0_2/plugins/com.st.stm32cube.ide.mcu.externaltools.gnu-tools-for-stm32.10.3-2021.10.linux64_1.0.0.202111181127/tools/bin/../lib/gcc/arm-none-eabi/10.3.1/../../../../arm-none-eabi/lib/thumb/v7-m/nofp/libc_nano.a(lib_a-findfp.o)
                              ./Middlewares/Third_Party/FreeRTOS/Source/tasks.o (__sf_fake_stderr)
/opt/st/stm32cubeide_1.9.0_2/plugins/com.st.stm32cube.ide.mcu.externaltools.gnu-tools-for-stm32.10.3-2021.10.linux64_1.0.0.202111181127/tools/bin/../lib/gcc/arm-none-eabi/10.3.1/../../../../arm-none-eabi/lib/thumb/v7-m/nofp/libc_nano.a(lib_a-fwalk.o)
                              /opt/st/stm32cubeide_1.9.0_2/plugins/com.st.stm32cube.ide.mcu.externaltools.gnu-tools-for-stm32.10.3-2021.10.linux64_1.0.0.202111181127/tools/bin/../lib/gcc/arm-none-eabi/10.3.1/../../../../arm-none-eabi/lib/thumb/v7-m/nofp/libc_nano.a(lib_a-findfp.o) (_fwalk)
/opt/st/stm32cubeide_1.9.0_2/plugins/com.st.stm32cube.ide.mcu.externaltools.gnu-tools-for-stm32.10.3-2021.10.linux64_1.0.0.202111181127/tools/bin/../lib/gcc/arm-none-eabi/10.3.1/../../../../arm-none-eabi/lib/thumb/v7-m/nofp/libc_nano.a(lib_a-impure.o)
                              /opt/st/stm32cubeide_1.9.0_2/plugins/com.st.stm32cube.ide.mcu.externaltools.gnu-tools-for-stm32.10.3-2021.10.linux64_1.0.0.202111181127/tools/bin/../lib/gcc/arm-none-eabi/10.3.1/../../../../arm-none-eabi/lib/thumb/v7-m/nofp/libc_nano.a(lib_a-exit.o) (_global_impure_ptr)
/opt/st/stm32cubeide_1.9.0_2/plugins/com.st.stm32cube.ide.mcu.externaltools.gnu-tools-for-stm32.10.3-2021.10.linux64_1.0.0.202111181127/tools/bin/../lib/gcc/arm-none-eabi/10.3.1/../../../../arm-none-eabi/lib/thumb/v7-m/nofp/libc_nano.a(lib_a-init.o)
                              /opt/st/stm32cubeide_1.9.0_2/plugins/com.st.stm32cube.ide.mcu.externaltools.gnu-tools-for-stm32.10.3-2021.10.linux64_1.0.0.202111181127/tools/bin/../lib/gcc/arm-none-eabi/10.3.1/../../../../arm-none-eabi/lib/thumb/v7-m/nofp/crt0.o (__libc_init_array)
/opt/st/stm32cubeide_1.9.0_2/plugins/com.st.stm32cube.ide.mcu.externaltools.gnu-tools-for-stm32.10.3-2021.10.linux64_1.0.0.202111181127/tools/bin/../lib/gcc/arm-none-eabi/10.3.1/../../../../arm-none-eabi/lib/thumb/v7-m/nofp/libc_nano.a(lib_a-itoa.o)
                              ./Core/Src/main.o (itoa)
/opt/st/stm32cubeide_1.9.0_2/plugins/com.st.stm32cube.ide.mcu.externaltools.gnu-tools-for-stm32.10.3-2021.10.linux64_1.0.0.202111181127/tools/bin/../lib/gcc/arm-none-eabi/10.3.1/../../../../arm-none-eabi/lib/thumb/v7-m/nofp/libc_nano.a(lib_a-lock.o)
                              /opt/st/stm32cubeide_1.9.0_2/plugins/com.st.stm32cube.ide.mcu.externaltools.gnu-tools-for-stm32.10.3-2021.10.linux64_1.0.0.202111181127/tools/bin/../lib/gcc/arm-none-eabi/10.3.1/../../../../arm-none-eabi/lib/thumb/v7-m/nofp/libc_nano.a(lib_a-findfp.o) (__retarget_lock_init_recursive)
/opt/st/stm32cubeide_1.9.0_2/plugins/com.st.stm32cube.ide.mcu.externaltools.gnu-tools-for-stm32.10.3-2021.10.linux64_1.0.0.202111181127/tools/bin/../lib/gcc/arm-none-eabi/10.3.1/../../../../arm-none-eabi/lib/thumb/v7-m/nofp/libc_nano.a(lib_a-memcpy-stub.o)
                              ./Middlewares/Third_Party/FreeRTOS/Source/CMSIS_RTOS_V2/cmsis_os2.o (memcpy)
/opt/st/stm32cubeide_1.9.0_2/plugins/com.st.stm32cube.ide.mcu.externaltools.gnu-tools-for-stm32.10.3-2021.10.linux64_1.0.0.202111181127/tools/bin/../lib/gcc/arm-none-eabi/10.3.1/../../../../arm-none-eabi/lib/thumb/v7-m/nofp/libc_nano.a(lib_a-memset.o)
                              /opt/st/stm32cubeide_1.9.0_2/plugins/com.st.stm32cube.ide.mcu.externaltools.gnu-tools-for-stm32.10.3-2021.10.linux64_1.0.0.202111181127/tools/bin/../lib/gcc/arm-none-eabi/10.3.1/../../../../arm-none-eabi/lib/thumb/v7-m/nofp/crt0.o (memset)
/opt/st/stm32cubeide_1.9.0_2/plugins/com.st.stm32cube.ide.mcu.externaltools.gnu-tools-for-stm32.10.3-2021.10.linux64_1.0.0.202111181127/tools/bin/../lib/gcc/arm-none-eabi/10.3.1/../../../../arm-none-eabi/lib/thumb/v7-m/nofp/libc_nano.a(lib_a-nano-mallocr.o)
[...]
Memory Configuration

Name             Origin             Length             Attributes
RAM              0x0000000020000000 0x0000000000005000 xrw
FLASH            0x0000000008000000 0x0000000000010000 xr
*default*        0x0000000000000000 0xffffffffffffffff

Linker script and memory map

LOAD /opt/st/stm32cubeide_1.9.0_2/plugins/com.st.stm32cube.ide.mcu.externaltools.gnu-tools-for-stm32.10.3-2021.10.linux64_1.0.0.202111181127/tools/bin/../lib/gcc/arm-none-eabi/10.3.1/thumb/v7-m/nofp/crti.o
LOAD /opt/st/stm32cubeide_1.9.0_2/plugins/com.st.stm32cube.ide.mcu.externaltools.gnu-tools-for-stm32.10.3-2021.10.linux64_1.0.0.202111181127/tools/bin/../lib/gcc/arm-none-eabi/10.3.1/thumb/v7-m/nofp/crtbegin.o
LOAD /opt/st/stm32cubeide_1.9.0_2/plugins/com.st.stm32cube.ide.mcu.externaltools.gnu-tools-for-stm32.10.3-2021.10.linux64_1.0.0.202111181127/tools/bin/../lib/gcc/arm-none-eabi/10.3.1/../../../../arm-none-eabi/lib/thumb/v7-m/nofp/crt0.o
LOAD ./Core/Src/ILI9341/ILI9341_GFX.o
LOAD ./Core/Src/ILI9341/ILI9341_STM32_Driver.o
LOAD ./Core/Src/ILI9341/ILI9341_Touchscreen.o
LOAD ./Core/Src/bme280/bme280.o
LOAD ./Core/Src/ds3231/ds3231.o
LOAD ./Core/Src/freertos.o
LOAD ./Core/Src/main.o
LOAD ./Core/Src/stm32f1xx_hal_msp.o
LOAD ./Core/Src/stm32f1xx_hal_timebase_tim.o
LOAD ./Core/Src/stm32f1xx_it.o
LOAD ./Core/Src/syscalls.o
LOAD ./Core/Src/sysmem.o
LOAD ./Core/Src/system_stm32f1xx.o
LOAD ./Core/Startup/startup_stm32f103c8tx.o
LOAD ./Drivers/STM32F1xx_HAL_Driver/Src/stm32f1xx_hal.o
LOAD ./Drivers/STM32F1xx_HAL_Driver/Src/stm32f1xx_hal_cortex.o
LOAD ./Drivers/STM32F1xx_HAL_Driver/Src/stm32f1xx_hal_dma.o
LOAD ./Drivers/STM32F1xx_HAL_Driver/Src/stm32f1xx_hal_exti.o
LOAD ./Drivers/STM32F1xx_HAL_Driver/Src/stm32f1xx_hal_flash.o
LOAD ./Drivers/STM32F1xx_HAL_Driver/Src/stm32f1xx_hal_flash_ex.o
LOAD ./Drivers/STM32F1xx_HAL_Driver/Src/stm32f1xx_hal_gpio.o
LOAD ./Drivers/STM32F1xx_HAL_Driver/Src/stm32f1xx_hal_gpio_ex.o
LOAD ./Drivers/STM32F1xx_HAL_Driver/Src/stm32f1xx_hal_i2c.o
LOAD ./Drivers/STM32F1xx_HAL_Driver/Src/stm32f1xx_hal_pwr.o
LOAD ./Drivers/STM32F1xx_HAL_Driver/Src/stm32f1xx_hal_rcc.o
LOAD ./Drivers/STM32F1xx_HAL_Driver/Src/stm32f1xx_hal_rcc_ex.o
LOAD ./Drivers/STM32F1xx_HAL_Driver/Src/stm32f1xx_hal_spi.o
LOAD ./Drivers/STM32F1xx_HAL_Driver/Src/stm32f1xx_hal_tim.o
LOAD ./Drivers/STM32F1xx_HAL_Driver/Src/stm32f1xx_hal_tim_ex.o
LOAD ./Drivers/STM32F1xx_HAL_Driver/Src/stm32f1xx_hal_uart.o
LOAD ./Middlewares/Third_Party/FreeRTOS/Source/CMSIS_RTOS_V2/cmsis_os2.o
LOAD ./Middlewares/Third_Party/FreeRTOS/Source/croutine.o
LOAD ./Middlewares/Third_Party/FreeRTOS/Source/event_groups.o
LOAD ./Middlewares/Third_Party/FreeRTOS/Source/list.o
LOAD ./Middlewares/Third_Party/FreeRTOS/Source/queue.o
LOAD ./Middlewares/Third_Party/FreeRTOS/Source/stream_buffer.o
LOAD ./Middlewares/Third_Party/FreeRTOS/Source/tasks.o
LOAD ./Middlewares/Third_Party/FreeRTOS/Source/timers.o
LOAD ./Middlewares/Third_Party/FreeRTOS/Source/portable/GCC/ARM_CM3/port.o
LOAD ./Middlewares/Third_Party/FreeRTOS/Source/portable/MemMang/heap_4.o
START GROUP
LOAD /opt/st/stm32cubeide_1.9.0_2/plugins/com.st.stm32cube.ide.mcu.externaltools.gnu-tools-for-stm32.10.3-2021.10.linux64_1.0.0.202111181127/tools/bin/../lib/gcc/arm-none-eabi/10.3.1/../../../../arm-none-eabi/lib/thumb/v7-m/nofp/libc_nano.a
LOAD /opt/st/stm32cubeide_1.9.0_2/plugins/com.st.stm32cube.ide.mcu.externaltools.gnu-tools-for-stm32.10.3-2021.10.linux64_1.0.0.202111181127/tools/bin/../lib/gcc/arm-none-eabi/10.3.1/../../../../arm-none-eabi/lib/thumb/v7-m/nofp/libm.a
END GROUP
START GROUP
LOAD /opt/st/stm32cubeide_1.9.0_2/plugins/com.st.stm32cube.ide.mcu.externaltools.gnu-tools-for-stm32.10.3-2021.10.linux64_1.0.0.202111181127/tools/bin/../lib/gcc/arm-none-eabi/10.3.1/thumb/v7-m/nofp/libgcc.a
LOAD /opt/st/stm32cubeide_1.9.0_2/plugins/com.st.stm32cube.ide.mcu.externaltools.gnu-tools-for-stm32.10.3-2021.10.linux64_1.0.0.202111181127/tools/bin/../lib/gcc/arm-none-eabi/10.3.1/../../../../arm-none-eabi/lib/thumb/v7-m/nofp/libc_nano.a
END GROUP
START GROUP
LOAD /opt/st/stm32cubeide_1.9.0_2/plugins/com.st.stm32cube.ide.mcu.externaltools.gnu-tools-for-stm32.10.3-2021.10.linux64_1.0.0.202111181127/tools/bin/../lib/gcc/arm-none-eabi/10.3.1/thumb/v7-m/nofp/libgcc.a
LOAD /opt/st/stm32cubeide_1.9.0_2/plugins/com.st.stm32cube.ide.mcu.externaltools.gnu-tools-for-stm32.10.3-2021.10.linux64_1.0.0.202111181127/tools/bin/../lib/gcc/arm-none-eabi/10.3.1/../../../../arm-none-eabi/lib/thumb/v7-m/nofp/libc_nano.a
LOAD /opt/st/stm32cubeide_1.9.0_2/plugins/com.st.stm32cube.ide.mcu.externaltools.gnu-tools-for-stm32.10.3-2021.10.linux64_1.0.0.202111181127/tools/bin/../lib/gcc/arm-none-eabi/10.3.1/../../../../arm-none-eabi/lib/thumb/v7-m/nofp/libnosys.a
END GROUP
START GROUP
LOAD /opt/st/stm32cubeide_1.9.0_2/plugins/com.st.stm32cube.ide.mcu.externaltools.gnu-tools-for-stm32.10.3-2021.10.linux64_1.0.0.202111181127/tools/bin/../lib/gcc/arm-none-eabi/10.3.1/thumb/v7-m/nofp/libgcc.a
LOAD /opt/st/stm32cubeide_1.9.0_2/plugins/com.st.stm32cube.ide.mcu.externaltools.gnu-tools-for-stm32.10.3-2021.10.linux64_1.0.0.202111181127/tools/bin/../lib/gcc/arm-none-eabi/10.3.1/../../../../arm-none-eabi/lib/thumb/v7-m/nofp/libc_nano.a
LOAD /opt/st/stm32cubeide_1.9.0_2/plugins/com.st.stm32cube.ide.mcu.externaltools.gnu-tools-for-stm32.10.3-2021.10.linux64_1.0.0.202111181127/tools/bin/../lib/gcc/arm-none-eabi/10.3.1/../../../../arm-none-eabi/lib/thumb/v7-m/nofp/libnosys.a
END GROUP
LOAD /opt/st/stm32cubeide_1.9.0_2/plugins/com.st.stm32cube.ide.mcu.externaltools.gnu-tools-for-stm32.10.3-2021.10.linux64_1.0.0.202111181127/tools/bin/../lib/gcc/arm-none-eabi/10.3.1/thumb/v7-m/nofp/crtend.o
LOAD /opt/st/stm32cubeide_1.9.0_2/plugins/com.st.stm32cube.ide.mcu.externaltools.gnu-tools-for-stm32.10.3-2021.10.linux64_1.0.0.202111181127/tools/bin/../lib/gcc/arm-none-eabi/10.3.1/thumb/v7-m/nofp/crtn.o
                0x0000000020005000                _estack = (ORIGIN (RAM) + LENGTH (RAM))
                0x0000000000000200                _Min_Heap_Size = 0x200
                0x0000000000000400                _Min_Stack_Size = 0x400

.isr_vector     0x0000000008000000      0x10c
                0x0000000008000000                . = ALIGN (0x4)
 *(.isr_vector)
 .isr_vector    0x0000000008000000      0x10c ./Core/Startup/startup_stm32f103c8tx.o
                0x0000000008000000                g_pfnVectors
                0x000000000800010c                . = ALIGN (0x4)

.text           0x0000000008000110     0xd8bc
                0x0000000008000110                . = ALIGN (0x4)
 *(.text)
 .text          0x0000000008000110       0x40 /opt/st/stm32cubeide_1.9.0_2/plugins/com.st.stm32cube.ide.mcu.externaltools.gnu-tools-for-stm32.10.3-2021.10.linux64_1.0.0.202111181127/tools/bin/../lib/gcc/arm-none-eabi/10.3.1/thumb/v7-m/nofp/crtbegin.o
 .text          0x0000000008000150       0x10 /opt/st/stm32cubeide_1.9.0_2/plugins/com.st.stm32cube.ide.mcu.externaltools.gnu-tools-for-stm32.10.3-2021.10.linux64_1.0.0.202111181127/tools/bin/../lib/gcc/arm-none-eabi/10.3.1/../../../../arm-none-eabi/lib/thumb/v7-m/nofp/libc_nano.a(lib_a-strlen.o)
                0x0000000008000150                strlen
 .text          0x0000000008000160      0x21c /opt/st/stm32cubeide_1.9.0_2/plugins/com.st.stm32cube.ide.mcu.externaltools.gnu-tools-for-stm32.10.3-2021.10.linux64_1.0.0.202111181127/tools/bin/../lib/gcc/arm-none-eabi/10.3.1/thumb/v7-m/nofp/libgcc.a(_arm_addsubsf3.o)
                0x0000000008000160                __aeabi_frsub
                0x0000000008000168                __subsf3
                0x0000000008000168                __aeabi_fsub
                0x000000000800016c                __aeabi_fadd
                0x000000000800016c                __addsf3
                0x00000000080002cc                __aeabi_ui2f
                0x00000000080002cc                __floatunsisf
                0x00000000080002d4                __aeabi_i2f
                0x00000000080002d4                __floatsisf
                0x00000000080002f0                __floatundisf
                0x00000000080002f0                __aeabi_ul2f
                0x0000000008000300                __floatdisf
                0x0000000008000300                __aeabi_l2f
 .text          0x000000000800037c      0x2a0 /opt/st/stm32cubeide_1.9.0_2/plugins/com.st.stm32cube.ide.mcu.externaltools.gnu-tools-for-stm32.10.3-2021.10.linux64_1.0.0.202111181127/tools/bin/../lib/gcc/arm-none-eabi/10.3.1/thumb/v7-m/nofp/libgcc.a(_arm_muldivsf3.o)
                0x000000000800037c                __mulsf3
                0x000000000800037c                __aeabi_fmul
                0x00000000080004e4                __divsf3
                0x00000000080004e4                __aeabi_fdiv
 .text          0x000000000800061c       0xec /opt/st/stm32cubeide_1.9.0_2/plugins/com.st.stm32cube.ide.mcu.externaltools.gnu-tools-for-stm32.10.3-2021.10.linux64_1.0.0.202111181127/tools/bin/../lib/gcc/arm-none-eabi/10.3.1/thumb/v7-m/nofp/libgcc.a(_arm_cmpsf2.o)
                0x000000000800061c                __gtsf2
                0x000000000800061c                __gesf2
                0x0000000008000624                __lesf2
                0x0000000008000624                __ltsf2
                0x000000000800062c                __nesf2
                0x000000000800062c                __eqsf2
                0x000000000800062c                __cmpsf2
                0x000000000800068c                __aeabi_cfrcmple
                0x0000000008000694                __aeabi_cfcmple
                0x0000000008000694                __aeabi_cfcmpeq
                0x00000000080006a4                __aeabi_fcmpeq
                0x00000000080006b8                __aeabi_fcmplt
                0x00000000080006cc                __aeabi_fcmple
                0x00000000080006e0                __aeabi_fcmpge
                0x00000000080006f4                __aeabi_fcmpgt
 .text          0x0000000008000708       0x4c /opt/st/stm32cubeide_1.9.0_2/plugins/com.st.stm32cube.ide.mcu.externaltools.gnu-tools-for-stm32.10.3-2021.10.linux64_1.0.0.202111181127/tools/bin/../lib/gcc/arm-none-eabi/10.3.1/thumb/v7-m/nofp/libgcc.a(_arm_fixsfsi.o)
                0x0000000008000708                __fixsfsi
                0x0000000008000708                __aeabi_f2iz
 .text          0x0000000008000754       0xa0 /opt/st/stm32cubeide_1.9.0_2/plugins/com.st.stm32cube.ide.mcu.externaltools.gnu-tools-for-stm32.10.3-2021.10.linux64_1.0.0.202111181127/tools/bin/../lib/gcc/arm-none-eabi/10.3.1/thumb/v7-m/nofp/libgcc.a(_aeabi_ldivmod.o)
                0x0000000008000754                __aeabi_ldivmod
 .text          0x00000000080007f4      0x2d4 /opt/st/stm32cubeide_1.9.0_2/plugins/com.st.stm32cube.ide.mcu.externaltools.gnu-tools-for-stm32.10.3-2021.10.linux64_1.0.0.202111181127/tools/bin/../lib/gcc/arm-none-eabi/10.3.1/thumb/v7-m/nofp/libgcc.a(_udivmoddi4.o)
                0x00000000080007f4                __udivmoddi4
 .text          0x0000000008000ac8        0x4 /opt/st/stm32cubeide_1.9.0_2/plugins/com.st.stm32cube.ide.mcu.externaltools.gnu-tools-for-stm32.10.3-2021.10.linux64_1.0.0.202111181127/tools/bin/../lib/gcc/arm-none-eabi/10.3.1/thumb/v7-m/nofp/libgcc.a(_dvmd_tls.o)
                0x0000000008000ac8                __aeabi_ldiv0
                0x0000000008000ac8                __aeabi_idiv0
 *(.text*)
 .text.ILI9341_Draw_Hollow_Rectangle_Coord
                0x0000000008000acc      0x102 ./Core/Src/ILI9341/ILI9341_GFX.o
                0x0000000008000acc                ILI9341_Draw_Hollow_Rectangle_Coord
 *fill*         0x0000000008000bce        0x2 
 .text.ILI9341_Draw_Char
                0x0000000008000bd0      0x134 ./Core/Src/ILI9341/ILI9341_GFX.o
                0x0000000008000bd0                ILI9341_Draw_Char
 .text.ILI9341_Draw_Text
                0x0000000008000d04       0x5e ./Core/Src/ILI9341/ILI9341_GFX.o
                0x0000000008000d04                ILI9341_Draw_Text
 *fill*         0x0000000008000d62        0x2 
 .text.ILI9341_SPI_Init
                0x0000000008000d64       0x18 ./Core/Src/ILI9341/ILI9341_STM32_Driver.o
                0x0000000008000d64                ILI9341_SPI_Init
 .text.ILI9341_SPI_Send
                0x0000000008000d7c       0x24 ./Core/Src/ILI9341/ILI9341_STM32_Driver.o
                0x0000000008000d7c                ILI9341_SPI_Send
 .text.ILI9341_Write_Command
                0x0000000008000da0       0x48 ./Core/Src/ILI9341/ILI9341_STM32_Driver.o
                0x0000000008000da0                ILI9341_Write_Command
 .text.ILI9341_Write_Data
                0x0000000008000de8       0x48 ./Core/Src/ILI9341/ILI9341_STM32_Driver.o
                0x0000000008000de8                ILI9341_Write_Data
 .text.ILI9341_Set_Address
                0x0000000008000e30       0x98 ./Core/Src/ILI9341/ILI9341_STM32_Driver.o
                0x0000000008000e30                ILI9341_Set_Address
 .text.ILI9341_Reset
                0x0000000008000ec8       0x40 ./Core/Src/ILI9341/ILI9341_STM32_Driver.o
                0x0000000008000ec8                ILI9341_Reset
 .text.ILI9341_Set_Rotation
                0x0000000008000f08       0xa4 ./Core/Src/ILI9341/ILI9341_STM32_Driver.o
                0x0000000008000f08                ILI9341_Set_Rotation
 .text.ILI9341_Enable
                0x0000000008000fac       0x18 ./Core/Src/ILI9341/ILI9341_STM32_Driver.o
                0x0000000008000fac                ILI9341_Enable
 .text.ILI9341_Init
                0x0000000008000fc4      0x218 ./Core/Src/ILI9341/ILI9341_STM32_Driver.o
                0x0000000008000fc4                ILI9341_Init
 .text.ILI9341_Draw_Colour_Burst
                0x00000000080011dc      0x140 ./Core/Src/ILI9341/ILI9341_STM32_Driver.o
                0x00000000080011dc                ILI9341_Draw_Colour_Burst
 .text.ILI9341_Fill_Screen
                0x000000000800131c       0x4c ./Core/Src/ILI9341/ILI9341_STM32_Driver.o
                0x000000000800131c                ILI9341_Fill_Screen
 .text.ILI9341_Draw_Pixel
                0x0000000008001368      0x1b8 ./Core/Src/ILI9341/ILI9341_STM32_Driver.o
                0x0000000008001368                ILI9341_Draw_Pixel
 .text.ILI9341_Draw_Rectangle
                0x0000000008001520       0xb8 ./Core/Src/ILI9341/ILI9341_STM32_Driver.o
                0x0000000008001520                ILI9341_Draw_Rectangle
 .text.ILI9341_Draw_Horizontal_Line
                0x00000000080015d8       0x88 ./Core/Src/ILI9341/ILI9341_STM32_Driver.o
                0x00000000080015d8                ILI9341_Draw_Horizontal_Line
 .text.ILI9341_Draw_Vertical_Line
                0x0000000008001660       0x88 ./Core/Src/ILI9341/ILI9341_STM32_Driver.o
                0x0000000008001660                ILI9341_Draw_Vertical_Line
 .text.bmp280_init_default_params
                0x00000000080016e8       0x36 ./Core/Src/bme280/bme280.o
                0x00000000080016e8                bmp280_init_default_params
 .text.read_register16
                0x000000000800171e       0x5e ./Core/Src/bme280/bme280.o
 .text.read_data
                0x000000000800177c       0x50 ./Core/Src/bme280/bme280.o
 .text.read_calibration_data
                0x00000000080017cc      0x104 ./Core/Src/bme280/bme280.o
 .text.read_hum_calibration_data
                0x00000000080018d0       0xc0 ./Core/Src/bme280/bme280.o
 .text.write_register8
                0x0000000008001990       0x4a ./Core/Src/bme280/bme280.o
 .text.bmp280_init
                0x00000000080019da      0x15a ./Core/Src/bme280/bme280.o
                0x00000000080019da                bmp280_init
 .text.compensate_temperature
                0x0000000008001b34       0x70 ./Core/Src/bme280/bme280.o
 .text.compensate_pressure
                0x0000000008001ba4      0x574 ./Core/Src/bme280/bme280.o
 .text.compensate_humidity
                0x0000000008002118       0xbc ./Core/Src/bme280/bme280.o
 .text.bmp280_read_fixed
                0x00000000080021d4       0xca ./Core/Src/bme280/bme280.o
                0x00000000080021d4                bmp280_read_fixed
 *fill*         0x000000000800229e        0x2 
 .text.bmp280_read_float
                0x00000000080022a0       0x9c ./Core/Src/bme280/bme280.o
                0x00000000080022a0                bmp280_read_float
 .text.DS3231_Init
                0x000000000800233c       0x1c ./Core/Src/ds3231/ds3231.o
                0x000000000800233c                DS3231_Init
 .text.DS3231_GetTime
                0x0000000008002358       0xf8 ./Core/Src/ds3231/ds3231.o
                0x0000000008002358                DS3231_GetTime
 .text.DS3231_SetTime
                0x0000000008002450       0x98 ./Core/Src/ds3231/ds3231.o
                0x0000000008002450                DS3231_SetTime
 .text.ReadRegister
                0x00000000080024e8       0x58 ./Core/Src/ds3231/ds3231.o
                0x00000000080024e8                ReadRegister
 .text.WriteRegister
                0x0000000008002540       0x48 ./Core/Src/ds3231/ds3231.o
                0x0000000008002540                WriteRegister
 .text.B2D      0x0000000008002588       0x30 ./Core/Src/ds3231/ds3231.o
 .text.D2B      0x00000000080025b8       0x48 ./Core/Src/ds3231/ds3231.o
 .text.HAL_GPIO_EXTI_Callback
                0x0000000008002600       0x7c ./Core/Src/main.o
                0x0000000008002600                HAL_GPIO_EXTI_Callback
 .text.main     0x000000000800267c      0x1ec ./Core/Src/main.o
                0x000000000800267c                main
 .text.SystemClock_Config
                0x0000000008002868       0x8a ./Core/Src/main.o
                0x0000000008002868                SystemClock_Config
 *fill*         0x00000000080028f2        0x2 
 .text.MX_I2C1_Init
                0x00000000080028f4       0x5c ./Core/Src/main.o
 .text.MX_SPI1_Init
                0x0000000008002950       0x6c ./Core/Src/main.o
 .text.MX_TIM2_Init
                0x00000000080029bc       0x98 ./Core/Src/main.o
 .text.MX_TIM3_Init
                0x0000000008002a54       0x9c ./Core/Src/main.o
 .text.MX_USART1_UART_Init
                0x0000000008002af0       0x54 ./Core/Src/main.o
 .text.MX_GPIO_Init
                0x0000000008002b44      0x194 ./Core/Src/main.o
 .text.StartDefaultTask
                0x0000000008002cd8       0x12 ./Core/Src/main.o
                0x0000000008002cd8                StartDefaultTask
 *fill*         0x0000000008002cea        0x2 
 .text.start_RTC_DS3231_Task
                0x0000000008002cec      0x184 ./Core/Src/main.o
                0x0000000008002cec                start_RTC_DS3231_Task
 .text.start_BPE280_Task
                0x0000000008002e70       0xf4 ./Core/Src/main.o
                0x0000000008002e70                start_BPE280_Task
 .text.start_SET_RTS_TASK
                0x0000000008002f64      0x730 ./Core/Src/main.o
                0x0000000008002f64                start_SET_RTS_TASK
 .text.start_UART_USB_Task
                0x0000000008003694      0x26c ./Core/Src/main.o
                0x0000000008003694                start_UART_USB_Task
 .text.start_LCD_Task
                0x0000000008003900      0xbd0 ./Core/Src/main.o
                0x0000000008003900                start_LCD_Task
 .text.HAL_TIM_PeriodElapsedCallback
                0x00000000080044d0      0x174 ./Core/Src/main.o
                0x00000000080044d0                HAL_TIM_PeriodElapsedCallback
 .text.Error_Handler
                0x0000000008004644        0xa ./Core/Src/main.o
                0x0000000008004644                Error_Handler
 *fill*         0x000000000800464e        0x2 
 .text.HAL_MspInit
                0x0000000008004650       0x80 ./Core/Src/stm32f1xx_hal_msp.o
                0x0000000008004650                HAL_MspInit
 .text.HAL_I2C_MspInit
                0x00000000080046d0       0x7c ./Core/Src/stm32f1xx_hal_msp.o
                0x00000000080046d0                HAL_I2C_MspInit
 .text.HAL_SPI_MspInit
                0x000000000800474c       0xa4 ./Core/Src/stm32f1xx_hal_msp.o
                0x000000000800474c                HAL_SPI_MspInit
 .text.HAL_TIM_Base_MspInit
                0x00000000080047f0       0x80 ./Core/Src/stm32f1xx_hal_msp.o
                0x00000000080047f0                HAL_TIM_Base_MspInit
 .text.HAL_UART_MspInit
                0x0000000008004870       0xa8 ./Core/Src/stm32f1xx_hal_msp.o
                0x0000000008004870                HAL_UART_MspInit
 .text.HAL_InitTick
                0x0000000008004918       0xb0 ./Core/Src/stm32f1xx_hal_timebase_tim.o
                0x0000000008004918                HAL_InitTick
 .text.NMI_Handler
                0x00000000080049c8        0x6 ./Core/Src/stm32f1xx_it.o
                0x00000000080049c8                NMI_Handler
 .text.HardFault_Handler
                0x00000000080049ce        0x6 ./Core/Src/stm32f1xx_it.o
                0x00000000080049ce                HardFault_Handler
 .text.MemManage_Handler
                0x00000000080049d4        0x6 ./Core/Src/stm32f1xx_it.o
                0x00000000080049d4                MemManage_Handler
 .text.BusFault_Handler
                0x00000000080049da        0x6 ./Core/Src/stm32f1xx_it.o
                0x00000000080049da                BusFault_Handler
 .text.UsageFault_Handler
                0x00000000080049e0        0x6 ./Core/Src/stm32f1xx_it.o
                0x00000000080049e0                UsageFault_Handler
 .text.DebugMon_Handler
                0x00000000080049e6        0xc ./Core/Src/stm32f1xx_it.o
                0x00000000080049e6                DebugMon_Handler
 .text.PVD_IRQHandler
                0x00000000080049f2        0xc ./Core/Src/stm32f1xx_it.o
                0x00000000080049f2                PVD_IRQHandler
 .text.EXTI1_IRQHandler
                0x00000000080049fe        0xe ./Core/Src/stm32f1xx_it.o
                0x00000000080049fe                EXTI1_IRQHandler
 .text.EXTI2_IRQHandler
                0x0000000008004a0c        0xe ./Core/Src/stm32f1xx_it.o
                0x0000000008004a0c                EXTI2_IRQHandler
 .text.EXTI3_IRQHandler
                0x0000000008004a1a        0xe ./Core/Src/stm32f1xx_it.o
                0x0000000008004a1a                EXTI3_IRQHandler
 .text.EXTI4_IRQHandler
                0x0000000008004a28        0xe ./Core/Src/stm32f1xx_it.o
                0x0000000008004a28                EXTI4_IRQHandler
 *fill*         0x0000000008004a36        0x2 
 .text.TIM2_IRQHandler
                0x0000000008004a38       0x14 ./Core/Src/stm32f1xx_it.o
                0x0000000008004a38                TIM2_IRQHandler
 .text.TIM3_IRQHandler
                0x0000000008004a4c       0x14 ./Core/Src/stm32f1xx_it.o
                0x0000000008004a4c                TIM3_IRQHandler
 .text.TIM4_IRQHandler
                0x0000000008004a60       0x14 ./Core/Src/stm32f1xx_it.o
                0x0000000008004a60                TIM4_IRQHandler
 .text.SPI1_IRQHandler
                0x0000000008004a74       0x14 ./Core/Src/stm32f1xx_it.o
                0x0000000008004a74                SPI1_IRQHandler
 .text.USART1_IRQHandler
                0x0000000008004a88       0x14 ./Core/Src/stm32f1xx_it.o
                0x0000000008004a88                USART1_IRQHandler
 .text.EXTI15_10_IRQHandler
                0x0000000008004a9c       0x10 ./Core/Src/stm32f1xx_it.o
                0x0000000008004a9c                EXTI15_10_IRQHandler
 .text._sbrk    0x0000000008004aac       0x6c ./Core/Src/sysmem.o
                0x0000000008004aac                _sbrk
 .text.SystemInit
                0x0000000008004b18        0xc ./Core/Src/system_stm32f1xx.o
                0x0000000008004b18                SystemInit
 .text.Reset_Handler
                0x0000000008004b24       0x48 ./Core/Startup/startup_stm32f103c8tx.o
                0x0000000008004b24                Reset_Handler
 .text.Default_Handler
                0x0000000008004b6c        0x2 ./Core/Startup/startup_stm32f103c8tx.o
                0x0000000008004b6c                RTC_Alarm_IRQHandler
                0x0000000008004b6c                TIM1_CC_IRQHandler
                0x0000000008004b6c                EXTI0_IRQHandler
                0x0000000008004b6c                I2C2_EV_IRQHandler
                0x0000000008004b6c                ADC1_2_IRQHandler
                0x0000000008004b6c                TAMPER_IRQHandler
                0x0000000008004b6c                DMA1_Channel4_IRQHandler
                0x0000000008004b6c                USART3_IRQHandler
                0x0000000008004b6c                RTC_IRQHandler
                0x0000000008004b6c                DMA1_Channel7_IRQHandler
                0x0000000008004b6c                CAN1_RX1_IRQHandler
                0x0000000008004b6c                I2C1_EV_IRQHandler
                0x0000000008004b6c                DMA1_Channel6_IRQHandler
                0x0000000008004b6c                RCC_IRQHandler
                0x0000000008004b6c                TIM1_TRG_COM_IRQHandler
                0x0000000008004b6c                DMA1_Channel1_IRQHandler
                0x0000000008004b6c                Default_Handler
                0x0000000008004b6c                EXTI9_5_IRQHandler
                0x0000000008004b6c                SPI2_IRQHandler
                0x0000000008004b6c                DMA1_Channel5_IRQHandler
                0x0000000008004b6c                USB_LP_CAN1_RX0_IRQHandler
                0x0000000008004b6c                USB_HP_CAN1_TX_IRQHandler
                0x0000000008004b6c                DMA1_Channel3_IRQHandler
                0x0000000008004b6c                TIM1_UP_IRQHandler
                0x0000000008004b6c                WWDG_IRQHandler
                0x0000000008004b6c                TIM1_BRK_IRQHandler
                0x0000000008004b6c                USART2_IRQHandler
                0x0000000008004b6c                I2C2_ER_IRQHandler
                0x0000000008004b6c                DMA1_Channel2_IRQHandler
                0x0000000008004b6c                CAN1_SCE_IRQHandler
                0x0000000008004b6c                FLASH_IRQHandler
                0x0000000008004b6c                I2C1_ER_IRQHandler
                0x0000000008004b6c                USBWakeUp_IRQHandler
 *fill*         0x0000000008004b6e        0x2 
 .text.HAL_Init
                0x0000000008004b70       0x2c ./Drivers/STM32F1xx_HAL_Driver/Src/stm32f1xx_hal.o
                0x0000000008004b70                HAL_Init
 .text.HAL_IncTick
                0x0000000008004b9c       0x24 ./Drivers/STM32F1xx_HAL_Driver/Src/stm32f1xx_hal.o
                0x0000000008004b9c                HAL_IncTick
 .text.HAL_GetTick
                0x0000000008004bc0       0x14 ./Drivers/STM32F1xx_HAL_Driver/Src/stm32f1xx_hal.o
                0x0000000008004bc0                HAL_GetTick
 .text.HAL_Delay
                0x0000000008004bd4       0x48 ./Drivers/STM32F1xx_HAL_Driver/Src/stm32f1xx_hal.o
                0x0000000008004bd4                HAL_Delay
 .text.__NVIC_SetPriorityGrouping
                0x0000000008004c1c       0x48 ./Drivers/STM32F1xx_HAL_Driver/Src/stm32f1xx_hal_cortex.o
 .text.__NVIC_GetPriorityGrouping
                0x0000000008004c64       0x1c ./Drivers/STM32F1xx_HAL_Driver/Src/stm32f1xx_hal_cortex.o
 .text.__NVIC_EnableIRQ
                0x0000000008004c80       0x38 ./Drivers/STM32F1xx_HAL_Driver/Src/stm32f1xx_hal_cortex.o
 .text.__NVIC_SetPriority
                0x0000000008004cb8       0x54 ./Drivers/STM32F1xx_HAL_Driver/Src/stm32f1xx_hal_cortex.o
 .text.NVIC_EncodePriority
                0x0000000008004d0c       0x64 ./Drivers/STM32F1xx_HAL_Driver/Src/stm32f1xx_hal_cortex.o
 .text.HAL_NVIC_SetPriorityGrouping
                0x0000000008004d70       0x16 ./Drivers/STM32F1xx_HAL_Driver/Src/stm32f1xx_hal_cortex.o
                0x0000000008004d70                HAL_NVIC_SetPriorityGrouping
 .text.HAL_NVIC_SetPriority
                0x0000000008004d86       0x38 ./Drivers/STM32F1xx_HAL_Driver/Src/stm32f1xx_hal_cortex.o
                0x0000000008004d86                HAL_NVIC_SetPriority
 .text.HAL_NVIC_EnableIRQ
                0x0000000008004dbe       0x1c ./Drivers/STM32F1xx_HAL_Driver/Src/stm32f1xx_hal_cortex.o
                0x0000000008004dbe                HAL_NVIC_EnableIRQ
 .text.HAL_DMA_Abort
                0x0000000008004dda       0x74 ./Drivers/STM32F1xx_HAL_Driver/Src/stm32f1xx_hal_dma.o
                0x0000000008004dda                HAL_DMA_Abort
 *fill*         0x0000000008004e4e        0x2 
 .text.HAL_DMA_Abort_IT
                0x0000000008004e50       0xec ./Drivers/STM32F1xx_HAL_Driver/Src/stm32f1xx_hal_dma.o
                0x0000000008004e50                HAL_DMA_Abort_IT
 .text.HAL_GPIO_Init
                0x0000000008004f3c      0x308 ./Drivers/STM32F1xx_HAL_Driver/Src/stm32f1xx_hal_gpio.o
                0x0000000008004f3c                HAL_GPIO_Init
 .text.HAL_GPIO_ReadPin
                0x0000000008005244       0x2e ./Drivers/STM32F1xx_HAL_Driver/Src/stm32f1xx_hal_gpio.o
                0x0000000008005244                HAL_GPIO_ReadPin
 .text.HAL_GPIO_WritePin
                0x0000000008005272       0x30 ./Drivers/STM32F1xx_HAL_Driver/Src/stm32f1xx_hal_gpio.o
                0x0000000008005272                HAL_GPIO_WritePin
 .text.HAL_GPIO_TogglePin
                0x00000000080052a2       0x32 ./Drivers/STM32F1xx_HAL_Driver/Src/stm32f1xx_hal_gpio.o
                0x00000000080052a2                HAL_GPIO_TogglePin
 .text.HAL_GPIO_EXTI_IRQHandler
                0x00000000080052d4       0x30 ./Drivers/STM32F1xx_HAL_Driver/Src/stm32f1xx_hal_gpio.o
                0x00000000080052d4                HAL_GPIO_EXTI_IRQHandler
 .text.HAL_I2C_Init
                0x0000000008005304      0x288 ./Drivers/STM32F1xx_HAL_Driver/Src/stm32f1xx_hal_i2c.o
                0x0000000008005304                HAL_I2C_Init
 .text.HAL_I2C_Master_Transmit
                0x000000000800558c      0x1fc ./Drivers/STM32F1xx_HAL_Driver/Src/stm32f1xx_hal_i2c.o
                0x000000000800558c                HAL_I2C_Master_Transmit
 .text.HAL_I2C_Master_Receive
                0x0000000008005788      0x4c0 ./Drivers/STM32F1xx_HAL_Driver/Src/stm32f1xx_hal_i2c.o
                0x0000000008005788                HAL_I2C_Master_Receive
 .text.HAL_I2C_Mem_Write
                0x0000000008005c48      0x1f4 ./Drivers/STM32F1xx_HAL_Driver/Src/stm32f1xx_hal_i2c.o
                0x0000000008005c48                HAL_I2C_Mem_Write
 .text.HAL_I2C_Mem_Read
                0x0000000008005e3c      0x4d0 ./Drivers/STM32F1xx_HAL_Driver/Src/stm32f1xx_hal_i2c.o
                0x0000000008005e3c                HAL_I2C_Mem_Read
 .text.I2C_MasterRequestWrite
                0x000000000800630c      0x104 ./Drivers/STM32F1xx_HAL_Driver/Src/stm32f1xx_hal_i2c.o
 .text.I2C_MasterRequestRead
                0x0000000008006410      0x19c ./Drivers/STM32F1xx_HAL_Driver/Src/stm32f1xx_hal_i2c.o
 .text.I2C_RequestMemoryWrite
                0x00000000080065ac      0x12c ./Drivers/STM32F1xx_HAL_Driver/Src/stm32f1xx_hal_i2c.o
 .text.I2C_RequestMemoryRead
                0x00000000080066d8      0x1d0 ./Drivers/STM32F1xx_HAL_Driver/Src/stm32f1xx_hal_i2c.o
 .text.I2C_WaitOnFlagUntilTimeout
                0x00000000080068a8       0xae ./Drivers/STM32F1xx_HAL_Driver/Src/stm32f1xx_hal_i2c.o
 .text.I2C_WaitOnMasterAddressFlagUntilTimeout
                0x0000000008006956       0xfe ./Drivers/STM32F1xx_HAL_Driver/Src/stm32f1xx_hal_i2c.o
 .text.I2C_WaitOnTXEFlagUntilTimeout
                0x0000000008006a54       0x82 ./Drivers/STM32F1xx_HAL_Driver/Src/stm32f1xx_hal_i2c.o
 .text.I2C_WaitOnBTFFlagUntilTimeout
                0x0000000008006ad6       0x82 ./Drivers/STM32F1xx_HAL_Driver/Src/stm32f1xx_hal_i2c.o
 .text.I2C_WaitOnRXNEFlagUntilTimeout
                0x0000000008006b58       0xac ./Drivers/STM32F1xx_HAL_Driver/Src/stm32f1xx_hal_i2c.o
 .text.I2C_IsAcknowledgeFailed
                0x0000000008006c04       0x5c ./Drivers/STM32F1xx_HAL_Driver/Src/stm32f1xx_hal_i2c.o
 .text.HAL_PWR_PVD_IRQHandler
                0x0000000008006c60       0x24 ./Drivers/STM32F1xx_HAL_Driver/Src/stm32f1xx_hal_pwr.o
                0x0000000008006c60                HAL_PWR_PVD_IRQHandler
 .text.HAL_PWR_PVDCallback
                0x0000000008006c84        0xc ./Drivers/STM32F1xx_HAL_Driver/Src/stm32f1xx_hal_pwr.o
                0x0000000008006c84                HAL_PWR_PVDCallback
 .text.HAL_RCC_OscConfig
                0x0000000008006c90      0x504 ./Drivers/STM32F1xx_HAL_Driver/Src/stm32f1xx_hal_rcc.o
                0x0000000008006c90                HAL_RCC_OscConfig
 .text.HAL_RCC_ClockConfig
                0x0000000008007194      0x1d4 ./Drivers/STM32F1xx_HAL_Driver/Src/stm32f1xx_hal_rcc.o
                0x0000000008007194                HAL_RCC_ClockConfig
 .text.HAL_RCC_GetSysClockFreq
                0x0000000008007368       0xbc ./Drivers/STM32F1xx_HAL_Driver/Src/stm32f1xx_hal_rcc.o
                0x0000000008007368                HAL_RCC_GetSysClockFreq
 .text.HAL_RCC_GetHCLKFreq
                0x0000000008007424       0x14 ./Drivers/STM32F1xx_HAL_Driver/Src/stm32f1xx_hal_rcc.o
                0x0000000008007424                HAL_RCC_GetHCLKFreq
 .text.HAL_RCC_GetPCLK1Freq
                0x0000000008007438       0x28 ./Drivers/STM32F1xx_HAL_Driver/Src/stm32f1xx_hal_rcc.o
                0x0000000008007438                HAL_RCC_GetPCLK1Freq
 .text.HAL_RCC_GetPCLK2Freq
                0x0000000008007460       0x28 ./Drivers/STM32F1xx_HAL_Driver/Src/stm32f1xx_hal_rcc.o
                0x0000000008007460                HAL_RCC_GetPCLK2Freq
 .text.HAL_RCC_GetClockConfig
                0x0000000008007488       0x60 ./Drivers/STM32F1xx_HAL_Driver/Src/stm32f1xx_hal_rcc.o
                0x0000000008007488                HAL_RCC_GetClockConfig
 .text.RCC_Delay
                0x00000000080074e8       0x3c ./Drivers/STM32F1xx_HAL_Driver/Src/stm32f1xx_hal_rcc.o
 .text.HAL_SPI_Init
                0x0000000008007524      0x108 ./Drivers/STM32F1xx_HAL_Driver/Src/stm32f1xx_hal_spi.o
                0x0000000008007524                HAL_SPI_Init
 .text.HAL_SPI_Transmit
                0x000000000800762c      0x278 ./Drivers/STM32F1xx_HAL_Driver/Src/stm32f1xx_hal_spi.o
                0x000000000800762c                HAL_SPI_Transmit
 .text.HAL_SPI_IRQHandler
                0x00000000080078a4      0x1cc ./Drivers/STM32F1xx_HAL_Driver/Src/stm32f1xx_hal_spi.o
                0x00000000080078a4                HAL_SPI_IRQHandler
 .text.HAL_SPI_ErrorCallback
                0x0000000008007a70       0x12 ./Drivers/STM32F1xx_HAL_Driver/Src/stm32f1xx_hal_spi.o
                0x0000000008007a70                HAL_SPI_ErrorCallback
 .text.SPI_DMAAbortOnError
                0x0000000008007a82       0x28 ./Drivers/STM32F1xx_HAL_Driver/Src/stm32f1xx_hal_spi.o
 *fill*         0x0000000008007aaa        0x2 
 .text.SPI_WaitFlagStateUntilTimeout
                0x0000000008007aac      0x110 ./Drivers/STM32F1xx_HAL_Driver/Src/stm32f1xx_hal_spi.o
 .text.SPI_EndRxTxTransaction
                0x0000000008007bbc       0x3c ./Drivers/STM32F1xx_HAL_Driver/Src/stm32f1xx_hal_spi.o
 .text.HAL_TIM_Base_Init
                0x0000000008007bf8       0x9e ./Drivers/STM32F1xx_HAL_Driver/Src/stm32f1xx_hal_tim.o
                0x0000000008007bf8                HAL_TIM_Base_Init
 *fill*         0x0000000008007c96        0x2 
 .text.HAL_TIM_Base_Start_IT
                0x0000000008007c98       0xa4 ./Drivers/STM32F1xx_HAL_Driver/Src/stm32f1xx_hal_tim.o
                0x0000000008007c98                HAL_TIM_Base_Start_IT
 .text.HAL_TIM_Base_Stop_IT
                0x0000000008007d3c       0x5c ./Drivers/STM32F1xx_HAL_Driver/Src/stm32f1xx_hal_tim.o
                0x0000000008007d3c                HAL_TIM_Base_Stop_IT
 .text.HAL_TIM_IRQHandler
                0x0000000008007d98      0x210 ./Drivers/STM32F1xx_HAL_Driver/Src/stm32f1xx_hal_tim.o
                0x0000000008007d98                HAL_TIM_IRQHandler
 .text.HAL_TIM_ConfigClockSource
                0x0000000008007fa8      0x188 ./Drivers/STM32F1xx_HAL_Driver/Src/stm32f1xx_hal_tim.o
                0x0000000008007fa8                HAL_TIM_ConfigClockSource
 .text.HAL_TIM_OC_DelayElapsedCallback
                0x0000000008008130       0x12 ./Drivers/STM32F1xx_HAL_Driver/Src/stm32f1xx_hal_tim.o
                0x0000000008008130                HAL_TIM_OC_DelayElapsedCallback
 .text.HAL_TIM_IC_CaptureCallback
                0x0000000008008142       0x12 ./Drivers/STM32F1xx_HAL_Driver/Src/stm32f1xx_hal_tim.o
                0x0000000008008142                HAL_TIM_IC_CaptureCallback
 .text.HAL_TIM_PWM_PulseFinishedCallback
                0x0000000008008154       0x12 ./Drivers/STM32F1xx_HAL_Driver/Src/stm32f1xx_hal_tim.o
                0x0000000008008154                HAL_TIM_PWM_PulseFinishedCallback
 .text.HAL_TIM_TriggerCallback
                0x0000000008008166       0x12 ./Drivers/STM32F1xx_HAL_Driver/Src/stm32f1xx_hal_tim.o
                0x0000000008008166                HAL_TIM_TriggerCallback
 .text.TIM_Base_SetConfig
                0x0000000008008178       0xc4 ./Drivers/STM32F1xx_HAL_Driver/Src/stm32f1xx_hal_tim.o
                0x0000000008008178                TIM_Base_SetConfig
 .text.TIM_TI1_ConfigInputStage
                0x000000000800823c       0x5c ./Drivers/STM32F1xx_HAL_Driver/Src/stm32f1xx_hal_tim.o
 .text.TIM_TI2_ConfigInputStage
                0x0000000008008298       0x5e ./Drivers/STM32F1xx_HAL_Driver/Src/stm32f1xx_hal_tim.o
 .text.TIM_ITRx_SetConfig
                0x00000000080082f6       0x34 ./Drivers/STM32F1xx_HAL_Driver/Src/stm32f1xx_hal_tim.o
 .text.TIM_ETR_SetConfig
                0x000000000800832a       0x3e ./Drivers/STM32F1xx_HAL_Driver/Src/stm32f1xx_hal_tim.o
                0x000000000800832a                TIM_ETR_SetConfig
 .text.HAL_TIMEx_MasterConfigSynchronization
                0x0000000008008368       0xbc ./Drivers/STM32F1xx_HAL_Driver/Src/stm32f1xx_hal_tim_ex.o
                0x0000000008008368                HAL_TIMEx_MasterConfigSynchronization
 .text.HAL_TIMEx_CommutCallback
                0x0000000008008424       0x12 ./Drivers/STM32F1xx_HAL_Driver/Src/stm32f1xx_hal_tim_ex.o
                0x0000000008008424                HAL_TIMEx_CommutCallback
 .text.HAL_TIMEx_BreakCallback
                0x0000000008008436       0x12 ./Drivers/STM32F1xx_HAL_Driver/Src/stm32f1xx_hal_tim_ex.o
                0x0000000008008436                HAL_TIMEx_BreakCallback
 .text.HAL_UART_Init
                0x0000000008008448       0x9a ./Drivers/STM32F1xx_HAL_Driver/Src/stm32f1xx_hal_uart.o
                0x0000000008008448                HAL_UART_Init
 .text.HAL_UART_Transmit_IT
                0x00000000080084e2       0x88 ./Drivers/STM32F1xx_HAL_Driver/Src/stm32f1xx_hal_uart.o
                0x00000000080084e2                HAL_UART_Transmit_IT
 *fill*         0x000000000800856a        0x2 
 .text.HAL_UART_IRQHandler
                0x000000000800856c      0x354 ./Drivers/STM32F1xx_HAL_Driver/Src/stm32f1xx_hal_uart.o
                0x000000000800856c                HAL_UART_IRQHandler
 .text.HAL_UART_TxCpltCallback
                0x00000000080088c0       0x12 ./Drivers/STM32F1xx_HAL_Driver/Src/stm32f1xx_hal_uart.o
                0x00000000080088c0                HAL_UART_TxCpltCallback
 .text.HAL_UART_RxCpltCallback
                0x00000000080088d2       0x12 ./Drivers/STM32F1xx_HAL_Driver/Src/stm32f1xx_hal_uart.o
                0x00000000080088d2                HAL_UART_RxCpltCallback
 .text.HAL_UART_ErrorCallback
                0x00000000080088e4       0x12 ./Drivers/STM32F1xx_HAL_Driver/Src/stm32f1xx_hal_uart.o
                0x00000000080088e4                HAL_UART_ErrorCallback
 .text.HAL_UARTEx_RxEventCallback
                0x00000000080088f6       0x16 ./Drivers/STM32F1xx_HAL_Driver/Src/stm32f1xx_hal_uart.o
                0x00000000080088f6                HAL_UARTEx_RxEventCallback
 .text.UART_EndRxTransfer
                0x000000000800890c       0x58 ./Drivers/STM32F1xx_HAL_Driver/Src/stm32f1xx_hal_uart.o
 .text.UART_DMAAbortOnError
                0x0000000008008964       0x28 ./Drivers/STM32F1xx_HAL_Driver/Src/stm32f1xx_hal_uart.o
 .text.UART_Transmit_IT
                0x000000000800898c       0x9e ./Drivers/STM32F1xx_HAL_Driver/Src/stm32f1xx_hal_uart.o
 .text.UART_EndTransmit_IT
                0x0000000008008a2a       0x30 ./Drivers/STM32F1xx_HAL_Driver/Src/stm32f1xx_hal_uart.o
 .text.UART_Receive_IT
                0x0000000008008a5a      0x152 ./Drivers/STM32F1xx_HAL_Driver/Src/stm32f1xx_hal_uart.o
 .text.UART_SetConfig
                0x0000000008008bac      0x11c ./Drivers/STM32F1xx_HAL_Driver/Src/stm32f1xx_hal_uart.o
 .text.osKernelInitialize
                0x0000000008008cc8       0x64 ./Middlewares/Third_Party/FreeRTOS/Source/CMSIS_RTOS_V2/cmsis_os2.o
                0x0000000008008cc8                osKernelInitialize
 .text.osKernelStart
                0x0000000008008d2c       0x68 ./Middlewares/Third_Party/FreeRTOS/Source/CMSIS_RTOS_V2/cmsis_os2.o
                0x0000000008008d2c                osKernelStart
 .text.osThreadNew
                0x0000000008008d94      0x154 ./Middlewares/Third_Party/FreeRTOS/Source/CMSIS_RTOS_V2/cmsis_os2.o
                0x0000000008008d94                osThreadNew
 .text.osThreadSuspend
                0x0000000008008ee8       0x68 ./Middlewares/Third_Party/FreeRTOS/Source/CMSIS_RTOS_V2/cmsis_os2.o
                0x0000000008008ee8                osThreadSuspend
 .text.osThreadResume
                0x0000000008008f50       0x68 ./Middlewares/Third_Party/FreeRTOS/Source/CMSIS_RTOS_V2/cmsis_os2.o
                0x0000000008008f50                osThreadResume
 .text.osDelay  0x0000000008008fb8       0x5c ./Middlewares/Third_Party/FreeRTOS/Source/CMSIS_RTOS_V2/cmsis_os2.o
                0x0000000008008fb8                osDelay
 .text.osMutexNew
                0x0000000008009014      0x134 ./Middlewares/Third_Party/FreeRTOS/Source/CMSIS_RTOS_V2/cmsis_os2.o
                0x0000000008009014                osMutexNew
 .text.osMutexAcquire
                0x0000000008009148       0xbc ./Middlewares/Third_Party/FreeRTOS/Source/CMSIS_RTOS_V2/cmsis_os2.o
                0x0000000008009148                osMutexAcquire
 .text.osMutexRelease
                0x0000000008009204       0xa0 ./Middlewares/Third_Party/FreeRTOS/Source/CMSIS_RTOS_V2/cmsis_os2.o
                0x0000000008009204                osMutexRelease
 .text.osSemaphoreNew
                0x00000000080092a4      0x138 ./Middlewares/Third_Party/FreeRTOS/Source/CMSIS_RTOS_V2/cmsis_os2.o
                0x00000000080092a4                osSemaphoreNew
 .text.osSemaphoreAcquire
                0x00000000080093dc       0xcc ./Middlewares/Third_Party/FreeRTOS/Source/CMSIS_RTOS_V2/cmsis_os2.o
                0x00000000080093dc                osSemaphoreAcquire
 .text.osSemaphoreRelease
                0x00000000080094a8       0xb0 ./Middlewares/Third_Party/FreeRTOS/Source/CMSIS_RTOS_V2/cmsis_os2.o
                0x00000000080094a8                osSemaphoreRelease
 .text.osMessageQueueNew
                0x0000000008009558      0x10c ./Middlewares/Third_Party/FreeRTOS/Source/CMSIS_RTOS_V2/cmsis_os2.o
                0x0000000008009558                osMessageQueueNew
 .text.vApplicationGetIdleTaskMemory
                0x0000000008009664       0x30 ./Middlewares/Third_Party/FreeRTOS/Source/CMSIS_RTOS_V2/cmsis_os2.o
                0x0000000008009664                vApplicationGetIdleTaskMemory
 .text.vApplicationGetTimerTaskMemory
                0x0000000008009694       0x34 ./Middlewares/Third_Party/FreeRTOS/Source/CMSIS_RTOS_V2/cmsis_os2.o
                0x0000000008009694                vApplicationGetTimerTaskMemory
 .text.vListInitialise
                0x00000000080096c8       0x3e ./Middlewares/Third_Party/FreeRTOS/Source/list.o
                0x00000000080096c8                vListInitialise
 .text.vListInitialiseItem
                0x0000000008009706       0x18 ./Middlewares/Third_Party/FreeRTOS/Source/list.o
                0x0000000008009706                vListInitialiseItem
 .text.vListInsertEnd
                0x000000000800971e       0x46 ./Middlewares/Third_Party/FreeRTOS/Source/list.o
                0x000000000800971e                vListInsertEnd
 .text.vListInsert
                0x0000000008009764       0x70 ./Middlewares/Third_Party/FreeRTOS/Source/list.o
                0x0000000008009764                vListInsert
 .text.uxListRemove
                0x00000000080097d4       0x52 ./Middlewares/Third_Party/FreeRTOS/Source/list.o
                0x00000000080097d4                uxListRemove
 *fill*         0x0000000008009826        0x2 
 .text.xQueueGenericReset
                0x0000000008009828       0xd0 ./Middlewares/Third_Party/FreeRTOS/Source/queue.o
                0x0000000008009828                xQueueGenericReset
 .text.xQueueGenericCreateStatic
                0x00000000080098f8       0xee ./Middlewares/Third_Party/FreeRTOS/Source/queue.o
                0x00000000080098f8                xQueueGenericCreateStatic
 .text.xQueueGenericCreate
                0x00000000080099e6       0x7c ./Middlewares/Third_Party/FreeRTOS/Source/queue.o
                0x00000000080099e6                xQueueGenericCreate
 .text.prvInitialiseNewQueue
                0x0000000008009a62       0x46 ./Middlewares/Third_Party/FreeRTOS/Source/queue.o
 .text.prvInitialiseMutex
                0x0000000008009aa8       0x34 ./Middlewares/Third_Party/FreeRTOS/Source/queue.o
 .text.xQueueCreateMutex
                0x0000000008009adc       0x30 ./Middlewares/Third_Party/FreeRTOS/Source/queue.o
                0x0000000008009adc                xQueueCreateMutex
 .text.xQueueCreateMutexStatic
                0x0000000008009b0c       0x36 ./Middlewares/Third_Party/FreeRTOS/Source/queue.o
                0x0000000008009b0c                xQueueCreateMutexStatic
 .text.xQueueGiveMutexRecursive
                0x0000000008009b42       0x68 ./Middlewares/Third_Party/FreeRTOS/Source/queue.o
                0x0000000008009b42                xQueueGiveMutexRecursive
 .text.xQueueTakeMutexRecursive
                0x0000000008009baa       0x6c ./Middlewares/Third_Party/FreeRTOS/Source/queue.o
                0x0000000008009baa                xQueueTakeMutexRecursive
 .text.xQueueCreateCountingSemaphoreStatic
                0x0000000008009c16       0x6e ./Middlewares/Third_Party/FreeRTOS/Source/queue.o
                0x0000000008009c16                xQueueCreateCountingSemaphoreStatic
 .text.xQueueCreateCountingSemaphore
                0x0000000008009c84       0x66 ./Middlewares/Third_Party/FreeRTOS/Source/queue.o
                0x0000000008009c84                xQueueCreateCountingSemaphore
 *fill*         0x0000000008009cea        0x2 
 .text.xQueueGenericSend
                0x0000000008009cec      0x1fc ./Middlewares/Third_Party/FreeRTOS/Source/queue.o
                0x0000000008009cec                xQueueGenericSend
 .text.xQueueGenericSendFromISR
                0x0000000008009ee8      0x130 ./Middlewares/Third_Party/FreeRTOS/Source/queue.o
                0x0000000008009ee8                xQueueGenericSendFromISR
 .text.xQueueGiveFromISR
                0x000000000800a018      0x11a ./Middlewares/Third_Party/FreeRTOS/Source/queue.o
                0x000000000800a018                xQueueGiveFromISR
 *fill*         0x000000000800a132        0x2 
 .text.xQueueReceive
                0x000000000800a134      0x1c0 ./Middlewares/Third_Party/FreeRTOS/Source/queue.o
                0x000000000800a134                xQueueReceive
 .text.xQueueSemaphoreTake
                0x000000000800a2f4      0x218 ./Middlewares/Third_Party/FreeRTOS/Source/queue.o
                0x000000000800a2f4                xQueueSemaphoreTake
 .text.xQueueReceiveFromISR
                0x000000000800a50c      0x100 ./Middlewares/Third_Party/FreeRTOS/Source/queue.o
                0x000000000800a50c                xQueueReceiveFromISR
 .text.vQueueDelete
                0x000000000800a60c       0x46 ./Middlewares/Third_Party/FreeRTOS/Source/queue.o
                0x000000000800a60c                vQueueDelete
 .text.prvGetDisinheritPriorityAfterTimeout
                0x000000000800a652       0x2e ./Middlewares/Third_Party/FreeRTOS/Source/queue.o
 .text.prvCopyDataToQueue
                0x000000000800a680       0xd4 ./Middlewares/Third_Party/FreeRTOS/Source/queue.o
 .text.prvCopyDataFromQueue
                0x000000000800a754       0x4c ./Middlewares/Third_Party/FreeRTOS/Source/queue.o
 .text.prvUnlockQueue
                0x000000000800a7a0       0xa4 ./Middlewares/Third_Party/FreeRTOS/Source/queue.o
 .text.prvIsQueueEmpty
                0x000000000800a844       0x2c ./Middlewares/Third_Party/FreeRTOS/Source/queue.o
 .text.prvIsQueueFull
                0x000000000800a870       0x30 ./Middlewares/Third_Party/FreeRTOS/Source/queue.o
 .text.vQueueAddToRegistry
                0x000000000800a8a0       0x50 ./Middlewares/Third_Party/FreeRTOS/Source/queue.o
                0x000000000800a8a0                vQueueAddToRegistry
 .text.vQueueUnregisterQueue
                0x000000000800a8f0       0x54 ./Middlewares/Third_Party/FreeRTOS/Source/queue.o
                0x000000000800a8f0                vQueueUnregisterQueue
 .text.vQueueWaitForMessageRestricted
                0x000000000800a944       0x68 ./Middlewares/Third_Party/FreeRTOS/Source/queue.o
                0x000000000800a944                vQueueWaitForMessageRestricted
 .text.xTaskCreateStatic
                0x000000000800a9ac       0xb8 ./Middlewares/Third_Party/FreeRTOS/Source/tasks.o
                0x000000000800a9ac                xTaskCreateStatic
 .text.xTaskCreate
                0x000000000800aa64       0x8a ./Middlewares/Third_Party/FreeRTOS/Source/tasks.o
                0x000000000800aa64                xTaskCreate
 *fill*         0x000000000800aaee        0x2 
 .text.prvInitialiseNewTask
                0x000000000800aaf0      0x144 ./Middlewares/Third_Party/FreeRTOS/Source/tasks.o
 .text.prvAddNewTaskToReadyList
                0x000000000800ac34       0xe0 ./Middlewares/Third_Party/FreeRTOS/Source/tasks.o
 .text.vTaskDelay
                0x000000000800ad14       0x68 ./Middlewares/Third_Party/FreeRTOS/Source/tasks.o
                0x000000000800ad14                vTaskDelay
 .text.eTaskGetState
                0x000000000800ad7c       0x9c ./Middlewares/Third_Party/FreeRTOS/Source/tasks.o
                0x000000000800ad7c                eTaskGetState
 .text.vTaskSuspend
                0x000000000800ae18       0xec ./Middlewares/Third_Party/FreeRTOS/Source/tasks.o
                0x000000000800ae18                vTaskSuspend
 .text.prvTaskIsTaskSuspended
                0x000000000800af04       0x74 ./Middlewares/Third_Party/FreeRTOS/Source/tasks.o
 .text.vTaskResume
                0x000000000800af78       0xbc ./Middlewares/Third_Party/FreeRTOS/Source/tasks.o
                0x000000000800af78                vTaskResume
 .text.vTaskStartScheduler
                0x000000000800b034       0xe8 ./Middlewares/Third_Party/FreeRTOS/Source/tasks.o
                0x000000000800b034                vTaskStartScheduler
 .text.vTaskSuspendAll
                0x000000000800b11c       0x1c ./Middlewares/Third_Party/FreeRTOS/Source/tasks.o
                0x000000000800b11c                vTaskSuspendAll
 .text.xTaskResumeAll
                0x000000000800b138      0x13c ./Middlewares/Third_Party/FreeRTOS/Source/tasks.o
                0x000000000800b138                xTaskResumeAll
 .text.xTaskGetTickCount
                0x000000000800b274       0x1c ./Middlewares/Third_Party/FreeRTOS/Source/tasks.o
                0x000000000800b274                xTaskGetTickCount
 .text.uxTaskGetSystemState
                0x000000000800b290       0xfc ./Middlewares/Third_Party/FreeRTOS/Source/tasks.o
                0x000000000800b290                uxTaskGetSystemState
 .text.xTaskIncrementTick
                0x000000000800b38c      0x17c ./Middlewares/Third_Party/FreeRTOS/Source/tasks.o
                0x000000000800b38c                xTaskIncrementTick
 .text.vTaskSwitchContext
                0x000000000800b508      0x104 ./Middlewares/Third_Party/FreeRTOS/Source/tasks.o
                0x000000000800b508                vTaskSwitchContext
 .text.vTaskPlaceOnEventList
                0x000000000800b60c       0x48 ./Middlewares/Third_Party/FreeRTOS/Source/tasks.o
                0x000000000800b60c                vTaskPlaceOnEventList
 .text.vTaskPlaceOnEventListRestricted
                0x000000000800b654       0x58 ./Middlewares/Third_Party/FreeRTOS/Source/tasks.o
                0x000000000800b654                vTaskPlaceOnEventListRestricted
 .text.xTaskRemoveFromEventList
                0x000000000800b6ac       0xc8 ./Middlewares/Third_Party/FreeRTOS/Source/tasks.o
                0x000000000800b6ac                xTaskRemoveFromEventList
 .text.vTaskInternalSetTimeOutState
                0x000000000800b774       0x2c ./Middlewares/Third_Party/FreeRTOS/Source/tasks.o
                0x000000000800b774                vTaskInternalSetTimeOutState
 .text.xTaskCheckForTimeOut
                0x000000000800b7a0       0xc4 ./Middlewares/Third_Party/FreeRTOS/Source/tasks.o
                0x000000000800b7a0                xTaskCheckForTimeOut
 .text.vTaskMissedYield
                0x000000000800b864       0x18 ./Middlewares/Third_Party/FreeRTOS/Source/tasks.o
                0x000000000800b864                vTaskMissedYield
 .text.prvIdleTask
                0x000000000800b87c       0x30 ./Middlewares/Third_Party/FreeRTOS/Source/tasks.o
 .text.prvInitialiseTaskLists
                0x000000000800b8ac       0x74 ./Middlewares/Third_Party/FreeRTOS/Source/tasks.o
 .text.prvCheckTasksWaitingTermination
                0x000000000800b920        0xc ./Middlewares/Third_Party/FreeRTOS/Source/tasks.o
 .text.vTaskGetInfo
                0x000000000800b92c       0xcc ./Middlewares/Third_Party/FreeRTOS/Source/tasks.o
                0x000000000800b92c                vTaskGetInfo
 .text.prvListTasksWithinSingleList
                0x000000000800b9f8       0xa4 ./Middlewares/Third_Party/FreeRTOS/Source/tasks.o
 .text.prvTaskCheckFreeStackSpace
                0x000000000800ba9c       0x36 ./Middlewares/Third_Party/FreeRTOS/Source/tasks.o
 *fill*         0x000000000800bad2        0x2 
 .text.prvResetNextTaskUnblockTime
                0x000000000800bad4       0x48 ./Middlewares/Third_Party/FreeRTOS/Source/tasks.o
 .text.xTaskGetCurrentTaskHandle
                0x000000000800bb1c       0x1c ./Middlewares/Third_Party/FreeRTOS/Source/tasks.o
                0x000000000800bb1c                xTaskGetCurrentTaskHandle
 .text.xTaskGetSchedulerState
                0x000000000800bb38       0x3c ./Middlewares/Third_Party/FreeRTOS/Source/tasks.o
                0x000000000800bb38                xTaskGetSchedulerState
 .text.xTaskPriorityInherit
                0x000000000800bb74       0xdc ./Middlewares/Third_Party/FreeRTOS/Source/tasks.o
                0x000000000800bb74                xTaskPriorityInherit
 .text.xTaskPriorityDisinherit
                0x000000000800bc50       0xdc ./Middlewares/Third_Party/FreeRTOS/Source/tasks.o
                0x000000000800bc50                xTaskPriorityDisinherit
 .text.vTaskPriorityDisinheritAfterTimeout
                0x000000000800bd2c      0x10c ./Middlewares/Third_Party/FreeRTOS/Source/tasks.o
                0x000000000800bd2c                vTaskPriorityDisinheritAfterTimeout
 .text.prvWriteNameToBuffer
                0x000000000800be38       0x4a ./Middlewares/Third_Party/FreeRTOS/Source/tasks.o
 *fill*         0x000000000800be82        0x2 
 .text.vTaskList
                0x000000000800be84      0x130 ./Middlewares/Third_Party/FreeRTOS/Source/tasks.o
                0x000000000800be84                vTaskList
 .text.vTaskGetRunTimeStats
                0x000000000800bfb4      0x108 ./Middlewares/Third_Party/FreeRTOS/Source/tasks.o
                0x000000000800bfb4                vTaskGetRunTimeStats
 .text.pvTaskIncrementMutexHeldCount
                0x000000000800c0bc       0x28 ./Middlewares/Third_Party/FreeRTOS/Source/tasks.o
                0x000000000800c0bc                pvTaskIncrementMutexHeldCount
 .text.prvAddCurrentTaskToDelayedList
                0x000000000800c0e4       0xa8 ./Middlewares/Third_Party/FreeRTOS/Source/tasks.o
 .text.xTimerCreateTimerTask
                0x000000000800c18c       0x90 ./Middlewares/Third_Party/FreeRTOS/Source/timers.o
                0x000000000800c18c                xTimerCreateTimerTask
 .text.xTimerGenericCommand
                0x000000000800c21c       0x9c ./Middlewares/Third_Party/FreeRTOS/Source/timers.o
                0x000000000800c21c                xTimerGenericCommand
 .text.prvProcessExpiredTimer
                0x000000000800c2b8       0x80 ./Middlewares/Third_Party/FreeRTOS/Source/timers.o
 .text.prvTimerTask
                0x000000000800c338       0x24 ./Middlewares/Third_Party/FreeRTOS/Source/timers.o
 .text.prvProcessTimerOrBlockTask
                0x000000000800c35c       0x9c ./Middlewares/Third_Party/FreeRTOS/Source/timers.o
 .text.prvGetNextExpireTime
                0x000000000800c3f8       0x48 ./Middlewares/Third_Party/FreeRTOS/Source/timers.o
 .text.prvSampleTimeNow
                0x000000000800c440       0x40 ./Middlewares/Third_Party/FreeRTOS/Source/timers.o
 .text.prvInsertTimerInActiveList
                0x000000000800c480       0x84 ./Middlewares/Third_Party/FreeRTOS/Source/timers.o
 .text.prvProcessReceivedCommands
                0x000000000800c504      0x168 ./Middlewares/Third_Party/FreeRTOS/Source/timers.o
 .text.prvSwitchTimerLists
                0x000000000800c66c       0xc4 ./Middlewares/Third_Party/FreeRTOS/Source/timers.o
 .text.prvCheckForValidListAndQueue
                0x000000000800c730       0x80 ./Middlewares/Third_Party/FreeRTOS/Source/timers.o
 .text.pxPortInitialiseStack
                0x000000000800c7b0       0x58 ./Middlewares/Third_Party/FreeRTOS/Source/portable/GCC/ARM_CM3/port.o
                0x000000000800c7b0                pxPortInitialiseStack
 .text.prvTaskExitError
                0x000000000800c808       0x58 ./Middlewares/Third_Party/FreeRTOS/Source/portable/GCC/ARM_CM3/port.o
 .text.SVC_Handler
                0x000000000800c860       0x28 ./Middlewares/Third_Party/FreeRTOS/Source/portable/GCC/ARM_CM3/port.o
                0x000000000800c860                SVC_Handler
 .text.prvPortStartFirstTask
                0x000000000800c888       0x20 ./Middlewares/Third_Party/FreeRTOS/Source/portable/GCC/ARM_CM3/port.o
 .text.xPortStartScheduler
                0x000000000800c8a8       0xe4 ./Middlewares/Third_Party/FreeRTOS/Source/portable/GCC/ARM_CM3/port.o
                0x000000000800c8a8                xPortStartScheduler
 .text.vPortEnterCritical
                0x000000000800c98c       0x60 ./Middlewares/Third_Party/FreeRTOS/Source/portable/GCC/ARM_CM3/port.o
                0x000000000800c98c                vPortEnterCritical
 .text.vPortExitCritical
                0x000000000800c9ec       0x50 ./Middlewares/Third_Party/FreeRTOS/Source/portable/GCC/ARM_CM3/port.o
                0x000000000800c9ec                vPortExitCritical
 *fill*         0x000000000800ca3c        0x4 
 .text.PendSV_Handler
                0x000000000800ca40       0x48 ./Middlewares/Third_Party/FreeRTOS/Source/portable/GCC/ARM_CM3/port.o
                0x000000000800ca40                PendSV_Handler
 .text.SysTick_Handler
                0x000000000800ca88       0x44 ./Middlewares/Third_Party/FreeRTOS/Source/portable/GCC/ARM_CM3/port.o
                0x000000000800ca88                SysTick_Handler
 .text.vPortSetupTimerInterrupt
                0x000000000800cacc       0x44 ./Middlewares/Third_Party/FreeRTOS/Source/portable/GCC/ARM_CM3/port.o
                0x000000000800cacc                vPortSetupTimerInterrupt
 .text.vPortValidateInterruptPriority
                0x000000000800cb10       0x7c ./Middlewares/Third_Party/FreeRTOS/Source/portable/GCC/ARM_CM3/port.o
                0x000000000800cb10                vPortValidateInterruptPriority
 .text.pvPortMalloc
                0x000000000800cb8c      0x188 ./Middlewares/Third_Party/FreeRTOS/Source/portable/MemMang/heap_4.o
                0x000000000800cb8c                pvPortMalloc
 .text.vPortFree
                0x000000000800cd14       0xb4 ./Middlewares/Third_Party/FreeRTOS/Source/portable/MemMang/heap_4.o
                0x000000000800cd14                vPortFree
 .text.xPortGetFreeHeapSize
                0x000000000800cdc8       0x14 ./Middlewares/Third_Party/FreeRTOS/Source/portable/MemMang/heap_4.o
                0x000000000800cdc8                xPortGetFreeHeapSize
 .text.prvHeapInit
                0x000000000800cddc       0xc4 ./Middlewares/Third_Party/FreeRTOS/Source/portable/MemMang/heap_4.o
 .text.prvInsertBlockIntoFreeList
                0x000000000800cea0       0xb0 ./Middlewares/Third_Party/FreeRTOS/Source/portable/MemMang/heap_4.o
 .text.__errno  0x000000000800cf50        0xc /opt/st/stm32cubeide_1.9.0_2/plugins/com.st.stm32cube.ide.mcu.externaltools.gnu-tools-for-stm32.10.3-2021.10.linux64_1.0.0.202111181127/tools/bin/../lib/gcc/arm-none-eabi/10.3.1/../../../../arm-none-eabi/lib/thumb/v7-m/nofp/libc_nano.a(lib_a-errno.o)
                0x000000000800cf50                __errno
 .text.__libc_init_array
                0x000000000800cf5c       0x48 /opt/st/stm32cubeide_1.9.0_2/plugins/com.st.stm32cube.ide.mcu.externaltools.gnu-tools-for-stm32.10.3-2021.10.linux64_1.0.0.202111181127/tools/bin/../lib/gcc/arm-none-eabi/10.3.1/../../../../arm-none-eabi/lib/thumb/v7-m/nofp/libc_nano.a(lib_a-init.o)
                0x000000000800cf5c                __libc_init_array
 .text.__itoa   0x000000000800cfa4       0x30 /opt/st/stm32cubeide_1.9.0_2/plugins/com.st.stm32cube.ide.mcu.externaltools.gnu-tools-for-stm32.10.3-2021.10.linux64_1.0.0.202111181127/tools/bin/../lib/gcc/arm-none-eabi/10.3.1/../../../../arm-none-eabi/lib/thumb/v7-m/nofp/libc_nano.a(lib_a-itoa.o)
                0x000000000800cfa4                __itoa
 .text.itoa     0x000000000800cfd4        0x4 /opt/st/stm32cubeide_1.9.0_2/plugins/com.st.stm32cube.ide.mcu.externaltools.gnu-tools-for-stm32.10.3-2021.10.linux64_1.0.0.202111181127/tools/bin/../lib/gcc/arm-none-eabi/10.3.1/../../../../arm-none-eabi/lib/thumb/v7-m/nofp/libc_nano.a(lib_a-itoa.o)
                0x000000000800cfd4                itoa
 .text.__retarget_lock_acquire_recursive
                0x000000000800cfd8        0x2 /opt/st/stm32cubeide_1.9.0_2/plugins/com.st.stm32cube.ide.mcu.externaltools.gnu-tools-for-stm32.10.3-2021.10.linux64_1.0.0.202111181127/tools/bin/../lib/gcc/arm-none-eabi/10.3.1/../../../../arm-none-eabi/lib/thumb/v7-m/nofp/libc_nano.a(lib_a-lock.o)
                0x000000000800cfd8                __retarget_lock_acquire_recursive
 .text.__retarget_lock_release_recursive
                0x000000000800cfda        0x2 /opt/st/stm32cubeide_1.9.0_2/plugins/com.st.stm32cube.ide.mcu.externaltools.gnu-tools-for-stm32.10.3-2021.10.linux64_1.0.0.202111181127/tools/bin/../lib/gcc/arm-none-eabi/10.3.1/../../../../arm-none-eabi/lib/thumb/v7-m/nofp/libc_nano.a(lib_a-lock.o)
                0x000000000800cfda                __retarget_lock_release_recursive
 .text.memcpy   0x000000000800cfdc       0x1c /opt/st/stm32cubeide_1.9.0_2/plugins/com.st.stm32cube.ide.mcu.externaltools.gnu-tools-for-stm32.10.3-2021.10.linux64_1.0.0.202111181127/tools/bin/../lib/gcc/arm-none-eabi/10.3.1/../../../../arm-none-eabi/lib/thumb/v7-m/nofp/libc_nano.a(lib_a-memcpy-stub.o)
                0x000000000800cfdc                memcpy
 .text.memset   0x000000000800cff8       0x10 /opt/st/stm32cubeide_1.9.0_2/plugins/com.st.stm32cube.ide.mcu.externaltools.gnu-tools-for-stm32.10.3-2021.10.linux64_1.0.0.202111181127/tools/bin/../lib/gcc/arm-none-eabi/10.3.1/../../../../arm-none-eabi/lib/thumb/v7-m/nofp/libc_nano.a(lib_a-memset.o)
                0x000000000800cff8                memset
 .text.sbrk_aligned
                0x000000000800d008       0x40 /opt/st/stm32cubeide_1.9.0_2/plugins/com.st.stm32cube.ide.mcu.externaltools.gnu-tools-for-stm32.10.3-2021.10.linux64_1.0.0.202111181127/tools/bin/../lib/gcc/arm-none-eabi/10.3.1/../../../../arm-none-eabi/lib/thumb/v7-m/nofp/libc_nano.a(lib_a-nano-mallocr.o)
 .text._malloc_r
                0x000000000800d048       0xe8 /opt/st/stm32cubeide_1.9.0_2/plugins/com.st.stm32cube.ide.mcu.externaltools.gnu-tools-for-stm32.10.3-2021.10.linux64_1.0.0.202111181127/tools/bin/../lib/gcc/arm-none-eabi/10.3.1/../../../../arm-none-eabi/lib/thumb/v7-m/nofp/libc_nano.a(lib_a-nano-mallocr.o)
                0x000000000800d048                _malloc_r
 .text._sbrk_r  0x000000000800d130       0x20 /opt/st/stm32cubeide_1.9.0_2/plugins/com.st.stm32cube.ide.mcu.externaltools.gnu-tools-for-stm32.10.3-2021.10.linux64_1.0.0.202111181127/tools/bin/../lib/gcc/arm-none-eabi/10.3.1/../../../../arm-none-eabi/lib/thumb/v7-m/nofp/libc_nano.a(lib_a-sbrkr.o)
                0x000000000800d130                _sbrk_r
 .text.sprintf  0x000000000800d150       0x40 /opt/st/stm32cubeide_1.9.0_2/plugins/com.st.stm32cube.ide.mcu.externaltools.gnu-tools-for-stm32.10.3-2021.10.linux64_1.0.0.202111181127/tools/bin/../lib/gcc/arm-none-eabi/10.3.1/../../../../arm-none-eabi/lib/thumb/v7-m/nofp/libc_nano.a(lib_a-sprintf.o)
                0x000000000800d150                sprintf
                0x000000000800d150                siprintf
 .text.strcat   0x000000000800d190       0x1e /opt/st/stm32cubeide_1.9.0_2/plugins/com.st.stm32cube.ide.mcu.externaltools.gnu-tools-for-stm32.10.3-2021.10.linux64_1.0.0.202111181127/tools/bin/../lib/gcc/arm-none-eabi/10.3.1/../../../../arm-none-eabi/lib/thumb/v7-m/nofp/libc_nano.a(lib_a-strcat.o)
                0x000000000800d190                strcat
 .text.strcpy   0x000000000800d1ae       0x10 /opt/st/stm32cubeide_1.9.0_2/plugins/com.st.stm32cube.ide.mcu.externaltools.gnu-tools-for-stm32.10.3-2021.10.linux64_1.0.0.202111181127/tools/bin/../lib/gcc/arm-none-eabi/10.3.1/../../../../arm-none-eabi/lib/thumb/v7-m/nofp/libc_nano.a(lib_a-strcpy.o)
                0x000000000800d1ae                strcpy
 .text.strncat  0x000000000800d1be       0x26 /opt/st/stm32cubeide_1.9.0_2/plugins/com.st.stm32cube.ide.mcu.externaltools.gnu-tools-for-stm32.10.3-2021.10.linux64_1.0.0.202111181127/tools/bin/../lib/gcc/arm-none-eabi/10.3.1/../../../../arm-none-eabi/lib/thumb/v7-m/nofp/libc_nano.a(lib_a-strncat.o)
                0x000000000800d1be                strncat
 .text.__utoa   0x000000000800d1e4       0x84 /opt/st/stm32cubeide_1.9.0_2/plugins/com.st.stm32cube.ide.mcu.externaltools.gnu-tools-for-stm32.10.3-2021.10.linux64_1.0.0.202111181127/tools/bin/../lib/gcc/arm-none-eabi/10.3.1/../../../../arm-none-eabi/lib/thumb/v7-m/nofp/libc_nano.a(lib_a-utoa.o)
                0x000000000800d1e4                __utoa
 .text.__malloc_lock
                0x000000000800d268        0xc /opt/st/stm32cubeide_1.9.0_2/plugins/com.st.stm32cube.ide.mcu.externaltools.gnu-tools-for-stm32.10.3-2021.10.linux64_1.0.0.202111181127/tools/bin/../lib/gcc/arm-none-eabi/10.3.1/../../../../arm-none-eabi/lib/thumb/v7-m/nofp/libc_nano.a(lib_a-mlock.o)
                0x000000000800d268                __malloc_lock
 .text.__malloc_unlock
                0x000000000800d274        0xc /opt/st/stm32cubeide_1.9.0_2/plugins/com.st.stm32cube.ide.mcu.externaltools.gnu-tools-for-stm32.10.3-2021.10.linux64_1.0.0.202111181127/tools/bin/../lib/gcc/arm-none-eabi/10.3.1/../../../../arm-none-eabi/lib/thumb/v7-m/nofp/libc_nano.a(lib_a-mlock.o)
                0x000000000800d274                __malloc_unlock
 .text._free_r  0x000000000800d280       0x90 /opt/st/stm32cubeide_1.9.0_2/plugins/com.st.stm32cube.ide.mcu.externaltools.gnu-tools-for-stm32.10.3-2021.10.linux64_1.0.0.202111181127/tools/bin/../lib/gcc/arm-none-eabi/10.3.1/../../../../arm-none-eabi/lib/thumb/v7-m/nofp/libc_nano.a(lib_a-nano-freer.o)
                0x000000000800d280                _free_r
 .text.__ssputs_r
                0x000000000800d310       0xb6 /opt/st/stm32cubeide_1.9.0_2/plugins/com.st.stm32cube.ide.mcu.externaltools.gnu-tools-for-stm32.10.3-2021.10.linux64_1.0.0.202111181127/tools/bin/../lib/gcc/arm-none-eabi/10.3.1/../../../../arm-none-eabi/lib/thumb/v7-m/nofp/libc_nano.a(lib_a-nano-svfprintf.o)
                0x000000000800d310                __ssputs_r
 *fill*         0x000000000800d3c6        0x2 
 .text._svfprintf_r
                0x000000000800d3c8      0x200 /opt/st/stm32cubeide_1.9.0_2/plugins/com.st.stm32cube.ide.mcu.externaltools.gnu-tools-for-stm32.10.3-2021.10.linux64_1.0.0.202111181127/tools/bin/../lib/gcc/arm-none-eabi/10.3.1/../../../../arm-none-eabi/lib/thumb/v7-m/nofp/libc_nano.a(lib_a-nano-svfprintf.o)
                0x000000000800d3c8                _svfprintf_r
                0x000000000800d3c8                _svfiprintf_r
 .text._printf_common
                0x000000000800d5c8       0xde /opt/st/stm32cubeide_1.9.0_2/plugins/com.st.stm32cube.ide.mcu.externaltools.gnu-tools-for-stm32.10.3-2021.10.linux64_1.0.0.202111181127/tools/bin/../lib/gcc/arm-none-eabi/10.3.1/../../../../arm-none-eabi/lib/thumb/v7-m/nofp/libc_nano.a(lib_a-nano-vfprintf_i.o)
                0x000000000800d5c8                _printf_common
 *fill*         0x000000000800d6a6        0x2 
 .text._printf_i
                0x000000000800d6a8      0x24c /opt/st/stm32cubeide_1.9.0_2/plugins/com.st.stm32cube.ide.mcu.externaltools.gnu-tools-for-stm32.10.3-2021.10.linux64_1.0.0.202111181127/tools/bin/../lib/gcc/arm-none-eabi/10.3.1/../../../../arm-none-eabi/lib/thumb/v7-m/nofp/libc_nano.a(lib_a-nano-vfprintf_i.o)
                0x000000000800d6a8                _printf_i
 .text.memchr   0x000000000800d8f4       0x1c /opt/st/stm32cubeide_1.9.0_2/plugins/com.st.stm32cube.ide.mcu.externaltools.gnu-tools-for-stm32.10.3-2021.10.linux64_1.0.0.202111181127/tools/bin/../lib/gcc/arm-none-eabi/10.3.1/../../../../arm-none-eabi/lib/thumb/v7-m/nofp/libc_nano.a(lib_a-memchr-stub.o)
                0x000000000800d8f4                memchr
 .text.memmove  0x000000000800d910       0x34 /opt/st/stm32cubeide_1.9.0_2/plugins/com.st.stm32cube.ide.mcu.externaltools.gnu-tools-for-stm32.10.3-2021.10.linux64_1.0.0.202111181127/tools/bin/../lib/gcc/arm-none-eabi/10.3.1/../../../../arm-none-eabi/lib/thumb/v7-m/nofp/libc_nano.a(lib_a-memmove.o)
                0x000000000800d910                memmove
 .text._realloc_r
                0x000000000800d944       0x5e /opt/st/stm32cubeide_1.9.0_2/plugins/com.st.stm32cube.ide.mcu.externaltools.gnu-tools-for-stm32.10.3-2021.10.linux64_1.0.0.202111181127/tools/bin/../lib/gcc/arm-none-eabi/10.3.1/../../../../arm-none-eabi/lib/thumb/v7-m/nofp/libc_nano.a(lib_a-nano-reallocr.o)
                0x000000000800d944                _realloc_r
 .text._malloc_usable_size_r
                0x000000000800d9a2       0x10 /opt/st/stm32cubeide_1.9.0_2/plugins/com.st.stm32cube.ide.mcu.externaltools.gnu-tools-for-stm32.10.3-2021.10.linux64_1.0.0.202111181127/tools/bin/../lib/gcc/arm-none-eabi/10.3.1/../../../../arm-none-eabi/lib/thumb/v7-m/nofp/libc_nano.a(lib_a-nano-msizer.o)
                0x000000000800d9a2                _malloc_usable_size_r
 *(.glue_7)
 .glue_7        0x000000000800d9b2        0x0 linker stubs
 *(.glue_7t)
 .glue_7t       0x000000000800d9b2        0x0 linker stubs
 *(.eh_frame)
 *fill*         0x000000000800d9b2        0x2 
 .eh_frame      0x000000000800d9b4        0x0 /opt/st/stm32cubeide_1.9.0_2/plugins/com.st.stm32cube.ide.mcu.externaltools.gnu-tools-for-stm32.10.3-2021.10.linux64_1.0.0.202111181127/tools/bin/../lib/gcc/arm-none-eabi/10.3.1/thumb/v7-m/nofp/crtbegin.o
 *(.init)
 .init          0x000000000800d9b4        0x4 /opt/st/stm32cubeide_1.9.0_2/plugins/com.st.stm32cube.ide.mcu.externaltools.gnu-tools-for-stm32.10.3-2021.10.linux64_1.0.0.202111181127/tools/bin/../lib/gcc/arm-none-eabi/10.3.1/thumb/v7-m/nofp/crti.o
                0x000000000800d9b4                _init
 .init          0x000000000800d9b8        0x8 /opt/st/stm32cubeide_1.9.0_2/plugins/com.st.stm32cube.ide.mcu.externaltools.gnu-tools-for-stm32.10.3-2021.10.linux64_1.0.0.202111181127/tools/bin/../lib/gcc/arm-none-eabi/10.3.1/thumb/v7-m/nofp/crtn.o
 *(.fini)
 .fini          0x000000000800d9c0        0x4 /opt/st/stm32cubeide_1.9.0_2/plugins/com.st.stm32cube.ide.mcu.externaltools.gnu-tools-for-stm32.10.3-2021.10.linux64_1.0.0.202111181127/tools/bin/../lib/gcc/arm-none-eabi/10.3.1/thumb/v7-m/nofp/crti.o
                0x000000000800d9c0                _fini
 .fini          0x000000000800d9c4        0x8 /opt/st/stm32cubeide_1.9.0_2/plugins/com.st.stm32cube.ide.mcu.externaltools.gnu-tools-for-stm32.10.3-2021.10.linux64_1.0.0.202111181127/tools/bin/../lib/gcc/arm-none-eabi/10.3.1/thumb/v7-m/nofp/crtn.o
                0x000000000800d9cc                . = ALIGN (0x4)
                0x000000000800d9cc                _etext = .

.vfp11_veneer   0x000000000800d9cc        0x0
 .vfp11_veneer  0x000000000800d9cc        0x0 linker stubs

.v4_bx          0x000000000800d9cc        0x0
 .v4_bx         0x000000000800d9cc        0x0 linker stubs

.iplt           0x000000000800d9cc        0x0
 .iplt          0x000000000800d9cc        0x0 /opt/st/stm32cubeide_1.9.0_2/plugins/com.st.stm32cube.ide.mcu.externaltools.gnu-tools-for-stm32.10.3-2021.10.linux64_1.0.0.202111181127/tools/bin/../lib/gcc/arm-none-eabi/10.3.1/thumb/v7-m/nofp/crtbegin.o

.rodata         0x000000000800d9cc      0x7d8
                0x000000000800d9cc                . = ALIGN (0x4)
 *(.rodata)
 .rodata        0x000000000800d9cc      0x2bf ./Core/Src/main.o
 *fill*         0x000000000800dc8b        0x1 
 .rodata        0x000000000800dc8c       0x10 ./Drivers/STM32F1xx_HAL_Driver/Src/stm32f1xx_hal_rcc.o
 .rodata        0x000000000800dc9c       0x30 ./Middlewares/Third_Party/FreeRTOS/Source/tasks.o
 .rodata        0x000000000800dccc        0xd ./Middlewares/Third_Party/FreeRTOS/Source/timers.o
 *(.rodata*)
 *fill*         0x000000000800dcd9        0x3 
 .rodata.font   0x000000000800dcdc      0x240 ./Core/Src/ILI9341/ILI9341_GFX.o
 .rodata.defaultTask_attributes
                0x000000000800df1c       0x24 ./Core/Src/main.o
                0x000000000800df1c                defaultTask_attributes
 .rodata.RTC_DS3231_Task_attributes
                0x000000000800df40       0x24 ./Core/Src/main.o
                0x000000000800df40                RTC_DS3231_Task_attributes
 .rodata.BPE280_Task_attributes
                0x000000000800df64       0x24 ./Core/Src/main.o
                0x000000000800df64                BPE280_Task_attributes
 .rodata.SET_RTS_TASK_attributes
                0x000000000800df88       0x24 ./Core/Src/main.o
                0x000000000800df88                SET_RTS_TASK_attributes
 .rodata.UART_USB_Task_attributes
                0x000000000800dfac       0x24 ./Core/Src/main.o
                0x000000000800dfac                UART_USB_Task_attributes
 .rodata.LCD_Task_attributes
                0x000000000800dfd0       0x24 ./Core/Src/main.o
                0x000000000800dfd0                LCD_Task_attributes
 .rodata.UARTQueue_attributes
                0x000000000800dff4       0x18 ./Core/Src/main.o
                0x000000000800dff4                UARTQueue_attributes
 .rodata.buttonQueue_attributes
                0x000000000800e00c       0x18 ./Core/Src/main.o
                0x000000000800e00c                buttonQueue_attributes
 .rodata.THPQueue_attributes
                0x000000000800e024       0x18 ./Core/Src/main.o
                0x000000000800e024                THPQueue_attributes
 .rodata.rtc_queue_attributes
                0x000000000800e03c       0x18 ./Core/Src/main.o
                0x000000000800e03c                rtc_queue_attributes
 .rodata.new_rtc_queue_attributes
                0x000000000800e054       0x18 ./Core/Src/main.o
                0x000000000800e054                new_rtc_queue_attributes
 .rodata.QUEUE_RTC_VAL_attributes
                0x000000000800e06c       0x18 ./Core/Src/main.o
                0x000000000800e06c                QUEUE_RTC_VAL_attributes
 .rodata.I2C_Mutex_attributes
                0x000000000800e084       0x10 ./Core/Src/main.o
                0x000000000800e084                I2C_Mutex_attributes
 .rodata.read_data_rts_Mutex_attributes
                0x000000000800e094       0x10 ./Core/Src/main.o
                0x000000000800e094                read_data_rts_Mutex_attributes
 .rodata.LCD_Sem_attributes
                0x000000000800e0a4       0x10 ./Core/Src/main.o
                0x000000000800e0a4                LCD_Sem_attributes
 .rodata.set_rts_val_Sem_attributes
                0x000000000800e0b4       0x10 ./Core/Src/main.o
                0x000000000800e0b4                set_rts_val_Sem_attributes
 .rodata.red_data_fron_rtc_Sem_attributes
                0x000000000800e0c4       0x10 ./Core/Src/main.o
                0x000000000800e0c4                red_data_fron_rtc_Sem_attributes
 .rodata.AHBPrescTable
                0x000000000800e0d4       0x10 ./Core/Src/system_stm32f1xx.o
                0x000000000800e0d4                AHBPrescTable
 .rodata.APBPrescTable
                0x000000000800e0e4        0x8 ./Core/Src/system_stm32f1xx.o
                0x000000000800e0e4                APBPrescTable
 .rodata.__sf_fake_stderr
                0x000000000800e0ec       0x20 /opt/st/stm32cubeide_1.9.0_2/plugins/com.st.stm32cube.ide.mcu.externaltools.gnu-tools-for-stm32.10.3-2021.10.linux64_1.0.0.202111181127/tools/bin/../lib/gcc/arm-none-eabi/10.3.1/../../../../arm-none-eabi/lib/thumb/v7-m/nofp/libc_nano.a(lib_a-findfp.o)
                0x000000000800e0ec                __sf_fake_stderr
 .rodata.__sf_fake_stdin
                0x000000000800e10c       0x20 /opt/st/stm32cubeide_1.9.0_2/plugins/com.st.stm32cube.ide.mcu.externaltools.gnu-tools-for-stm32.10.3-2021.10.linux64_1.0.0.202111181127/tools/bin/../lib/gcc/arm-none-eabi/10.3.1/../../../../arm-none-eabi/lib/thumb/v7-m/nofp/libc_nano.a(lib_a-findfp.o)
                0x000000000800e10c                __sf_fake_stdin
 .rodata.__sf_fake_stdout
                0x000000000800e12c       0x20 /opt/st/stm32cubeide_1.9.0_2/plugins/com.st.stm32cube.ide.mcu.externaltools.gnu-tools-for-stm32.10.3-2021.10.linux64_1.0.0.202111181127/tools/bin/../lib/gcc/arm-none-eabi/10.3.1/../../../../arm-none-eabi/lib/thumb/v7-m/nofp/libc_nano.a(lib_a-findfp.o)
                0x000000000800e12c                __sf_fake_stdout
 .rodata.__utoa.str1.1
                0x000000000800e14c       0x25 /opt/st/stm32cubeide_1.9.0_2/plugins/com.st.stm32cube.ide.mcu.externaltools.gnu-tools-for-stm32.10.3-2021.10.linux64_1.0.0.202111181127/tools/bin/../lib/gcc/arm-none-eabi/10.3.1/../../../../arm-none-eabi/lib/thumb/v7-m/nofp/libc_nano.a(lib_a-utoa.o)
 .rodata._svfprintf_r.str1.1
                0x000000000800e171       0x11 /opt/st/stm32cubeide_1.9.0_2/plugins/com.st.stm32cube.ide.mcu.externaltools.gnu-tools-for-stm32.10.3-2021.10.linux64_1.0.0.202111181127/tools/bin/../lib/gcc/arm-none-eabi/10.3.1/../../../../arm-none-eabi/lib/thumb/v7-m/nofp/libc_nano.a(lib_a-nano-svfprintf.o)
 .rodata._printf_i.str1.1
                0x000000000800e182       0x22 /opt/st/stm32cubeide_1.9.0_2/plugins/com.st.stm32cube.ide.mcu.externaltools.gnu-tools-for-stm32.10.3-2021.10.linux64_1.0.0.202111181127/tools/bin/../lib/gcc/arm-none-eabi/10.3.1/../../../../arm-none-eabi/lib/thumb/v7-m/nofp/libc_nano.a(lib_a-nano-vfprintf_i.o)
                0x000000000800e1a4                . = ALIGN (0x4)

.ARM.extab      0x000000000800e1a4        0x0
                0x000000000800e1a4                . = ALIGN (0x4)
 *(.ARM.extab* .gnu.linkonce.armextab.*)
                0x000000000800e1a4                . = ALIGN (0x4)

.ARM            0x000000000800e1a4        0x8
                0x000000000800e1a4                . = ALIGN (0x4)
                0x000000000800e1a4                __exidx_start = .
 *(.ARM.exidx*)
 .ARM.exidx     0x000000000800e1a4        0x8 /opt/st/stm32cubeide_1.9.0_2/plugins/com.st.stm32cube.ide.mcu.externaltools.gnu-tools-for-stm32.10.3-2021.10.linux64_1.0.0.202111181127/tools/bin/../lib/gcc/arm-none-eabi/10.3.1/thumb/v7-m/nofp/libgcc.a(_udivmoddi4.o)
                0x000000000800e1ac                __exidx_end = .
                0x000000000800e1ac                . = ALIGN (0x4)

.rel.dyn        0x000000000800e1ac        0x0
 .rel.iplt      0x000000000800e1ac        0x0 /opt/st/stm32cubeide_1.9.0_2/plugins/com.st.stm32cube.ide.mcu.externaltools.gnu-tools-for-stm32.10.3-2021.10.linux64_1.0.0.202111181127/tools/bin/../lib/gcc/arm-none-eabi/10.3.1/thumb/v7-m/nofp/crtbegin.o

.preinit_array  0x000000000800e1ac        0x0
                0x000000000800e1ac                . = ALIGN (0x4)
                0x000000000800e1ac                PROVIDE (__preinit_array_start = .)
 *(.preinit_array*)
                0x000000000800e1ac                PROVIDE (__preinit_array_end = .)
                0x000000000800e1ac                . = ALIGN (0x4)

.init_array     0x000000000800e1ac        0x4
                0x000000000800e1ac                . = ALIGN (0x4)
                0x000000000800e1ac                PROVIDE (__init_array_start = .)
 *(SORT_BY_NAME(.init_array.*))
 *(.init_array*)
 .init_array    0x000000000800e1ac        0x4 /opt/st/stm32cubeide_1.9.0_2/plugins/com.st.stm32cube.ide.mcu.externaltools.gnu-tools-for-stm32.10.3-2021.10.linux64_1.0.0.202111181127/tools/bin/../lib/gcc/arm-none-eabi/10.3.1/thumb/v7-m/nofp/crtbegin.o
                0x000000000800e1b0                PROVIDE (__init_array_end = .)
                0x000000000800e1b0                . = ALIGN (0x4)

.fini_array     0x000000000800e1b0        0x4
                0x000000000800e1b0                . = ALIGN (0x4)
                [!provide]                        PROVIDE (__fini_array_start = .)
 *(SORT_BY_NAME(.fini_array.*))
 *(.fini_array*)
 .fini_array    0x000000000800e1b0        0x4 /opt/st/stm32cubeide_1.9.0_2/plugins/com.st.stm32cube.ide.mcu.externaltools.gnu-tools-for-stm32.10.3-2021.10.linux64_1.0.0.202111181127/tools/bin/../lib/gcc/arm-none-eabi/10.3.1/thumb/v7-m/nofp/crtbegin.o
                [!provide]                        PROVIDE (__fini_array_end = .)
                0x000000000800e1b4                . = ALIGN (0x4)
                0x000000000800e1b4                _sidata = LOADADDR (.data)

.data           0x0000000020000000       0x84 load address 0x000000000800e1b4
                0x0000000020000000                . = ALIGN (0x4)
                0x0000000020000000                _sdata = .
 *(.data)
 *(.data*)
 .data.LCD_HEIGHT
                0x0000000020000000        0x2 ./Core/Src/ILI9341/ILI9341_STM32_Driver.o
                0x0000000020000000                LCD_HEIGHT
 .data.LCD_WIDTH
                0x0000000020000002        0x2 ./Core/Src/ILI9341/ILI9341_STM32_Driver.o
                0x0000000020000002                LCD_WIDTH
 .data.print_first_time_on_lcd_flag
                0x0000000020000004        0x1 ./Core/Src/main.o
                0x0000000020000004                print_first_time_on_lcd_flag
 .data.state    0x0000000020000005        0x1 ./Core/Src/main.o
                0x0000000020000005                state
 .data.setet_type.7
                0x0000000020000006        0x1 ./Core/Src/main.o
 .data.yaer.6   0x0000000020000007        0x1 ./Core/Src/main.o
 .data.month.5  0x0000000020000008        0x1 ./Core/Src/main.o
 .data.date.4   0x0000000020000009        0x1 ./Core/Src/main.o
 .data.day_of_week.3
                0x000000002000000a        0x1 ./Core/Src/main.o
 .data.hour.2   0x000000002000000b        0x1 ./Core/Src/main.o
 .data.minute.1
                0x000000002000000c        0x1 ./Core/Src/main.o
 .data.second.0
                0x000000002000000d        0x1 ./Core/Src/main.o
 *fill*         0x000000002000000e        0x2 
 .data.SystemCoreClock
                0x0000000020000010        0x4 ./Core/Src/system_stm32f1xx.o
                0x0000000020000010                SystemCoreClock
 .data.uwTickPrio
                0x0000000020000014        0x4 ./Drivers/STM32F1xx_HAL_Driver/Src/stm32f1xx_hal.o
                0x0000000020000014                uwTickPrio
 .data.uwTickFreq
                0x0000000020000018        0x1 ./Drivers/STM32F1xx_HAL_Driver/Src/stm32f1xx_hal.o
                0x0000000020000018                uwTickFreq
 *fill*         0x0000000020000019        0x3 
 .data.uxCriticalNesting
                0x000000002000001c        0x4 ./Middlewares/Third_Party/FreeRTOS/Source/portable/GCC/ARM_CM3/port.o
 .data._impure_ptr
                0x0000000020000020        0x4 /opt/st/stm32cubeide_1.9.0_2/plugins/com.st.stm32cube.ide.mcu.externaltools.gnu-tools-for-stm32.10.3-2021.10.linux64_1.0.0.202111181127/tools/bin/../lib/gcc/arm-none-eabi/10.3.1/../../../../arm-none-eabi/lib/thumb/v7-m/nofp/libc_nano.a(lib_a-impure.o)
                0x0000000020000020                _impure_ptr
 .data.impure_data
                0x0000000020000024       0x60 /opt/st/stm32cubeide_1.9.0_2/plugins/com.st.stm32cube.ide.mcu.externaltools.gnu-tools-for-stm32.10.3-2021.10.linux64_1.0.0.202111181127/tools/bin/../lib/gcc/arm-none-eabi/10.3.1/../../../../arm-none-eabi/lib/thumb/v7-m/nofp/libc_nano.a(lib_a-impure.o)
 *(.RamFunc)
 *(.RamFunc*)
                0x0000000020000084                . = ALIGN (0x4)
                0x0000000020000084                _edata = .

.igot.plt       0x0000000020000084        0x0 load address 0x000000000800e238
 .igot.plt      0x0000000020000084        0x0 /opt/st/stm32cubeide_1.9.0_2/plugins/com.st.stm32cube.ide.mcu.externaltools.gnu-tools-for-stm32.10.3-2021.10.linux64_1.0.0.202111181127/tools/bin/../lib/gcc/arm-none-eabi/10.3.1/thumb/v7-m/nofp/crtbegin.o
                0x0000000020000084                . = ALIGN (0x4)

.bss            0x0000000020000084     0x3cac load address 0x000000000800e238
                0x0000000020000084                _sbss = .
                0x0000000020000084                __bss_start__ = _sbss
 *(.bss)
 .bss           0x0000000020000084       0x1c /opt/st/stm32cubeide_1.9.0_2/plugins/com.st.stm32cube.ide.mcu.externaltools.gnu-tools-for-stm32.10.3-2021.10.linux64_1.0.0.202111181127/tools/bin/../lib/gcc/arm-none-eabi/10.3.1/thumb/v7-m/nofp/crtbegin.o
 *(.bss*)
 .bss.i2c       0x00000000200000a0        0x4 ./Core/Src/ds3231/ds3231.o
                0x00000000200000a0                i2c
 .bss.ulHighFreqebcyTimerTicks
                0x00000000200000a4        0x4 ./Core/Src/main.o
                0x00000000200000a4                ulHighFreqebcyTimerTicks
 .bss.str_management_memory_str
                0x00000000200000a8      0x1f4 ./Core/Src/main.o
                0x00000000200000a8                str_management_memory_str
 .bss.freemem   0x000000002000029c        0x4 ./Core/Src/main.o
                0x000000002000029c                freemem
 .bss.hi2c1     0x00000000200002a0       0x54 ./Core/Src/main.o
                0x00000000200002a0                hi2c1
 .bss.hspi1     0x00000000200002f4       0x58 ./Core/Src/main.o
                0x00000000200002f4                hspi1
 .bss.htim2     0x000000002000034c       0x48 ./Core/Src/main.o
                0x000000002000034c                htim2
 .bss.htim3     0x0000000020000394       0x48 ./Core/Src/main.o
                0x0000000020000394                htim3
 .bss.huart1    0x00000000200003dc       0x44 ./Core/Src/main.o
                0x00000000200003dc                huart1
 .bss.defaultTaskHandle
                0x0000000020000420        0x4 ./Core/Src/main.o
                0x0000000020000420                defaultTaskHandle
 .bss.RTC_DS3231_TaskHandle
                0x0000000020000424        0x4 ./Core/Src/main.o
                0x0000000020000424                RTC_DS3231_TaskHandle
 .bss.BPE280_TaskHandle
                0x0000000020000428        0x4 ./Core/Src/main.o
                0x0000000020000428                BPE280_TaskHandle
 .bss.SET_RTS_TASKHandle
                0x000000002000042c        0x4 ./Core/Src/main.o
                0x000000002000042c                SET_RTS_TASKHandle
 .bss.UART_USB_TaskHandle
                0x0000000020000430        0x4 ./Core/Src/main.o
                0x0000000020000430                UART_USB_TaskHandle
 .bss.LCD_TaskHandle
                0x0000000020000434        0x4 ./Core/Src/main.o
                0x0000000020000434                LCD_TaskHandle
 .bss.UARTQueueHandle
                0x0000000020000438        0x4 ./Core/Src/main.o
                0x0000000020000438                UARTQueueHandle
 .bss.UARTQueueBuffer
                0x000000002000043c      0x264 ./Core/Src/main.o
                0x000000002000043c                UARTQueueBuffer
 .bss.UARTQueueControlBlock
                0x00000000200006a0       0x50 ./Core/Src/main.o
                0x00000000200006a0                UARTQueueControlBlock
 .bss.buttonQueueHandle
                0x00000000200006f0        0x4 ./Core/Src/main.o
                0x00000000200006f0                buttonQueueHandle
 .bss.THPQueueHandle
                0x00000000200006f4        0x4 ./Core/Src/main.o
                0x00000000200006f4                THPQueueHandle
 .bss.THPQueueBuffer
                0x00000000200006f8       0x18 ./Core/Src/main.o
                0x00000000200006f8                THPQueueBuffer
 .bss.THPQueueControlBlock
                0x0000000020000710       0x50 ./Core/Src/main.o
                0x0000000020000710                THPQueueControlBlock
 .bss.rtc_queueHandle
                0x0000000020000760        0x4 ./Core/Src/main.o
                0x0000000020000760                rtc_queueHandle
 .bss.rtc_queueBuffer
                0x0000000020000764        0x7 ./Core/Src/main.o
                0x0000000020000764                rtc_queueBuffer
 *fill*         0x000000002000076b        0x1 
 .bss.rtc_queueControlBlock
                0x000000002000076c       0x50 ./Core/Src/main.o
                0x000000002000076c                rtc_queueControlBlock
 .bss.new_rtc_queueHandle
                0x00000000200007bc        0x4 ./Core/Src/main.o
                0x00000000200007bc                new_rtc_queueHandle
 .bss.new_rtc_queueBuffer
                0x00000000200007c0        0xe ./Core/Src/main.o
                0x00000000200007c0                new_rtc_queueBuffer
 *fill*         0x00000000200007ce        0x2 
 .bss.new_rtc_queueControlBlock
                0x00000000200007d0       0x50 ./Core/Src/main.o
                0x00000000200007d0                new_rtc_queueControlBlock
 .bss.QUEUE_RTC_VALHandle
                0x0000000020000820        0x4 ./Core/Src/main.o
                0x0000000020000820                QUEUE_RTC_VALHandle
 .bss.nev_val_queueBuffer
                0x0000000020000824       0x30 ./Core/Src/main.o
                0x0000000020000824                nev_val_queueBuffer
 .bss.nev_val_queueControlBlock
                0x0000000020000854       0x50 ./Core/Src/main.o
                0x0000000020000854                nev_val_queueControlBlock
 .bss.I2C_MutexHandle
                0x00000000200008a4        0x4 ./Core/Src/main.o
                0x00000000200008a4                I2C_MutexHandle
 .bss.read_data_rts_MutexHandle
                0x00000000200008a8        0x4 ./Core/Src/main.o
                0x00000000200008a8                read_data_rts_MutexHandle
 .bss.LCD_SemHandle
                0x00000000200008ac        0x4 ./Core/Src/main.o
                0x00000000200008ac                LCD_SemHandle
 .bss.set_rts_val_SemHandle
                0x00000000200008b0        0x4 ./Core/Src/main.o
                0x00000000200008b0                set_rts_val_SemHandle
 .bss.red_data_fron_rtc_SemHandle
                0x00000000200008b4        0x4 ./Core/Src/main.o
                0x00000000200008b4                red_data_fron_rtc_SemHandle
 .bss.QUEUE_RTC_t
                0x00000000200008b8        0x7 ./Core/Src/main.o
                0x00000000200008b8                QUEUE_RTC_t
 *fill*         0x00000000200008bf        0x1 
 .bss.QUEUE_BME280_t
                0x00000000200008c0        0xc ./Core/Src/main.o
                0x00000000200008c0                QUEUE_BME280_t
 .bss.QUEUE_NEW_RTC_t
                0x00000000200008cc        0x7 ./Core/Src/main.o
                0x00000000200008cc                QUEUE_NEW_RTC_t
 *fill*         0x00000000200008d3        0x1 
 .bss.QUEUE_RTC_VAL_t
                0x00000000200008d4       0x18 ./Core/Src/main.o
                0x00000000200008d4                QUEUE_RTC_VAL_t
 .bss.htim4     0x00000000200008ec       0x48 ./Core/Src/stm32f1xx_hal_timebase_tim.o
                0x00000000200008ec                htim4
 .bss.__sbrk_heap_end
                0x0000000020000934        0x4 ./Core/Src/sysmem.o
 .bss.uwTick    0x0000000020000938        0x4 ./Drivers/STM32F1xx_HAL_Driver/Src/stm32f1xx_hal.o
                0x0000000020000938                uwTick
 .bss.KernelState
                0x000000002000093c        0x4 ./Middlewares/Third_Party/FreeRTOS/Source/CMSIS_RTOS_V2/cmsis_os2.o
 .bss.Idle_TCB  0x0000000020000940       0xc0 ./Middlewares/Third_Party/FreeRTOS/Source/CMSIS_RTOS_V2/cmsis_os2.o
 .bss.Idle_Stack
                0x0000000020000a00      0x200 ./Middlewares/Third_Party/FreeRTOS/Source/CMSIS_RTOS_V2/cmsis_os2.o
 .bss.Timer_TCB
                0x0000000020000c00       0xc0 ./Middlewares/Third_Party/FreeRTOS/Source/CMSIS_RTOS_V2/cmsis_os2.o
 .bss.Timer_Stack
                0x0000000020000cc0      0x400 ./Middlewares/Third_Party/FreeRTOS/Source/CMSIS_RTOS_V2/cmsis_os2.o
 .bss.xQueueRegistry
                0x00000000200010c0       0x40 ./Middlewares/Third_Party/FreeRTOS/Source/queue.o
                0x00000000200010c0                xQueueRegistry
 .bss.pxCurrentTCB
                0x0000000020001100        0x4 ./Middlewares/Third_Party/FreeRTOS/Source/tasks.o
                0x0000000020001100                pxCurrentTCB
 .bss.pxReadyTasksLists
                0x0000000020001104      0x460 ./Middlewares/Third_Party/FreeRTOS/Source/tasks.o
 .bss.xDelayedTaskList1
                0x0000000020001564       0x14 ./Middlewares/Third_Party/FreeRTOS/Source/tasks.o
 .bss.xDelayedTaskList2
                0x0000000020001578       0x14 ./Middlewares/Third_Party/FreeRTOS/Source/tasks.o
 .bss.pxDelayedTaskList
                0x000000002000158c        0x4 ./Middlewares/Third_Party/FreeRTOS/Source/tasks.o
 .bss.pxOverflowDelayedTaskList
                0x0000000020001590        0x4 ./Middlewares/Third_Party/FreeRTOS/Source/tasks.o
 .bss.xPendingReadyList