../Core/Src/ILI9341/spi_ili9341.c:43:6:TFT9341_FontsIni	4	static
../Core/Src/ILI9341/spi_ili9341.c:60:6:TFT9341_SendData	16	static
../Core/Src/ILI9341/spi_ili9341.c:66:6:TFT9341_SendCommand	16	static
../Core/Src/ILI9341/spi_ili9341.c:72:6:TFT9341_reset	8	static
../Core/Src/ILI9341/spi_ili9341.c:80:6:TFT9341_ini	32	static
../Core/Src/ILI9341/spi_ili9341.c:223:13:TFT9341_WriteData	24	static
../Core/Src/ILI9341/spi_ili9341.c:235:13:TFT9341_SetAddrWindow	32	static
../Core/Src/ILI9341/spi_ili9341.c:255:6:TFT9341_FillRect	48	static
../Core/Src/ILI9341/spi_ili9341.c:307:6:TFT9341_FillScreen	24	static
../Core/Src/ILI9341/spi_ili9341.c:329:10:TFT9341_RandColor	4	static
../Core/Src/ILI9341/spi_ili9341.c:334:6:TFT9341_DrawPixel	24	static
../Core/Src/ILI9341/spi_ili9341.c:343:6:TFT9341_DrawLine	56	static
../Core/Src/ILI9341/spi_ili9341.c:376:6:TFT9341_DrawCircle	48	static
../Core/Src/ILI9341/spi_ili9341.c:409:6:TFT9341_SetTextColor	16	static
../Core/Src/ILI9341/spi_ili9341.c:414:6:TFT9341_SetBackColor	16	static
../Core/Src/ILI9341/spi_ili9341.c:419:6:TFT9341_SetFont	16	static
../Core/Src/ILI9341/spi_ili9341.c:424:6:TFT9341_DrawChar	48	static
../Core/Src/ILI9341/spi_ili9341.c:468:6:TFT9341_DrawChar_DMA	56	static
../Core/Src/ILI9341/spi_ili9341.c:528:6:TFT9341_String	16	static
../Core/Src/ILI9341/spi_ili9341.c:538:6:TFT9341_String_DMA	16	static
../Core/Src/ILI9341/spi_ili9341.c:548:6:TFT9341_SetRotation	16	static
