../Core/Src/main.c:247:1:HAL_GPIO_EXTI_Callback	32	static
../Core/Src/main.c:326:5:main	8	static
../Core/Src/main.c:481:6:SystemClock_Config	72	static
../Core/Src/main.c:521:13:MX_I2C1_Init	8	static
../Core/Src/main.c:555:13:MX_SPI1_Init	8	static
../Core/Src/main.c:593:13:MX_TIM2_Init	32	static
../Core/Src/main.c:638:13:MX_USART1_UART_Init	8	static
../Core/Src/main.c:671:13:MX_GPIO_Init	40	static
../Core/Src/main.c:743:6:StartDefaultTask	32	static
../Core/Src/main.c:775:6:start_RTC_DS3231_Task	40	static
../Core/Src/main.c:842:6:start_BPE280_Task	104	static
../Core/Src/main.c:907:6:start_SET_RTS_TASK	72	static
../Core/Src/main.c:1223:6:start_UART_USB_Task	1152	static
../Core/Src/main.c:1300:6:start_LCD_Task	248	static
../Core/Src/main.c:1666:6:HAL_TIM_PeriodElapsedCallback	16	static
../Core/Src/main.c:1689:6:Error_Handler	4	static,ignoring_inline_asm
