../Core/Src/main.c:269:1:HAL_GPIO_EXTI_Callback	16	static,ignoring_inline_asm
../Core/Src/main.c:325:5:main	8	static
../Core/Src/main.c:465:6:SystemClock_Config	72	static
../Core/Src/main.c:505:13:MX_I2C1_Init	8	static
../Core/Src/main.c:539:13:MX_SPI1_Init	8	static
../Core/Src/main.c:577:13:MX_TIM2_Init	32	static
../Core/Src/main.c:622:13:MX_TIM3_Init	32	static
../Core/Src/main.c:667:13:MX_USART1_UART_Init	8	static
../Core/Src/main.c:700:13:MX_GPIO_Init	40	static
../Core/Src/main.c:781:6:StartDefaultTask	16	static
../Core/Src/main.c:800:6:start_RTC_DS3231_Task	32	static
../Core/Src/main.c:889:6:start_BPE280_Task	88	static
../Core/Src/main.c:954:6:start_SET_RTS_TASK	32	static
../Core/Src/main.c:1272:6:start_UART_USB_Task	16	static
../Core/Src/main.c:1355:6:start_LCD_Task	200	static
../Core/Src/main.c:1698:6:HAL_TIM_PeriodElapsedCallback	32	static
../Core/Src/main.c:1788:6:Error_Handler	4	static,ignoring_inline_asm
